Updating https://github.com/apple/swift-certificates.git
Updating https://github.com/apple/swift-nio-transport-services.git
Updating https://github.com/apple/swift-collections.git
Updating https://github.com/apple/swift-numerics.git
Updating https://github.com/apple/swift-nio-ssl.git
Updating https://github.com/apple/swift-algorithms.git
Updating https://github.com/apple/swift-async-algorithms.git
Updated https://github.com/apple/swift-numerics.git (0.74s)
Updating https://github.com/grpc/grpc-swift.git
Updated https://github.com/apple/swift-algorithms.git (0.82s)
Updating https://github.com/swift-server/swift-service-lifecycle.git
Updated https://github.com/apple/swift-async-algorithms.git (0.85s)
Updating https://github.com/apple/swift-http-types.git
Updated https://github.com/apple/swift-collections.git (0.89s)
Updating https://github.com/apple/swift-log.git
Updated https://github.com/apple/swift-certificates.git (1.03s)
Updating https://github.com/apple/swift-protobuf.git
Updated https://github.com/apple/swift-nio-ssl.git (1.08s)
Updating https://github.com/apple/swift-nio-http2.git
Updated https://github.com/apple/swift-http-types.git (0.45s)
Updating https://github.com/apple/swift-system.git
Updated https://github.com/apple/swift-nio-transport-services.git (1.49s)
Updating https://github.com/apple/swift-nio.git
Updated https://github.com/grpc/grpc-swift.git (0.75s)
Updating https://github.com/apple/swift-atomics.git
Updated https://github.com/swift-server/swift-service-lifecycle.git (0.73s)
Updating https://github.com/apple/swift-crypto.git
Updated https://github.com/apple/swift-nio-http2.git (0.56s)
Updating https://github.com/apple/swift-http-structured-headers.git
Updated https://github.com/apple/swift-log.git (0.93s)
Updating https://github.com/apple/swift-nio-extras.git
Updated https://github.com/apple/swift-atomics.git (0.63s)
Updating https://github.com/apple/swift-asn1.git
Updated https://github.com/apple/swift-http-structured-headers.git (0.51s)
Updating https://github.com/mattt/eventsource.git
Updated https://github.com/apple/swift-system.git (0.87s)
Updated https://github.com/apple/swift-crypto.git (0.68s)
Updated https://github.com/apple/swift-protobuf.git (1.26s)
Updated https://github.com/mattt/eventsource.git (0.42s)
Updated https://github.com/apple/swift-nio-extras.git (0.78s)
Updated https://github.com/apple/swift-nio.git (1.33s)
Computing version for https://github.com/apple/swift-log.git
Updated https://github.com/apple/swift-asn1.git (0.68s)
Computed https://github.com/apple/swift-log.git at 1.15.1 (3.05s)
Computing version for https://github.com/apple/swift-system.git
Computed https://github.com/apple/swift-system.git at 1.8.1 (0.23s)
Computing version for https://github.com/apple/swift-crypto.git
Computed https://github.com/apple/swift-crypto.git at 4.5.2 (0.72s)
Computing version for https://github.com/apple/swift-nio.git
Computed https://github.com/apple/swift-nio.git at 2.103.0 (0.35s)
Computing version for https://github.com/apple/swift-protobuf.git
Computed https://github.com/apple/swift-protobuf.git at 1.38.1 (0.18s)
Computing version for https://github.com/grpc/grpc-swift.git
Computed https://github.com/grpc/grpc-swift.git at 1.26.2 (0.27s)
Computing version for https://github.com/apple/swift-asn1.git
Computed https://github.com/apple/swift-asn1.git at 1.7.3 (0.18s)
Computing version for https://github.com/apple/swift-collections.git
Computed https://github.com/apple/swift-collections.git at 1.7.1 (0.23s)
Computing version for https://github.com/apple/swift-atomics.git
Computed https://github.com/apple/swift-atomics.git at 1.3.1 (0.14s)
Computing version for https://github.com/apple/swift-nio-ssl.git
Computed https://github.com/apple/swift-nio-ssl.git at 2.37.5 (0.19s)
Computing version for https://github.com/apple/swift-nio-extras.git
Computed https://github.com/apple/swift-nio-extras.git at 1.35.1 (0.28s)
Computing version for https://github.com/apple/swift-nio-transport-services.git
Computed https://github.com/apple/swift-nio-transport-services.git at 1.28.0 (0.17s)
Computing version for https://github.com/apple/swift-nio-http2.git
Computed https://github.com/apple/swift-nio-http2.git at 1.46.0 (0.17s)
Computing version for https://github.com/apple/swift-async-algorithms.git
Computed https://github.com/apple/swift-async-algorithms.git at 1.1.7 (0.21s)
Computing version for https://github.com/swift-server/swift-service-lifecycle.git
Computed https://github.com/swift-server/swift-service-lifecycle.git at 2.12.1 (0.15s)
Computing version for https://github.com/apple/swift-certificates.git
Computed https://github.com/apple/swift-certificates.git at 1.21.0 (0.27s)
Computing version for https://github.com/apple/swift-algorithms.git
Computed https://github.com/apple/swift-algorithms.git at 1.2.1 (0.33s)
Computing version for https://github.com/apple/swift-http-structured-headers.git
Computed https://github.com/apple/swift-http-structured-headers.git at 1.7.0 (0.19s)
Computing version for https://github.com/apple/swift-http-types.git
Computed https://github.com/apple/swift-http-types.git at 1.8.0 (0.24s)
Computing version for https://github.com/apple/swift-numerics.git
Computed https://github.com/apple/swift-numerics.git at 1.1.1 (0.17s)
Computing version for https://github.com/mattt/eventsource.git
Computed https://github.com/mattt/eventsource.git at 1.5.1 (0.17s)
warning: 'workspace': found 3 file(s) which are unhandled; explicitly declare them as resources or exclude from the target
    /workspace/Tests/RightClickCoreTests/Fixtures/MOAT005G3IssuesCreateRequest.json
    /workspace/Tests/RightClickCoreTests/Fixtures/MOAT005G4IssuesCreateRealResponse.json
    /workspace/Tests/RightClickCoreTests/Fixtures/WindowsActualAcknowledgementDeclaration.json
[0/1] Planning build
[1/1] Compiling plugin SwiftProtobufPlugin
[2/2] Compiling plugin GRPCSwiftPlugin
Building for debugging...
[2/875] Write sources
[9/875] Write swift-version-24593BA9C3E375BF.txt
[10/875] Write sources
[11/875] Compiling _AtomicsShims.c
[12/875] Compiling RightClickHostFiles HostFiles.c
[14/880] Compiling _NIODataStructures PriorityQueue.swift
<unknown>:0: error: PCH was compiled with module cache path '/work/.build/linux-native/aarch64-unknown-linux-gnu/debug/ModuleCache/WQ1P7MES23YA', but the path is currently '/workspace/.build/linux-native/aarch64-unknown-linux-gnu/debug/ModuleCache/WQ1P7MES23YA'
<unknown>:0: error: missing required module 'SwiftShims'
error: emit-module command failed with exit code 1 (use -v to see invocation)
[15/881] Emitting module _NIODataStructures
<unknown>:0: error: PCH was compiled with module cache path '/work/.build/linux-native/aarch64-unknown-linux-gnu/debug/ModuleCache/WQ1P7MES23YA', but the path is currently '/workspace/.build/linux-native/aarch64-unknown-linux-gnu/debug/ModuleCache/WQ1P7MES23YA'
<unknown>:0: error: missing required module 'SwiftShims'
error: emit-module command failed with exit code 1 (use -v to see invocation)
[16/881] Emitting module _NIOBase64
<unknown>:0: error: PCH was compiled with module cache path '/work/.build/linux-native/aarch64-unknown-linux-gnu/debug/ModuleCache/WQ1P7MES23YA', but the path is currently '/workspace/.build/linux-native/aarch64-unknown-linux-gnu/debug/ModuleCache/WQ1P7MES23YA'
<unknown>:0: error: missing required module 'SwiftShims'
[17/881] Compiling _NIODataStructures Heap.swift
<unknown>:0: error: PCH was compiled with module cache path '/work/.build/linux-native/aarch64-unknown-linux-gnu/debug/ModuleCache/WQ1P7MES23YA', but the path is currently '/workspace/.build/linux-native/aarch64-unknown-linux-gnu/debug/ModuleCache/WQ1P7MES23YA'
<unknown>:0: error: missing required module 'SwiftShims'
[18/881] Compiling _NIOBase64 Base64.swift
<unknown>:0: error: PCH was compiled with module cache path '/work/.build/linux-native/aarch64-unknown-linux-gnu/debug/ModuleCache/WQ1P7MES23YA', but the path is currently '/workspace/.build/linux-native/aarch64-unknown-linux-gnu/debug/ModuleCache/WQ1P7MES23YA'
<unknown>:0: error: missing required module 'SwiftShims'
error: fatalError
