warning: 'work': found 3 file(s) which are unhandled; explicitly declare them as resources or exclude from the target
    /work/Tests/RightClickCoreTests/Fixtures/WindowsActualAcknowledgementDeclaration.json
    /work/Tests/RightClickCoreTests/Fixtures/MOAT005G3IssuesCreateRequest.json
    /work/Tests/RightClickCoreTests/Fixtures/MOAT005G4IssuesCreateRealResponse.json
[0/1] Planning build
[1/1] Compiling plugin SwiftProtobufPlugin
[2/2] Compiling plugin GRPCSwiftPlugin
Building for debugging...
[2/8] Write sources
[3/8] Write swift-version-24593BA9C3E375BF.txt
[5/55] Emitting module SwiftProtobuf
[6/78] Compiling SwiftProtobuf Google_Protobuf_Any+Extensions.swift
[7/78] Compiling SwiftProtobuf Google_Protobuf_Any+Registry.swift
[8/78] Compiling SwiftProtobuf Google_Protobuf_Duration+Extensions.swift
[9/78] Compiling SwiftProtobuf Google_Protobuf_FieldMask+Extensions.swift
[10/78] Compiling SwiftProtobuf Google_Protobuf_ListValue+Extensions.swift
[11/78] Compiling SwiftProtobuf Google_Protobuf_NullValue+Extensions.swift
[12/78] Compiling SwiftProtobuf Google_Protobuf_Struct+Extensions.swift
[13/78] Compiling SwiftProtobuf Google_Protobuf_Timestamp+Extensions.swift
[14/78] Compiling SwiftProtobuf Google_Protobuf_Value+Extensions.swift
[15/78] Compiling SwiftProtobuf Google_Protobuf_Wrappers+Extensions.swift
[16/78] Compiling SwiftProtobuf HashVisitor.swift
[17/78] Compiling SwiftProtobuf Internal.swift
[18/78] Compiling SwiftProtobuf JSONDecoder.swift
[19/78] Compiling SwiftProtobuf JSONDecodingError.swift
[20/78] Compiling SwiftProtobuf JSONDecodingOptions.swift
[21/78] Compiling SwiftProtobuf JSONEncoder.swift
[22/78] Compiling SwiftProtobuf JSONEncodingError.swift
[23/78] Compiling SwiftProtobuf JSONEncodingOptions.swift
[24/78] Compiling SwiftProtobuf JSONEncodingVisitor.swift
[25/78] Compiling SwiftProtobuf JSONMapEncodingVisitor.swift
[26/78] Compiling SwiftProtobuf JSONScanner.swift
[27/78] Compiling SwiftProtobuf MathUtils.swift
[28/78] Compiling SwiftProtobuf Message+AnyAdditions.swift
[29/78] Compiling SwiftProtobuf Message+BinaryAdditions.swift
[30/101] Compiling SwiftProtobuf Message+BinaryAdditions_Data.swift
[31/101] Compiling SwiftProtobuf Message+FieldMask.swift
[32/101] Compiling SwiftProtobuf Message+JSONAdditions.swift
[33/101] Compiling SwiftProtobuf Message+JSONAdditions_Data.swift
[34/101] Compiling SwiftProtobuf Message+JSONArrayAdditions.swift
[35/101] Compiling SwiftProtobuf Message+JSONArrayAdditions_Data.swift
[36/101] Compiling SwiftProtobuf Message+TextFormatAdditions.swift
[37/101] Compiling SwiftProtobuf Message.swift
[38/101] Compiling SwiftProtobuf MessageExtension.swift
[39/101] Compiling SwiftProtobuf NameMap.swift
[40/101] Compiling SwiftProtobuf PathDecoder.swift
[41/101] Compiling SwiftProtobuf PathVisitor.swift
[42/101] Compiling SwiftProtobuf ProtoNameProviding.swift
[43/101] Compiling SwiftProtobuf ProtobufAPIVersionCheck.swift
[44/101] Compiling SwiftProtobuf ProtobufMap.swift
[45/101] Compiling SwiftProtobuf SelectiveVisitor.swift
[46/101] Compiling SwiftProtobuf SimpleExtensionMap.swift
[47/101] Compiling SwiftProtobuf StringUtils.swift
[48/101] Compiling SwiftProtobuf SwiftProtobufContiguousBytes.swift
[49/101] Compiling SwiftProtobuf SwiftProtobufError.swift
[50/101] Compiling SwiftProtobuf TextFormatDecoder.swift
[51/101] Compiling SwiftProtobuf TextFormatDecodingError.swift
[52/101] Compiling SwiftProtobuf TextFormatDecodingOptions.swift
[53/101] Compiling SwiftProtobuf AnyMessageStorage.swift
[54/101] Compiling SwiftProtobuf AnyUnpackError.swift
[55/101] Compiling SwiftProtobuf AsyncMessageSequence.swift
[56/101] Compiling SwiftProtobuf BinaryDecoder.swift
[57/101] Compiling SwiftProtobuf BinaryDecodingError.swift
[58/101] Compiling SwiftProtobuf BinaryDecodingOptions.swift
[59/101] Compiling SwiftProtobuf BinaryDelimited.swift
[60/101] Compiling SwiftProtobuf BinaryEncoder.swift
[61/101] Compiling SwiftProtobuf BinaryEncodingError.swift
[62/101] Compiling SwiftProtobuf BinaryEncodingOptions.swift
[63/101] Compiling SwiftProtobuf BinaryEncodingSizeVisitor.swift
[64/101] Compiling SwiftProtobuf BinaryEncodingVisitor.swift
[65/101] Compiling SwiftProtobuf BytecodeInterpreter.swift
[66/101] Compiling SwiftProtobuf BytecodeReader.swift
[67/101] Compiling SwiftProtobuf CustomJSONCodable.swift
[68/101] Compiling SwiftProtobuf Decoder.swift
[69/101] Compiling SwiftProtobuf DoubleParser.swift
[70/101] Compiling SwiftProtobuf Enum.swift
[71/101] Compiling SwiftProtobuf ExtensibleMessage.swift
[72/101] Compiling SwiftProtobuf ExtensionFieldValueSet.swift
[73/101] Compiling SwiftProtobuf ExtensionFields.swift
[74/101] Compiling SwiftProtobuf ExtensionMap.swift
[75/101] Compiling SwiftProtobuf FieldTag.swift
[76/101] Compiling SwiftProtobuf FieldTypes.swift
[77/101] Compiling SwiftProtobuf TextFormatEncoder.swift
[78/101] Compiling SwiftProtobuf TextFormatEncodingOptions.swift
[79/101] Compiling SwiftProtobuf TextFormatEncodingVisitor.swift
[80/101] Compiling SwiftProtobuf TextFormatScanner.swift
[81/101] Compiling SwiftProtobuf TimeUtils.swift
[82/101] Compiling SwiftProtobuf UnknownStorage.swift
[83/101] Compiling SwiftProtobuf UnsafeRawPointer+Shims.swift
[84/101] Compiling SwiftProtobuf Varint.swift
[85/101] Compiling SwiftProtobuf Version.swift
[86/101] Compiling SwiftProtobuf Visitor.swift
[87/101] Compiling SwiftProtobuf WireFormat.swift
[88/101] Compiling SwiftProtobuf ZigZag.swift
[89/101] Compiling SwiftProtobuf any.pb.swift
[90/101] Compiling SwiftProtobuf api.pb.swift
[91/101] Compiling SwiftProtobuf descriptor.pb.swift
[92/101] Compiling SwiftProtobuf duration.pb.swift
[93/101] Compiling SwiftProtobuf empty.pb.swift
[94/101] Compiling SwiftProtobuf field_mask.pb.swift
[95/101] Compiling SwiftProtobuf source_context.pb.swift
[96/101] Compiling SwiftProtobuf struct.pb.swift
[97/101] Compiling SwiftProtobuf timestamp.pb.swift
[98/101] Compiling SwiftProtobuf type.pb.swift
[99/101] Compiling SwiftProtobuf wrappers.pb.swift
[101/117] Emitting module RightClickCoreTests
[102/124] Compiling RightClickCoreTests OpenAPIRealProviderAcceptanceTests.swift
[103/124] Compiling RightClickCoreTests OpenAPIReflectorTests.swift
[104/124] Compiling RightClickCoreTests PolicyTests.swift
[105/124] Compiling RightClickCoreTests PortableRuntimeTests.swift
[106/124] Compiling RightClickCoreTests ProductSurfaceRuntimeTests.swift
[107/124] Compiling RightClickCoreTests RCIRBoundaryTests.swift
[108/124] Compiling RightClickCoreTests RCIRDeferredCapacityTests.swift
[109/124] Compiling RightClickCoreTests RCIRStructuredObservationTests.swift
[110/124] Compiling RightClickCoreTests RCIRTests.swift
[111/124] Compiling RightClickCoreTests RCIRUnaryAdmissionTests.swift
[112/124] Compiling RightClickCoreTests RCIRUnitCompletionTests.swift
[113/124] Compiling RightClickCoreTests ServiceOutcomeTests.swift
[114/124] Compiling RightClickCoreTests SharingExecutionTests.swift
[115/124] Compiling RightClickCoreTests UniversalReflectorContractTests.swift
[116/124] Compiling RightClickCoreTests RCIRDeferredProductionTests.swift
/work/Tests/RightClickCoreTests/RCIRProductionDispatchTests.swift:197:72: warning: mutation of captured var 'permitted' in concurrently-executing code; this is an error in the Swift 6 language mode [#SendableClosureCaptures]
195 |                         DispatchQueue.global().async {
196 |                             defer { group.leave() }
197 |                             do { try invocation.invoke(); lock.lock(); permitted += 1; lock.unlock() }
    |                                                                        `- warning: mutation of captured var 'permitted' in concurrently-executing code; this is an error in the Swift 6 language mode [#SendableClosureCaptures]
198 |                             catch { lock.lock(); replayed += 1; lock.unlock() }
199 |                         }

/work/Tests/RightClickCoreTests/RCIRProductionDispatchTests.swift:198:50: warning: mutation of captured var 'replayed' in concurrently-executing code; this is an error in the Swift 6 language mode [#SendableClosureCaptures]
196 |                             defer { group.leave() }
197 |                             do { try invocation.invoke(); lock.lock(); permitted += 1; lock.unlock() }
198 |                             catch { lock.lock(); replayed += 1; lock.unlock() }
    |                                                  `- warning: mutation of captured var 'replayed' in concurrently-executing code; this is an error in the Swift 6 language mode [#SendableClosureCaptures]
199 |                         }
200 |                     }

[#SendableClosureCaptures]: <https://docs.swift.org/compiler/documentation/diagnostics/sendable-closure-captures>
[117/124] Compiling RightClickCoreTests RCIRHTTPJSONObservationTests.swift
/work/Tests/RightClickCoreTests/RCIRProductionDispatchTests.swift:197:72: warning: mutation of captured var 'permitted' in concurrently-executing code; this is an error in the Swift 6 language mode [#SendableClosureCaptures]
195 |                         DispatchQueue.global().async {
196 |                             defer { group.leave() }
197 |                             do { try invocation.invoke(); lock.lock(); permitted += 1; lock.unlock() }
    |                                                                        `- warning: mutation of captured var 'permitted' in concurrently-executing code; this is an error in the Swift 6 language mode [#SendableClosureCaptures]
198 |                             catch { lock.lock(); replayed += 1; lock.unlock() }
199 |                         }

/work/Tests/RightClickCoreTests/RCIRProductionDispatchTests.swift:198:50: warning: mutation of captured var 'replayed' in concurrently-executing code; this is an error in the Swift 6 language mode [#SendableClosureCaptures]
196 |                             defer { group.leave() }
197 |                             do { try invocation.invoke(); lock.lock(); permitted += 1; lock.unlock() }
198 |                             catch { lock.lock(); replayed += 1; lock.unlock() }
    |                                                  `- warning: mutation of captured var 'replayed' in concurrently-executing code; this is an error in the Swift 6 language mode [#SendableClosureCaptures]
199 |                         }
200 |                     }

[#SendableClosureCaptures]: <https://docs.swift.org/compiler/documentation/diagnostics/sendable-closure-captures>
[118/124] Compiling RightClickCoreTests RCIRIntegrationTests.swift
/work/Tests/RightClickCoreTests/RCIRProductionDispatchTests.swift:197:72: warning: mutation of captured var 'permitted' in concurrently-executing code; this is an error in the Swift 6 language mode [#SendableClosureCaptures]
195 |                         DispatchQueue.global().async {
196 |                             defer { group.leave() }
197 |                             do { try invocation.invoke(); lock.lock(); permitted += 1; lock.unlock() }
    |                                                                        `- warning: mutation of captured var 'permitted' in concurrently-executing code; this is an error in the Swift 6 language mode [#SendableClosureCaptures]
198 |                             catch { lock.lock(); replayed += 1; lock.unlock() }
199 |                         }

/work/Tests/RightClickCoreTests/RCIRProductionDispatchTests.swift:198:50: warning: mutation of captured var 'replayed' in concurrently-executing code; this is an error in the Swift 6 language mode [#SendableClosureCaptures]
196 |                             defer { group.leave() }
197 |                             do { try invocation.invoke(); lock.lock(); permitted += 1; lock.unlock() }
198 |                             catch { lock.lock(); replayed += 1; lock.unlock() }
    |                                                  `- warning: mutation of captured var 'replayed' in concurrently-executing code; this is an error in the Swift 6 language mode [#SendableClosureCaptures]
199 |                         }
200 |                     }

[#SendableClosureCaptures]: <https://docs.swift.org/compiler/documentation/diagnostics/sendable-closure-captures>
[119/124] Compiling RightClickCoreTests RCIRInvocationBindingTests.swift
/work/Tests/RightClickCoreTests/RCIRProductionDispatchTests.swift:197:72: warning: mutation of captured var 'permitted' in concurrently-executing code; this is an error in the Swift 6 language mode [#SendableClosureCaptures]
195 |                         DispatchQueue.global().async {
196 |                             defer { group.leave() }
197 |                             do { try invocation.invoke(); lock.lock(); permitted += 1; lock.unlock() }
    |                                                                        `- warning: mutation of captured var 'permitted' in concurrently-executing code; this is an error in the Swift 6 language mode [#SendableClosureCaptures]
198 |                             catch { lock.lock(); replayed += 1; lock.unlock() }
199 |                         }

/work/Tests/RightClickCoreTests/RCIRProductionDispatchTests.swift:198:50: warning: mutation of captured var 'replayed' in concurrently-executing code; this is an error in the Swift 6 language mode [#SendableClosureCaptures]
196 |                             defer { group.leave() }
197 |                             do { try invocation.invoke(); lock.lock(); permitted += 1; lock.unlock() }
198 |                             catch { lock.lock(); replayed += 1; lock.unlock() }
    |                                                  `- warning: mutation of captured var 'replayed' in concurrently-executing code; this is an error in the Swift 6 language mode [#SendableClosureCaptures]
199 |                         }
200 |                     }

[#SendableClosureCaptures]: <https://docs.swift.org/compiler/documentation/diagnostics/sendable-closure-captures>
[120/124] Compiling RightClickCoreTests RCIRInvocationIsolationTests.swift
/work/Tests/RightClickCoreTests/RCIRProductionDispatchTests.swift:197:72: warning: mutation of captured var 'permitted' in concurrently-executing code; this is an error in the Swift 6 language mode [#SendableClosureCaptures]
195 |                         DispatchQueue.global().async {
196 |                             defer { group.leave() }
197 |                             do { try invocation.invoke(); lock.lock(); permitted += 1; lock.unlock() }
    |                                                                        `- warning: mutation of captured var 'permitted' in concurrently-executing code; this is an error in the Swift 6 language mode [#SendableClosureCaptures]
198 |                             catch { lock.lock(); replayed += 1; lock.unlock() }
199 |                         }

/work/Tests/RightClickCoreTests/RCIRProductionDispatchTests.swift:198:50: warning: mutation of captured var 'replayed' in concurrently-executing code; this is an error in the Swift 6 language mode [#SendableClosureCaptures]
196 |                             defer { group.leave() }
197 |                             do { try invocation.invoke(); lock.lock(); permitted += 1; lock.unlock() }
198 |                             catch { lock.lock(); replayed += 1; lock.unlock() }
    |                                                  `- warning: mutation of captured var 'replayed' in concurrently-executing code; this is an error in the Swift 6 language mode [#SendableClosureCaptures]
199 |                         }
200 |                     }

[#SendableClosureCaptures]: <https://docs.swift.org/compiler/documentation/diagnostics/sendable-closure-captures>
[121/124] Compiling RightClickCoreTests RCIRNoOutputTests.swift
/work/Tests/RightClickCoreTests/RCIRProductionDispatchTests.swift:197:72: warning: mutation of captured var 'permitted' in concurrently-executing code; this is an error in the Swift 6 language mode [#SendableClosureCaptures]
195 |                         DispatchQueue.global().async {
196 |                             defer { group.leave() }
197 |                             do { try invocation.invoke(); lock.lock(); permitted += 1; lock.unlock() }
    |                                                                        `- warning: mutation of captured var 'permitted' in concurrently-executing code; this is an error in the Swift 6 language mode [#SendableClosureCaptures]
198 |                             catch { lock.lock(); replayed += 1; lock.unlock() }
199 |                         }

/work/Tests/RightClickCoreTests/RCIRProductionDispatchTests.swift:198:50: warning: mutation of captured var 'replayed' in concurrently-executing code; this is an error in the Swift 6 language mode [#SendableClosureCaptures]
196 |                             defer { group.leave() }
197 |                             do { try invocation.invoke(); lock.lock(); permitted += 1; lock.unlock() }
198 |                             catch { lock.lock(); replayed += 1; lock.unlock() }
    |                                                  `- warning: mutation of captured var 'replayed' in concurrently-executing code; this is an error in the Swift 6 language mode [#SendableClosureCaptures]
199 |                         }
200 |                     }

[#SendableClosureCaptures]: <https://docs.swift.org/compiler/documentation/diagnostics/sendable-closure-captures>
[122/124] Compiling RightClickCoreTests RCIRProductionDispatchTests.swift
/work/Tests/RightClickCoreTests/RCIRProductionDispatchTests.swift:197:72: warning: mutation of captured var 'permitted' in concurrently-executing code; this is an error in the Swift 6 language mode [#SendableClosureCaptures]
195 |                         DispatchQueue.global().async {
196 |                             defer { group.leave() }
197 |                             do { try invocation.invoke(); lock.lock(); permitted += 1; lock.unlock() }
    |                                                                        `- warning: mutation of captured var 'permitted' in concurrently-executing code; this is an error in the Swift 6 language mode [#SendableClosureCaptures]
198 |                             catch { lock.lock(); replayed += 1; lock.unlock() }
199 |                         }

/work/Tests/RightClickCoreTests/RCIRProductionDispatchTests.swift:198:50: warning: mutation of captured var 'replayed' in concurrently-executing code; this is an error in the Swift 6 language mode [#SendableClosureCaptures]
196 |                             defer { group.leave() }
197 |                             do { try invocation.invoke(); lock.lock(); permitted += 1; lock.unlock() }
198 |                             catch { lock.lock(); replayed += 1; lock.unlock() }
    |                                                  `- warning: mutation of captured var 'replayed' in concurrently-executing code; this is an error in the Swift 6 language mode [#SendableClosureCaptures]
199 |                         }
200 |                     }

[#SendableClosureCaptures]: <https://docs.swift.org/compiler/documentation/diagnostics/sendable-closure-captures>
[123/131] Wrapping AST for RightClickCoreTests for debugging
[124/131] /work/.build/linux-native/aarch64-unknown-linux-gnu/debug/rightclick-mcpPackageDiscoveredTests.derived/all-discovered-tests.swift
[125/132] Write sources
[127/136] Compiling rightclick_mcpPackageDiscoveredTests RightClickMCPTests.swift
[128/137] Compiling rightclick_mcpPackageDiscoveredTests all-discovered-tests.swift
[128/137] Linking rightclick
[130/137] Compiling rightclick_mcpPackageDiscoveredTests RightClickARDTests.swift
[131/137] Compiling rightclick_mcpPackageDiscoveredTests RightClickCoreTests.swift
[132/137] Emitting module rightclick_mcpPackageDiscoveredTests
[133/138] /work/.build/linux-native/aarch64-unknown-linux-gnu/debug/rightclick-mcpPackageTests.derived/runner.swift
[134/139] Write sources
[135/139] Wrapping AST for rightclick-mcpPackageDiscoveredTests for debugging
[137/141] Compiling rightclick_mcpPackageTests runner.swift
[138/141] Emitting module rightclick_mcpPackageTests
[139/141] Write Objects.LinkFileList
[140/141] Linking rightclick-mcpPackageTests.xctest
Build complete! (21.53s)
error: Exited with unexpected signal code 13
Test Suite 'Selected tests' started at 2026-10-07 15:52:29.650
Test Suite 'CapabilityInterfaceTests' started at 2026-10-07 15:52:29.656
Test Case 'CapabilityInterfaceTests.testBoundedExecutorAbstainsForOfflineTool' started at 2026-10-07 15:52:29.656
Test Case 'CapabilityInterfaceTests.testBoundedExecutorAbstainsForOfflineTool' passed (0.001 seconds)
Test Case 'CapabilityInterfaceTests.testBoundedExecutorRejectsInvalidLimitsAndEnforcesMonotonicDeadline' started at 2026-10-07 15:52:29.657
Test Case 'CapabilityInterfaceTests.testBoundedExecutorRejectsInvalidLimitsAndEnforcesMonotonicDeadline' passed (0.075 seconds)
Test Case 'CapabilityInterfaceTests.testBoundedExecutorUsesBoundedStdinWithoutShellInterpolation' started at 2026-10-07 15:52:29.732
◇ Test run started.
↳ Testing Library Version: 6.2.4 (5ee435b15ad40ec)
↳ Target Platform: aarch64-unknown-linux-gnu
✔ Test run with 0 tests in 0 suites passed after 0.001 seconds.
