warning: 'work': found 2 file(s) which are unhandled; explicitly declare them as resources or exclude from the target
    /work/Tests/RightClickCoreTests/Fixtures/MOAT005G4IssuesCreateRealResponse.json
    /work/Tests/RightClickCoreTests/Fixtures/MOAT005G3IssuesCreateRequest.json
[0/1] Planning build
Building for debugging...
[0/3] Write sources
[1/3] Write swift-version-24593BA9C3E375BF.txt
[3/52] Emitting module SwiftProtobuf
[4/75] Compiling SwiftProtobuf Google_Protobuf_Any+Extensions.swift
[5/75] Compiling SwiftProtobuf Google_Protobuf_Any+Registry.swift
[6/75] Compiling SwiftProtobuf Google_Protobuf_Duration+Extensions.swift
[7/75] Compiling SwiftProtobuf Google_Protobuf_FieldMask+Extensions.swift
[8/75] Compiling SwiftProtobuf Google_Protobuf_ListValue+Extensions.swift
[9/75] Compiling SwiftProtobuf Google_Protobuf_NullValue+Extensions.swift
[10/75] Compiling SwiftProtobuf Google_Protobuf_Struct+Extensions.swift
[11/75] Compiling SwiftProtobuf Google_Protobuf_Timestamp+Extensions.swift
[12/75] Compiling SwiftProtobuf Google_Protobuf_Value+Extensions.swift
[13/75] Compiling SwiftProtobuf Google_Protobuf_Wrappers+Extensions.swift
[14/75] Compiling SwiftProtobuf HashVisitor.swift
[15/75] Compiling SwiftProtobuf Internal.swift
[16/75] Compiling SwiftProtobuf JSONDecoder.swift
[17/75] Compiling SwiftProtobuf JSONDecodingError.swift
[18/75] Compiling SwiftProtobuf JSONDecodingOptions.swift
[19/75] Compiling SwiftProtobuf JSONEncoder.swift
[20/75] Compiling SwiftProtobuf JSONEncodingError.swift
[21/75] Compiling SwiftProtobuf JSONEncodingOptions.swift
[22/75] Compiling SwiftProtobuf JSONEncodingVisitor.swift
[23/75] Compiling SwiftProtobuf JSONMapEncodingVisitor.swift
[24/75] Compiling SwiftProtobuf JSONScanner.swift
[25/75] Compiling SwiftProtobuf MathUtils.swift
[26/75] Compiling SwiftProtobuf Message+AnyAdditions.swift
[27/75] Compiling SwiftProtobuf Message+BinaryAdditions.swift
[28/98] Compiling SwiftProtobuf Message+BinaryAdditions_Data.swift
[29/98] Compiling SwiftProtobuf Message+FieldMask.swift
[30/98] Compiling SwiftProtobuf Message+JSONAdditions.swift
[31/98] Compiling SwiftProtobuf Message+JSONAdditions_Data.swift
[32/98] Compiling SwiftProtobuf Message+JSONArrayAdditions.swift
[33/98] Compiling SwiftProtobuf Message+JSONArrayAdditions_Data.swift
[34/98] Compiling SwiftProtobuf Message+TextFormatAdditions.swift
[35/98] Compiling SwiftProtobuf Message.swift
[36/98] Compiling SwiftProtobuf MessageExtension.swift
[37/98] Compiling SwiftProtobuf NameMap.swift
[38/98] Compiling SwiftProtobuf PathDecoder.swift
[39/98] Compiling SwiftProtobuf PathVisitor.swift
[40/98] Compiling SwiftProtobuf ProtoNameProviding.swift
[41/98] Compiling SwiftProtobuf ProtobufAPIVersionCheck.swift
[42/98] Compiling SwiftProtobuf ProtobufMap.swift
[43/98] Compiling SwiftProtobuf SelectiveVisitor.swift
[44/98] Compiling SwiftProtobuf SimpleExtensionMap.swift
[45/98] Compiling SwiftProtobuf StringUtils.swift
[46/98] Compiling SwiftProtobuf SwiftProtobufContiguousBytes.swift
[47/98] Compiling SwiftProtobuf SwiftProtobufError.swift
[48/98] Compiling SwiftProtobuf TextFormatDecoder.swift
[49/98] Compiling SwiftProtobuf TextFormatDecodingError.swift
[50/98] Compiling SwiftProtobuf TextFormatDecodingOptions.swift
[51/98] Compiling SwiftProtobuf AnyMessageStorage.swift
[52/98] Compiling SwiftProtobuf AnyUnpackError.swift
[53/98] Compiling SwiftProtobuf AsyncMessageSequence.swift
[54/98] Compiling SwiftProtobuf BinaryDecoder.swift
[55/98] Compiling SwiftProtobuf BinaryDecodingError.swift
[56/98] Compiling SwiftProtobuf BinaryDecodingOptions.swift
[57/98] Compiling SwiftProtobuf BinaryDelimited.swift
[58/98] Compiling SwiftProtobuf BinaryEncoder.swift
[59/98] Compiling SwiftProtobuf BinaryEncodingError.swift
[60/98] Compiling SwiftProtobuf BinaryEncodingOptions.swift
[61/98] Compiling SwiftProtobuf BinaryEncodingSizeVisitor.swift
[62/98] Compiling SwiftProtobuf BinaryEncodingVisitor.swift
[63/98] Compiling SwiftProtobuf BytecodeInterpreter.swift
[64/98] Compiling SwiftProtobuf BytecodeReader.swift
[65/98] Compiling SwiftProtobuf CustomJSONCodable.swift
[66/98] Compiling SwiftProtobuf Decoder.swift
[67/98] Compiling SwiftProtobuf DoubleParser.swift
[68/98] Compiling SwiftProtobuf Enum.swift
[69/98] Compiling SwiftProtobuf ExtensibleMessage.swift
[70/98] Compiling SwiftProtobuf ExtensionFieldValueSet.swift
[71/98] Compiling SwiftProtobuf ExtensionFields.swift
[72/98] Compiling SwiftProtobuf ExtensionMap.swift
[73/98] Compiling SwiftProtobuf FieldTag.swift
[74/98] Compiling SwiftProtobuf FieldTypes.swift
[75/98] Compiling SwiftProtobuf TextFormatEncoder.swift
[76/98] Compiling SwiftProtobuf TextFormatEncodingOptions.swift
[77/98] Compiling SwiftProtobuf TextFormatEncodingVisitor.swift
[78/98] Compiling SwiftProtobuf TextFormatScanner.swift
[79/98] Compiling SwiftProtobuf TimeUtils.swift
[80/98] Compiling SwiftProtobuf UnknownStorage.swift
[81/98] Compiling SwiftProtobuf UnsafeRawPointer+Shims.swift
[82/98] Compiling SwiftProtobuf Varint.swift
[83/98] Compiling SwiftProtobuf Version.swift
[84/98] Compiling SwiftProtobuf Visitor.swift
[85/98] Compiling SwiftProtobuf WireFormat.swift
[86/98] Compiling SwiftProtobuf ZigZag.swift
[87/98] Compiling SwiftProtobuf any.pb.swift
[88/98] Compiling SwiftProtobuf api.pb.swift
[89/98] Compiling SwiftProtobuf descriptor.pb.swift
[90/98] Compiling SwiftProtobuf duration.pb.swift
[91/98] Compiling SwiftProtobuf empty.pb.swift
[92/98] Compiling SwiftProtobuf field_mask.pb.swift
[93/98] Compiling SwiftProtobuf source_context.pb.swift
[94/98] Compiling SwiftProtobuf struct.pb.swift
[95/98] Compiling SwiftProtobuf timestamp.pb.swift
[96/98] Compiling SwiftProtobuf type.pb.swift
[97/98] Compiling SwiftProtobuf wrappers.pb.swift
error: emit-module command failed with exit code 1 (use -v to see invocation)
[99/101] Emitting module RightClickCore
/work/Sources/RightClickCore/OriginPinnedHTTP.swift:45:19: warning: non-final class 'RedirectRejectingDelegate' cannot conform to 'Sendable'; use '@unchecked Sendable'; this is an error in the Swift 6 language mode
 43 |     }
 44 | 
 45 |     private class RedirectRejectingDelegate:
    |                   `- warning: non-final class 'RedirectRejectingDelegate' cannot conform to 'Sendable'; use '@unchecked Sendable'; this is an error in the Swift 6 language mode
 46 |         NSObject,
 47 |         URLSessionTaskDelegate

/work/Sources/RightClickCore/OriginPinnedHTTP.swift:193:14: error: overriding declaration requires an 'override' keyword
 60 |         // A concrete witness is required on hosts using Swift protocol dispatch.
 61 |         // The bounded subclass overrides completion to release its waiter.
 62 |         func urlSession(_ session: URLSession, task: URLSessionTask, didCompleteWithError error: Error?) {}
    |              `- note: overridden declaration is here
 63 |     }
 64 | 
    :
191 |         }
192 | 
193 |         func urlSession(
    |              `- error: overriding declaration requires an 'override' keyword
194 |             _ session: URLSession,
195 |             task: URLSessionTask,

/work/Sources/RightClickCore/OriginPinnedHTTP.swift:86:21: warning: stored property 'storedData' of 'Sendable'-conforming class 'BoundedLoadDelegate' is mutable; this is an error in the Swift 6 language mode
 84 |             Int
 85 | 
 86 |         private var storedData =
    |                     `- warning: stored property 'storedData' of 'Sendable'-conforming class 'BoundedLoadDelegate' is mutable; this is an error in the Swift 6 language mode
 87 |             Data()
 88 | 
[100/101] Compiling RightClickCore OriginPinnedHTTP.swift
/work/Sources/RightClickCore/OriginPinnedHTTP.swift:45:19: warning: non-final class 'RedirectRejectingDelegate' cannot conform to 'Sendable'; use '@unchecked Sendable'; this is an error in the Swift 6 language mode
 43 |     }
 44 | 
 45 |     private class RedirectRejectingDelegate:
    |                   `- warning: non-final class 'RedirectRejectingDelegate' cannot conform to 'Sendable'; use '@unchecked Sendable'; this is an error in the Swift 6 language mode
 46 |         NSObject,
 47 |         URLSessionTaskDelegate

/work/Sources/RightClickCore/OriginPinnedHTTP.swift:193:14: error: overriding declaration requires an 'override' keyword
 60 |         // A concrete witness is required on hosts using Swift protocol dispatch.
 61 |         // The bounded subclass overrides completion to release its waiter.
 62 |         func urlSession(_ session: URLSession, task: URLSessionTask, didCompleteWithError error: Error?) {}
    |              `- note: overridden declaration is here
 63 |     }
 64 | 
    :
191 |         }
192 | 
193 |         func urlSession(
    |              `- error: overriding declaration requires an 'override' keyword
194 |             _ session: URLSession,
195 |             task: URLSessionTask,

/work/Sources/RightClickCore/OriginPinnedHTTP.swift:86:21: warning: stored property 'storedData' of 'Sendable'-conforming class 'BoundedLoadDelegate' is mutable; this is an error in the Swift 6 language mode
 84 |             Int
 85 | 
 86 |         private var storedData =
    |                     `- warning: stored property 'storedData' of 'Sendable'-conforming class 'BoundedLoadDelegate' is mutable; this is an error in the Swift 6 language mode
 87 |             Data()
 88 | 
