Updating https://github.com/apple/swift-log.git
Updating https://github.com/apple/swift-nio-http2.git
Updating https://github.com/apple/swift-algorithms.git
Updating https://github.com/swift-server/swift-service-lifecycle.git
Updating https://github.com/apple/swift-http-structured-headers.git
Updating https://github.com/apple/swift-protobuf.git
Updating https://github.com/grpc/grpc-swift.git
Updated https://github.com/apple/swift-http-structured-headers.git (0.42s)
Updating https://github.com/apple/swift-nio-ssl.git
Updated https://github.com/apple/swift-log.git (0.48s)
Updating https://github.com/apple/swift-http-types.git
Updated https://github.com/swift-server/swift-service-lifecycle.git (0.50s)
Updating https://github.com/apple/swift-asn1.git
Updated https://github.com/apple/swift-nio-http2.git (0.52s)
Updating https://github.com/apple/swift-async-algorithms.git
Updated https://github.com/apple/swift-algorithms.git (0.54s)
Updating https://github.com/apple/swift-crypto.git
Updated https://github.com/apple/swift-protobuf.git (0.62s)
Updating https://github.com/apple/swift-nio-extras.git
Updated https://github.com/grpc/grpc-swift.git (0.63s)
Updating https://github.com/apple/swift-system.git
Updated https://github.com/apple/swift-nio-ssl.git (0.44s)
Updating https://github.com/apple/swift-collections.git
Updated https://github.com/apple/swift-http-types.git (0.39s)
Updating https://github.com/apple/swift-numerics.git
Updated https://github.com/apple/swift-asn1.git (0.43s)
Updating https://github.com/apple/swift-atomics.git
Updated https://github.com/apple/swift-async-algorithms.git (0.46s)
Updating https://github.com/apple/swift-certificates.git
Updated https://github.com/apple/swift-crypto.git (0.45s)
Updating https://github.com/apple/swift-nio-transport-services.git
Updated https://github.com/apple/swift-system.git (0.46s)
Updated https://github.com/apple/swift-nio-extras.git (0.47s)
Updating https://github.com/apple/swift-nio.git
Updating https://github.com/mattt/eventsource.git
Updated https://github.com/apple/swift-collections.git (0.43s)
Updated https://github.com/apple/swift-numerics.git (0.46s)
Updated https://github.com/apple/swift-atomics.git (0.41s)
Updated https://github.com/apple/swift-certificates.git (0.43s)
Updated https://github.com/apple/swift-nio-transport-services.git (0.45s)
Updated https://github.com/mattt/eventsource.git (0.44s)
Updated https://github.com/apple/swift-nio.git (0.62s)
Computing version for https://github.com/apple/swift-log.git
Computed https://github.com/apple/swift-log.git at 1.15.1 (1.81s)
Computing version for https://github.com/apple/swift-system.git
Computed https://github.com/apple/swift-system.git at 1.8.1 (0.10s)
Computing version for https://github.com/apple/swift-crypto.git
Computed https://github.com/apple/swift-crypto.git at 4.5.2 (0.28s)
Computing version for https://github.com/apple/swift-nio.git
Computed https://github.com/apple/swift-nio.git at 2.103.0 (0.30s)
Computing version for https://github.com/apple/swift-protobuf.git
Computed https://github.com/apple/swift-protobuf.git at 1.38.1 (0.13s)
Computing version for https://github.com/grpc/grpc-swift.git
Computed https://github.com/grpc/grpc-swift.git at 1.26.2 (0.17s)
Computing version for https://github.com/apple/swift-asn1.git
Computed https://github.com/apple/swift-asn1.git at 1.7.3 (0.12s)
Computing version for https://github.com/apple/swift-collections.git
Computed https://github.com/apple/swift-collections.git at 1.7.1 (0.15s)
Computing version for https://github.com/apple/swift-atomics.git
Computed https://github.com/apple/swift-atomics.git at 1.3.1 (0.09s)
Computing version for https://github.com/apple/swift-nio-ssl.git
Computed https://github.com/apple/swift-nio-ssl.git at 2.37.5 (0.11s)
Computing version for https://github.com/apple/swift-nio-extras.git
Computed https://github.com/apple/swift-nio-extras.git at 1.35.1 (0.16s)
Computing version for https://github.com/apple/swift-nio-transport-services.git
Computed https://github.com/apple/swift-nio-transport-services.git at 1.28.0 (0.09s)
Computing version for https://github.com/apple/swift-nio-http2.git
Computed https://github.com/apple/swift-nio-http2.git at 1.46.0 (0.09s)
Computing version for https://github.com/apple/swift-async-algorithms.git
Computed https://github.com/apple/swift-async-algorithms.git at 1.1.7 (0.12s)
Computing version for https://github.com/swift-server/swift-service-lifecycle.git
Computed https://github.com/swift-server/swift-service-lifecycle.git at 2.12.1 (0.23s)
Computing version for https://github.com/apple/swift-certificates.git
Computed https://github.com/apple/swift-certificates.git at 1.21.0 (0.16s)
Computing version for https://github.com/apple/swift-algorithms.git
Computed https://github.com/apple/swift-algorithms.git at 1.2.1 (0.11s)
Computing version for https://github.com/apple/swift-http-structured-headers.git
Computed https://github.com/apple/swift-http-structured-headers.git at 1.7.0 (0.10s)
Computing version for https://github.com/apple/swift-http-types.git
Computed https://github.com/apple/swift-http-types.git at 1.8.0 (0.12s)
Computing version for https://github.com/apple/swift-numerics.git
Computed https://github.com/apple/swift-numerics.git at 1.1.1 (0.16s)
Computing version for https://github.com/mattt/eventsource.git
Computed https://github.com/mattt/eventsource.git at 1.5.1 (0.12s)
warning: 'work': found 3 file(s) which are unhandled; explicitly declare them as resources or exclude from the target
    /work/Tests/RightClickCoreTests/Fixtures/WindowsActualAcknowledgementDeclaration.json
    /work/Tests/RightClickCoreTests/Fixtures/MOAT005G4IssuesCreateRealResponse.json
    /work/Tests/RightClickCoreTests/Fixtures/MOAT005G3IssuesCreateRequest.json
[0/1] Planning build
[1/1] Compiling plugin SwiftProtobufPlugin
[2/2] Compiling plugin GRPCSwiftPlugin
Building for debugging...
[2/38] Write swift-version-24593BA9C3E375BF.txt
[3/48] Write sources
[7/45] Compiling _AtomicsShims.c
[8/45] Compiling RightClickHostFiles HostFiles.c
[10/99] Compiling _NIODataStructures PriorityQueue.swift
[11/100] Compiling _NIODataStructures Heap.swift
[12/100] Emitting module _NIODataStructures
[13/100] Emitting module _NIOBase64
[14/100] Compiling _NIOBase64 Base64.swift
[15/99] Write sources
[18/99] Compiling _NIODataStructures _TinyArray.swift
[19/99] Write sources
[21/82] Emitting module SwiftProtobuf
[22/105] Compiling SwiftProtobuf Google_Protobuf_Any+Extensions.swift
[23/105] Compiling SwiftProtobuf Google_Protobuf_Any+Registry.swift
[24/105] Compiling SwiftProtobuf Google_Protobuf_Duration+Extensions.swift
[25/105] Compiling SwiftProtobuf Google_Protobuf_FieldMask+Extensions.swift
[26/105] Compiling SwiftProtobuf Google_Protobuf_ListValue+Extensions.swift
[27/105] Compiling SwiftProtobuf Google_Protobuf_NullValue+Extensions.swift
[28/105] Compiling SwiftProtobuf Google_Protobuf_Struct+Extensions.swift
[29/105] Compiling SwiftProtobuf Google_Protobuf_Timestamp+Extensions.swift
[30/105] Compiling SwiftProtobuf Google_Protobuf_Value+Extensions.swift
[31/105] Compiling SwiftProtobuf Google_Protobuf_Wrappers+Extensions.swift
[32/105] Compiling SwiftProtobuf HashVisitor.swift
[33/105] Compiling SwiftProtobuf Internal.swift
[34/105] Compiling SwiftProtobuf JSONDecoder.swift
[35/105] Compiling SwiftProtobuf JSONDecodingError.swift
[36/105] Compiling SwiftProtobuf JSONDecodingOptions.swift
[37/105] Compiling SwiftProtobuf JSONEncoder.swift
[38/105] Compiling SwiftProtobuf JSONEncodingError.swift
[39/105] Compiling SwiftProtobuf JSONEncodingOptions.swift
[40/105] Compiling SwiftProtobuf JSONEncodingVisitor.swift
[41/105] Compiling SwiftProtobuf JSONMapEncodingVisitor.swift
[42/105] Compiling SwiftProtobuf JSONScanner.swift
[43/105] Compiling SwiftProtobuf MathUtils.swift
[44/105] Compiling SwiftProtobuf Message+AnyAdditions.swift
[45/105] Compiling SwiftProtobuf Message+BinaryAdditions.swift
[46/128] Compiling SwiftProtobuf Message+BinaryAdditions_Data.swift
[47/128] Compiling SwiftProtobuf Message+FieldMask.swift
[48/128] Compiling SwiftProtobuf Message+JSONAdditions.swift
[49/128] Compiling SwiftProtobuf Message+JSONAdditions_Data.swift
[50/128] Compiling SwiftProtobuf Message+JSONArrayAdditions.swift
[51/128] Compiling SwiftProtobuf Message+JSONArrayAdditions_Data.swift
[52/128] Compiling SwiftProtobuf Message+TextFormatAdditions.swift
[53/128] Compiling SwiftProtobuf Message.swift
[54/128] Compiling SwiftProtobuf MessageExtension.swift
[55/128] Compiling SwiftProtobuf NameMap.swift
[56/128] Compiling SwiftProtobuf PathDecoder.swift
[57/128] Compiling SwiftProtobuf PathVisitor.swift
[58/128] Compiling SwiftProtobuf ProtoNameProviding.swift
[59/128] Compiling SwiftProtobuf ProtobufAPIVersionCheck.swift
[60/128] Compiling SwiftProtobuf ProtobufMap.swift
[61/128] Compiling SwiftProtobuf SelectiveVisitor.swift
[62/128] Compiling SwiftProtobuf SimpleExtensionMap.swift
[63/128] Compiling SwiftProtobuf StringUtils.swift
[64/128] Compiling SwiftProtobuf SwiftProtobufContiguousBytes.swift
[65/128] Compiling SwiftProtobuf SwiftProtobufError.swift
[66/128] Compiling SwiftProtobuf TextFormatDecoder.swift
[67/128] Compiling SwiftProtobuf TextFormatDecodingError.swift
[68/128] Compiling SwiftProtobuf TextFormatDecodingOptions.swift
[69/128] Compiling SwiftProtobuf AnyMessageStorage.swift
[70/128] Compiling SwiftProtobuf AnyUnpackError.swift
[71/128] Compiling SwiftProtobuf AsyncMessageSequence.swift
[72/128] Compiling SwiftProtobuf BinaryDecoder.swift
[73/128] Compiling SwiftProtobuf BinaryDecodingError.swift
[74/128] Compiling SwiftProtobuf BinaryDecodingOptions.swift
[75/128] Compiling SwiftProtobuf BinaryDelimited.swift
[76/128] Compiling SwiftProtobuf BinaryEncoder.swift
[77/128] Compiling SwiftProtobuf BinaryEncodingError.swift
[78/128] Compiling SwiftProtobuf BinaryEncodingOptions.swift
[79/128] Compiling SwiftProtobuf BinaryEncodingSizeVisitor.swift
[80/128] Compiling SwiftProtobuf BinaryEncodingVisitor.swift
[81/128] Compiling SwiftProtobuf BytecodeInterpreter.swift
[82/128] Compiling SwiftProtobuf BytecodeReader.swift
[83/128] Compiling SwiftProtobuf CustomJSONCodable.swift
[84/128] Compiling SwiftProtobuf Decoder.swift
[85/128] Compiling SwiftProtobuf DoubleParser.swift
[86/128] Compiling SwiftProtobuf Enum.swift
[87/128] Compiling SwiftProtobuf ExtensibleMessage.swift
[88/128] Compiling SwiftProtobuf ExtensionFieldValueSet.swift
[89/128] Compiling SwiftProtobuf ExtensionFields.swift
[90/128] Compiling SwiftProtobuf ExtensionMap.swift
[91/128] Compiling SwiftProtobuf FieldTag.swift
[92/128] Compiling SwiftProtobuf FieldTypes.swift
[93/128] Compiling SwiftProtobuf TextFormatEncoder.swift
[94/128] Compiling SwiftProtobuf TextFormatEncodingOptions.swift
[95/128] Compiling SwiftProtobuf TextFormatEncodingVisitor.swift
[96/128] Compiling SwiftProtobuf TextFormatScanner.swift
[97/128] Compiling SwiftProtobuf TimeUtils.swift
[98/128] Compiling SwiftProtobuf UnknownStorage.swift
[99/128] Compiling SwiftProtobuf UnsafeRawPointer+Shims.swift
[100/128] Compiling SwiftProtobuf Varint.swift
[101/128] Compiling SwiftProtobuf Version.swift
[102/128] Compiling SwiftProtobuf Visitor.swift
[103/128] Compiling SwiftProtobuf WireFormat.swift
[104/128] Compiling SwiftProtobuf ZigZag.swift
[105/128] Compiling SwiftProtobuf any.pb.swift
[106/128] Compiling SwiftProtobuf api.pb.swift
[107/128] Compiling SwiftProtobuf descriptor.pb.swift
[108/128] Compiling SwiftProtobuf duration.pb.swift
[109/128] Compiling SwiftProtobuf empty.pb.swift
[110/128] Compiling SwiftProtobuf field_mask.pb.swift
[111/128] Compiling SwiftProtobuf source_context.pb.swift
[112/128] Compiling SwiftProtobuf struct.pb.swift
[113/128] Compiling SwiftProtobuf timestamp.pb.swift
[114/128] Compiling SwiftProtobuf type.pb.swift
[115/128] Compiling SwiftProtobuf wrappers.pb.swift
[117/164] Emitting module RightClickCore
/work/Sources/RightClickCore/OriginPinnedHTTP.swift:45:19: warning: non-final class 'RedirectRejectingDelegate' cannot conform to 'Sendable'; use '@unchecked Sendable'; this is an error in the Swift 6 language mode
 43 |     }
 44 | 
 45 |     private class RedirectRejectingDelegate:
    |                   `- warning: non-final class 'RedirectRejectingDelegate' cannot conform to 'Sendable'; use '@unchecked Sendable'; this is an error in the Swift 6 language mode
 46 |         NSObject,
 47 |         URLSessionTaskDelegate

/work/Sources/RightClickCore/OriginPinnedHTTP.swift:86:21: warning: stored property 'storedData' of 'Sendable'-conforming class 'BoundedLoadDelegate' is mutable; this is an error in the Swift 6 language mode
 84 |             Int
 85 | 
 86 |         private var storedData =
    |                     `- warning: stored property 'storedData' of 'Sendable'-conforming class 'BoundedLoadDelegate' is mutable; this is an error in the Swift 6 language mode
 87 |             Data()
 88 | 
[118/181] Compiling RightClickCore OutcomeVerifier.swift
[119/181] Compiling RightClickCore ProductSurface.swift
[120/181] Compiling RightClickCore RCIR.swift
[121/181] Compiling RightClickCore RCIRDeferredExecution.swift
[122/181] Compiling RightClickCore RCIRExecutionHost.swift
[123/181] Compiling RightClickCore RCIRHTTPObservation.swift
[124/181] Compiling RightClickCore RCIRHostObservation.swift
[125/181] Compiling RightClickCore RCIRSignedReceipt.swift
[126/181] Compiling RightClickCore RCIRUnaryInvocation.swift
[127/181] Compiling RightClickCore RuntimePlatform.swift
[128/181] Compiling RightClickCore SafetyPolicy.swift
[129/181] Compiling RightClickCore ServiceCatalog.swift
[130/181] Compiling RightClickCore ServiceContext.swift
[131/181] Compiling RightClickCore ServiceOutcome.swift
[132/181] Compiling RightClickCore SharingCatalog.swift
[133/181] Compiling RightClickCore SharingExecutionModel.swift
[134/181] Compiling RightClickCore WASMCapabilityArtifactResolver.swift
[135/181] Compiling RightClickCore A2AReflector.swift
/work/Sources/RightClickCore/CapabilityEngine.swift:427:33: warning: result of call to 'run(mode:before:)' is unused [#no-usage]
 425 |                 }
 426 | 
 427 |                 RunLoop.current.run(
     |                                 `- warning: result of call to 'run(mode:before:)' is unused [#no-usage]
 428 |                     mode: .default,
 429 |                     before:
[136/181] Compiling RightClickCore ARDRegistrySource.swift
/work/Sources/RightClickCore/CapabilityEngine.swift:427:33: warning: result of call to 'run(mode:before:)' is unused [#no-usage]
 425 |                 }
 426 | 
 427 |                 RunLoop.current.run(
     |                                 `- warning: result of call to 'run(mode:before:)' is unused [#no-usage]
 428 |                     mode: .default,
 429 |                     before:
[137/181] Compiling RightClickCore ActionExtensionCatalog.swift
/work/Sources/RightClickCore/CapabilityEngine.swift:427:33: warning: result of call to 'run(mode:before:)' is unused [#no-usage]
 425 |                 }
 426 | 
 427 |                 RunLoop.current.run(
     |                                 `- warning: result of call to 'run(mode:before:)' is unused [#no-usage]
 428 |                     mode: .default,
 429 |                     before:
[138/181] Compiling RightClickCore BonjourGRPCSource.swift
/work/Sources/RightClickCore/CapabilityEngine.swift:427:33: warning: result of call to 'run(mode:before:)' is unused [#no-usage]
 425 |                 }
 426 | 
 427 |                 RunLoop.current.run(
     |                                 `- warning: result of call to 'run(mode:before:)' is unused [#no-usage]
 428 |                     mode: .default,
 429 |                     before:
[139/181] Compiling RightClickCore BonjourGraphQLSource.swift
/work/Sources/RightClickCore/CapabilityEngine.swift:427:33: warning: result of call to 'run(mode:before:)' is unused [#no-usage]
 425 |                 }
 426 | 
 427 |                 RunLoop.current.run(
     |                                 `- warning: result of call to 'run(mode:before:)' is unused [#no-usage]
 428 |                     mode: .default,
 429 |                     before:
[140/181] Compiling RightClickCore BonjourOpenAPISource.swift
/work/Sources/RightClickCore/CapabilityEngine.swift:427:33: warning: result of call to 'run(mode:before:)' is unused [#no-usage]
 425 |                 }
 426 | 
 427 |                 RunLoop.current.run(
     |                                 `- warning: result of call to 'run(mode:before:)' is unused [#no-usage]
 428 |                     mode: .default,
 429 |                     before:
[141/181] Compiling RightClickCore BoundedCapabilityProcess.swift
/work/Sources/RightClickCore/CapabilityEngine.swift:427:33: warning: result of call to 'run(mode:before:)' is unused [#no-usage]
 425 |                 }
 426 | 
 427 |                 RunLoop.current.run(
     |                                 `- warning: result of call to 'run(mode:before:)' is unused [#no-usage]
 428 |                     mode: .default,
 429 |                     before:
[142/181] Compiling RightClickCore BundleScan.swift
/work/Sources/RightClickCore/CapabilityEngine.swift:427:33: warning: result of call to 'run(mode:before:)' is unused [#no-usage]
 425 |                 }
 426 | 
 427 |                 RunLoop.current.run(
     |                                 `- warning: result of call to 'run(mode:before:)' is unused [#no-usage]
 428 |                     mode: .default,
 429 |                     before:
[143/181] Compiling RightClickCore Capability.swift
/work/Sources/RightClickCore/CapabilityEngine.swift:427:33: warning: result of call to 'run(mode:before:)' is unused [#no-usage]
 425 |                 }
 426 | 
 427 |                 RunLoop.current.run(
     |                                 `- warning: result of call to 'run(mode:before:)' is unused [#no-usage]
 428 |                     mode: .default,
 429 |                     before:
[144/181] Compiling RightClickCore CapabilityABI.swift
/work/Sources/RightClickCore/CapabilityEngine.swift:427:33: warning: result of call to 'run(mode:before:)' is unused [#no-usage]
 425 |                 }
 426 | 
 427 |                 RunLoop.current.run(
     |                                 `- warning: result of call to 'run(mode:before:)' is unused [#no-usage]
 428 |                     mode: .default,
 429 |                     before:
[145/181] Compiling RightClickCore CapabilityABIAdapter.swift
/work/Sources/RightClickCore/CapabilityEngine.swift:427:33: warning: result of call to 'run(mode:before:)' is unused [#no-usage]
 425 |                 }
 426 | 
 427 |                 RunLoop.current.run(
     |                                 `- warning: result of call to 'run(mode:before:)' is unused [#no-usage]
 428 |                     mode: .default,
 429 |                     before:
[146/181] Compiling RightClickCore CapabilityArtifactResolver.swift
/work/Sources/RightClickCore/CapabilityEngine.swift:427:33: warning: result of call to 'run(mode:before:)' is unused [#no-usage]
 425 |                 }
 426 | 
 427 |                 RunLoop.current.run(
     |                                 `- warning: result of call to 'run(mode:before:)' is unused [#no-usage]
 428 |                     mode: .default,
 429 |                     before:
[147/181] Compiling RightClickCore CapabilityArtifactSnapshot.swift
/work/Sources/RightClickCore/CapabilityEngine.swift:427:33: warning: result of call to 'run(mode:before:)' is unused [#no-usage]
 425 |                 }
 426 | 
 427 |                 RunLoop.current.run(
     |                                 `- warning: result of call to 'run(mode:before:)' is unused [#no-usage]
 428 |                     mode: .default,
 429 |                     before:
[148/181] Compiling RightClickCore CapabilityEngine.swift
/work/Sources/RightClickCore/CapabilityEngine.swift:427:33: warning: result of call to 'run(mode:before:)' is unused [#no-usage]
 425 |                 }
 426 | 
 427 |                 RunLoop.current.run(
     |                                 `- warning: result of call to 'run(mode:before:)' is unused [#no-usage]
 428 |                     mode: .default,
 429 |                     before:
[149/181] Compiling RightClickCore CapabilityExperience.swift
/work/Sources/RightClickCore/CapabilityEngine.swift:427:33: warning: result of call to 'run(mode:before:)' is unused [#no-usage]
 425 |                 }
 426 | 
 427 |                 RunLoop.current.run(
     |                                 `- warning: result of call to 'run(mode:before:)' is unused [#no-usage]
 428 |                     mode: .default,
 429 |                     before:
[150/181] Compiling RightClickCore CapabilityExperienceLedger.swift
/work/Sources/RightClickCore/CapabilityEngine.swift:427:33: warning: result of call to 'run(mode:before:)' is unused [#no-usage]
 425 |                 }
 426 | 
 427 |                 RunLoop.current.run(
     |                                 `- warning: result of call to 'run(mode:before:)' is unused [#no-usage]
 428 |                     mode: .default,
 429 |                     before:
[151/181] Compiling RightClickCore CapabilityInterface.swift
/work/Sources/RightClickCore/CapabilityEngine.swift:427:33: warning: result of call to 'run(mode:before:)' is unused [#no-usage]
 425 |                 }
 426 | 
 427 |                 RunLoop.current.run(
     |                                 `- warning: result of call to 'run(mode:before:)' is unused [#no-usage]
 428 |                     mode: .default,
 429 |                     before:
[152/181] Compiling RightClickCore CapabilityProtectedReference.swift
/work/Sources/RightClickCore/CapabilityEngine.swift:427:33: warning: result of call to 'run(mode:before:)' is unused [#no-usage]
 425 |                 }
 426 | 
 427 |                 RunLoop.current.run(
     |                                 `- warning: result of call to 'run(mode:before:)' is unused [#no-usage]
 428 |                     mode: .default,
 429 |                     before:
[153/181] Compiling RightClickCore CapabilityReflector.swift
/work/Sources/RightClickCore/OriginPinnedHTTP.swift:45:19: warning: non-final class 'RedirectRejectingDelegate' cannot conform to 'Sendable'; use '@unchecked Sendable'; this is an error in the Swift 6 language mode
 43 |     }
 44 | 
 45 |     private class RedirectRejectingDelegate:
    |                   `- warning: non-final class 'RedirectRejectingDelegate' cannot conform to 'Sendable'; use '@unchecked Sendable'; this is an error in the Swift 6 language mode
 46 |         NSObject,
 47 |         URLSessionTaskDelegate

/work/Sources/RightClickCore/OriginPinnedHTTP.swift:86:21: warning: stored property 'storedData' of 'Sendable'-conforming class 'BoundedLoadDelegate' is mutable; this is an error in the Swift 6 language mode
 84 |             Int
 85 | 
 86 |         private var storedData =
    |                     `- warning: stored property 'storedData' of 'Sendable'-conforming class 'BoundedLoadDelegate' is mutable; this is an error in the Swift 6 language mode
 87 |             Data()
 88 | 
[154/181] Compiling RightClickCore CapabilityReflectorSource.swift
/work/Sources/RightClickCore/OriginPinnedHTTP.swift:45:19: warning: non-final class 'RedirectRejectingDelegate' cannot conform to 'Sendable'; use '@unchecked Sendable'; this is an error in the Swift 6 language mode
 43 |     }
 44 | 
 45 |     private class RedirectRejectingDelegate:
    |                   `- warning: non-final class 'RedirectRejectingDelegate' cannot conform to 'Sendable'; use '@unchecked Sendable'; this is an error in the Swift 6 language mode
 46 |         NSObject,
 47 |         URLSessionTaskDelegate

/work/Sources/RightClickCore/OriginPinnedHTTP.swift:86:21: warning: stored property 'storedData' of 'Sendable'-conforming class 'BoundedLoadDelegate' is mutable; this is an error in the Swift 6 language mode
 84 |             Int
 85 | 
 86 |         private var storedData =
    |                     `- warning: stored property 'storedData' of 'Sendable'-conforming class 'BoundedLoadDelegate' is mutable; this is an error in the Swift 6 language mode
 87 |             Data()
 88 | 
[155/181] Compiling RightClickCore CapabilityRuntimeDefaults.swift
/work/Sources/RightClickCore/OriginPinnedHTTP.swift:45:19: warning: non-final class 'RedirectRejectingDelegate' cannot conform to 'Sendable'; use '@unchecked Sendable'; this is an error in the Swift 6 language mode
 43 |     }
 44 | 
 45 |     private class RedirectRejectingDelegate:
    |                   `- warning: non-final class 'RedirectRejectingDelegate' cannot conform to 'Sendable'; use '@unchecked Sendable'; this is an error in the Swift 6 language mode
 46 |         NSObject,
 47 |         URLSessionTaskDelegate

/work/Sources/RightClickCore/OriginPinnedHTTP.swift:86:21: warning: stored property 'storedData' of 'Sendable'-conforming class 'BoundedLoadDelegate' is mutable; this is an error in the Swift 6 language mode
 84 |             Int
 85 | 
 86 |         private var storedData =
    |                     `- warning: stored property 'storedData' of 'Sendable'-conforming class 'BoundedLoadDelegate' is mutable; this is an error in the Swift 6 language mode
 87 |             Data()
 88 | 
[156/181] Compiling RightClickCore CapabilitySnapshotFreshness.swift
/work/Sources/RightClickCore/OriginPinnedHTTP.swift:45:19: warning: non-final class 'RedirectRejectingDelegate' cannot conform to 'Sendable'; use '@unchecked Sendable'; this is an error in the Swift 6 language mode
 43 |     }
 44 | 
 45 |     private class RedirectRejectingDelegate:
    |                   `- warning: non-final class 'RedirectRejectingDelegate' cannot conform to 'Sendable'; use '@unchecked Sendable'; this is an error in the Swift 6 language mode
 46 |         NSObject,
 47 |         URLSessionTaskDelegate

/work/Sources/RightClickCore/OriginPinnedHTTP.swift:86:21: warning: stored property 'storedData' of 'Sendable'-conforming class 'BoundedLoadDelegate' is mutable; this is an error in the Swift 6 language mode
 84 |             Int
 85 | 
 86 |         private var storedData =
    |                     `- warning: stored property 'storedData' of 'Sendable'-conforming class 'BoundedLoadDelegate' is mutable; this is an error in the Swift 6 language mode
 87 |             Data()
 88 | 
[157/181] Compiling RightClickCore ConfiguredOpenAPISource.swift
/work/Sources/RightClickCore/OriginPinnedHTTP.swift:45:19: warning: non-final class 'RedirectRejectingDelegate' cannot conform to 'Sendable'; use '@unchecked Sendable'; this is an error in the Swift 6 language mode
 43 |     }
 44 | 
 45 |     private class RedirectRejectingDelegate:
    |                   `- warning: non-final class 'RedirectRejectingDelegate' cannot conform to 'Sendable'; use '@unchecked Sendable'; this is an error in the Swift 6 language mode
 46 |         NSObject,
 47 |         URLSessionTaskDelegate

/work/Sources/RightClickCore/OriginPinnedHTTP.swift:86:21: warning: stored property 'storedData' of 'Sendable'-conforming class 'BoundedLoadDelegate' is mutable; this is an error in the Swift 6 language mode
 84 |             Int
 85 | 
 86 |         private var storedData =
    |                     `- warning: stored property 'storedData' of 'Sendable'-conforming class 'BoundedLoadDelegate' is mutable; this is an error in the Swift 6 language mode
 87 |             Data()
 88 | 
[158/181] Compiling RightClickCore ContentItem.swift
/work/Sources/RightClickCore/OriginPinnedHTTP.swift:45:19: warning: non-final class 'RedirectRejectingDelegate' cannot conform to 'Sendable'; use '@unchecked Sendable'; this is an error in the Swift 6 language mode
 43 |     }
 44 | 
 45 |     private class RedirectRejectingDelegate:
    |                   `- warning: non-final class 'RedirectRejectingDelegate' cannot conform to 'Sendable'; use '@unchecked Sendable'; this is an error in the Swift 6 language mode
 46 |         NSObject,
 47 |         URLSessionTaskDelegate

/work/Sources/RightClickCore/OriginPinnedHTTP.swift:86:21: warning: stored property 'storedData' of 'Sendable'-conforming class 'BoundedLoadDelegate' is mutable; this is an error in the Swift 6 language mode
 84 |             Int
 85 | 
 86 |         private var storedData =
    |                     `- warning: stored property 'storedData' of 'Sendable'-conforming class 'BoundedLoadDelegate' is mutable; this is an error in the Swift 6 language mode
 87 |             Data()
 88 | 
[159/181] Compiling RightClickCore GRPCReflectionTransport.swift
/work/Sources/RightClickCore/OriginPinnedHTTP.swift:45:19: warning: non-final class 'RedirectRejectingDelegate' cannot conform to 'Sendable'; use '@unchecked Sendable'; this is an error in the Swift 6 language mode
 43 |     }
 44 | 
 45 |     private class RedirectRejectingDelegate:
    |                   `- warning: non-final class 'RedirectRejectingDelegate' cannot conform to 'Sendable'; use '@unchecked Sendable'; this is an error in the Swift 6 language mode
 46 |         NSObject,
 47 |         URLSessionTaskDelegate

/work/Sources/RightClickCore/OriginPinnedHTTP.swift:86:21: warning: stored property 'storedData' of 'Sendable'-conforming class 'BoundedLoadDelegate' is mutable; this is an error in the Swift 6 language mode
 84 |             Int
 85 | 
 86 |         private var storedData =
    |                     `- warning: stored property 'storedData' of 'Sendable'-conforming class 'BoundedLoadDelegate' is mutable; this is an error in the Swift 6 language mode
 87 |             Data()
 88 | 
[160/181] Compiling RightClickCore GRPCReflector.swift
/work/Sources/RightClickCore/OriginPinnedHTTP.swift:45:19: warning: non-final class 'RedirectRejectingDelegate' cannot conform to 'Sendable'; use '@unchecked Sendable'; this is an error in the Swift 6 language mode
 43 |     }
 44 | 
 45 |     private class RedirectRejectingDelegate:
    |                   `- warning: non-final class 'RedirectRejectingDelegate' cannot conform to 'Sendable'; use '@unchecked Sendable'; this is an error in the Swift 6 language mode
 46 |         NSObject,
 47 |         URLSessionTaskDelegate

/work/Sources/RightClickCore/OriginPinnedHTTP.swift:86:21: warning: stored property 'storedData' of 'Sendable'-conforming class 'BoundedLoadDelegate' is mutable; this is an error in the Swift 6 language mode
 84 |             Int
 85 | 
 86 |         private var storedData =
    |                     `- warning: stored property 'storedData' of 'Sendable'-conforming class 'BoundedLoadDelegate' is mutable; this is an error in the Swift 6 language mode
 87 |             Data()
 88 | 
[161/181] Compiling RightClickCore GRPCWireCodec.swift
/work/Sources/RightClickCore/OriginPinnedHTTP.swift:45:19: warning: non-final class 'RedirectRejectingDelegate' cannot conform to 'Sendable'; use '@unchecked Sendable'; this is an error in the Swift 6 language mode
 43 |     }
 44 | 
 45 |     private class RedirectRejectingDelegate:
    |                   `- warning: non-final class 'RedirectRejectingDelegate' cannot conform to 'Sendable'; use '@unchecked Sendable'; this is an error in the Swift 6 language mode
 46 |         NSObject,
 47 |         URLSessionTaskDelegate

/work/Sources/RightClickCore/OriginPinnedHTTP.swift:86:21: warning: stored property 'storedData' of 'Sendable'-conforming class 'BoundedLoadDelegate' is mutable; this is an error in the Swift 6 language mode
 84 |             Int
 85 | 
 86 |         private var storedData =
    |                     `- warning: stored property 'storedData' of 'Sendable'-conforming class 'BoundedLoadDelegate' is mutable; this is an error in the Swift 6 language mode
 87 |             Data()
 88 | 
[162/181] Compiling RightClickCore GraphQLHTTP.swift
/work/Sources/RightClickCore/OriginPinnedHTTP.swift:45:19: warning: non-final class 'RedirectRejectingDelegate' cannot conform to 'Sendable'; use '@unchecked Sendable'; this is an error in the Swift 6 language mode
 43 |     }
 44 | 
 45 |     private class RedirectRejectingDelegate:
    |                   `- warning: non-final class 'RedirectRejectingDelegate' cannot conform to 'Sendable'; use '@unchecked Sendable'; this is an error in the Swift 6 language mode
 46 |         NSObject,
 47 |         URLSessionTaskDelegate

/work/Sources/RightClickCore/OriginPinnedHTTP.swift:86:21: warning: stored property 'storedData' of 'Sendable'-conforming class 'BoundedLoadDelegate' is mutable; this is an error in the Swift 6 language mode
 84 |             Int
 85 | 
 86 |         private var storedData =
    |                     `- warning: stored property 'storedData' of 'Sendable'-conforming class 'BoundedLoadDelegate' is mutable; this is an error in the Swift 6 language mode
 87 |             Data()
 88 | 
[163/181] Compiling RightClickCore GraphQLReflector.swift
/work/Sources/RightClickCore/OriginPinnedHTTP.swift:45:19: warning: non-final class 'RedirectRejectingDelegate' cannot conform to 'Sendable'; use '@unchecked Sendable'; this is an error in the Swift 6 language mode
 43 |     }
 44 | 
 45 |     private class RedirectRejectingDelegate:
    |                   `- warning: non-final class 'RedirectRejectingDelegate' cannot conform to 'Sendable'; use '@unchecked Sendable'; this is an error in the Swift 6 language mode
 46 |         NSObject,
 47 |         URLSessionTaskDelegate

/work/Sources/RightClickCore/OriginPinnedHTTP.swift:86:21: warning: stored property 'storedData' of 'Sendable'-conforming class 'BoundedLoadDelegate' is mutable; this is an error in the Swift 6 language mode
 84 |             Int
 85 | 
 86 |         private var storedData =
    |                     `- warning: stored property 'storedData' of 'Sendable'-conforming class 'BoundedLoadDelegate' is mutable; this is an error in the Swift 6 language mode
 87 |             Data()
 88 | 
[164/181] Compiling RightClickCore KafkaCapabilityArtifactResolver.swift
/work/Sources/RightClickCore/OriginPinnedHTTP.swift:45:19: warning: non-final class 'RedirectRejectingDelegate' cannot conform to 'Sendable'; use '@unchecked Sendable'; this is an error in the Swift 6 language mode
 43 |     }
 44 | 
 45 |     private class RedirectRejectingDelegate:
    |                   `- warning: non-final class 'RedirectRejectingDelegate' cannot conform to 'Sendable'; use '@unchecked Sendable'; this is an error in the Swift 6 language mode
 46 |         NSObject,
 47 |         URLSessionTaskDelegate

/work/Sources/RightClickCore/OriginPinnedHTTP.swift:86:21: warning: stored property 'storedData' of 'Sendable'-conforming class 'BoundedLoadDelegate' is mutable; this is an error in the Swift 6 language mode
 84 |             Int
 85 | 
 86 |         private var storedData =
    |                     `- warning: stored property 'storedData' of 'Sendable'-conforming class 'BoundedLoadDelegate' is mutable; this is an error in the Swift 6 language mode
 87 |             Data()
 88 | 
[165/181] Compiling RightClickCore KubernetesCapabilityArtifactResolver.swift
/work/Sources/RightClickCore/OriginPinnedHTTP.swift:45:19: warning: non-final class 'RedirectRejectingDelegate' cannot conform to 'Sendable'; use '@unchecked Sendable'; this is an error in the Swift 6 language mode
 43 |     }
 44 | 
 45 |     private class RedirectRejectingDelegate:
    |                   `- warning: non-final class 'RedirectRejectingDelegate' cannot conform to 'Sendable'; use '@unchecked Sendable'; this is an error in the Swift 6 language mode
 46 |         NSObject,
 47 |         URLSessionTaskDelegate

/work/Sources/RightClickCore/OriginPinnedHTTP.swift:86:21: warning: stored property 'storedData' of 'Sendable'-conforming class 'BoundedLoadDelegate' is mutable; this is an error in the Swift 6 language mode
 84 |             Int
 85 | 
 86 |         private var storedData =
    |                     `- warning: stored property 'storedData' of 'Sendable'-conforming class 'BoundedLoadDelegate' is mutable; this is an error in the Swift 6 language mode
 87 |             Data()
 88 | 
[166/181] Compiling RightClickCore MCPCapabilityArtifactResolver.swift
/work/Sources/RightClickCore/OriginPinnedHTTP.swift:45:19: warning: non-final class 'RedirectRejectingDelegate' cannot conform to 'Sendable'; use '@unchecked Sendable'; this is an error in the Swift 6 language mode
 43 |     }
 44 | 
 45 |     private class RedirectRejectingDelegate:
    |                   `- warning: non-final class 'RedirectRejectingDelegate' cannot conform to 'Sendable'; use '@unchecked Sendable'; this is an error in the Swift 6 language mode
 46 |         NSObject,
 47 |         URLSessionTaskDelegate

/work/Sources/RightClickCore/OriginPinnedHTTP.swift:86:21: warning: stored property 'storedData' of 'Sendable'-conforming class 'BoundedLoadDelegate' is mutable; this is an error in the Swift 6 language mode
 84 |             Int
 85 | 
 86 |         private var storedData =
    |                     `- warning: stored property 'storedData' of 'Sendable'-conforming class 'BoundedLoadDelegate' is mutable; this is an error in the Swift 6 language mode
 87 |             Data()
 88 | 
[167/181] Compiling RightClickCore OAuthOIDCAuthority.swift
/work/Sources/RightClickCore/OriginPinnedHTTP.swift:45:19: warning: non-final class 'RedirectRejectingDelegate' cannot conform to 'Sendable'; use '@unchecked Sendable'; this is an error in the Swift 6 language mode
 43 |     }
 44 | 
 45 |     private class RedirectRejectingDelegate:
    |                   `- warning: non-final class 'RedirectRejectingDelegate' cannot conform to 'Sendable'; use '@unchecked Sendable'; this is an error in the Swift 6 language mode
 46 |         NSObject,
 47 |         URLSessionTaskDelegate

/work/Sources/RightClickCore/OriginPinnedHTTP.swift:86:21: warning: stored property 'storedData' of 'Sendable'-conforming class 'BoundedLoadDelegate' is mutable; this is an error in the Swift 6 language mode
 84 |             Int
 85 | 
 86 |         private var storedData =
    |                     `- warning: stored property 'storedData' of 'Sendable'-conforming class 'BoundedLoadDelegate' is mutable; this is an error in the Swift 6 language mode
 87 |             Data()
 88 | 
[168/181] Compiling RightClickCore OpenAPIAuthority.swift
/work/Sources/RightClickCore/OriginPinnedHTTP.swift:45:19: warning: non-final class 'RedirectRejectingDelegate' cannot conform to 'Sendable'; use '@unchecked Sendable'; this is an error in the Swift 6 language mode
 43 |     }
 44 | 
 45 |     private class RedirectRejectingDelegate:
    |                   `- warning: non-final class 'RedirectRejectingDelegate' cannot conform to 'Sendable'; use '@unchecked Sendable'; this is an error in the Swift 6 language mode
 46 |         NSObject,
 47 |         URLSessionTaskDelegate

/work/Sources/RightClickCore/OriginPinnedHTTP.swift:86:21: warning: stored property 'storedData' of 'Sendable'-conforming class 'BoundedLoadDelegate' is mutable; this is an error in the Swift 6 language mode
 84 |             Int
 85 | 
 86 |         private var storedData =
    |                     `- warning: stored property 'storedData' of 'Sendable'-conforming class 'BoundedLoadDelegate' is mutable; this is an error in the Swift 6 language mode
 87 |             Data()
 88 | 
[169/181] Compiling RightClickCore OpenAPIReflector.swift
/work/Sources/RightClickCore/OriginPinnedHTTP.swift:45:19: warning: non-final class 'RedirectRejectingDelegate' cannot conform to 'Sendable'; use '@unchecked Sendable'; this is an error in the Swift 6 language mode
 43 |     }
 44 | 
 45 |     private class RedirectRejectingDelegate:
    |                   `- warning: non-final class 'RedirectRejectingDelegate' cannot conform to 'Sendable'; use '@unchecked Sendable'; this is an error in the Swift 6 language mode
 46 |         NSObject,
 47 |         URLSessionTaskDelegate

/work/Sources/RightClickCore/OriginPinnedHTTP.swift:86:21: warning: stored property 'storedData' of 'Sendable'-conforming class 'BoundedLoadDelegate' is mutable; this is an error in the Swift 6 language mode
 84 |             Int
 85 | 
 86 |         private var storedData =
    |                     `- warning: stored property 'storedData' of 'Sendable'-conforming class 'BoundedLoadDelegate' is mutable; this is an error in the Swift 6 language mode
 87 |             Data()
 88 | 
[170/181] Compiling RightClickCore OriginPinnedHTTP.swift
/work/Sources/RightClickCore/OriginPinnedHTTP.swift:45:19: warning: non-final class 'RedirectRejectingDelegate' cannot conform to 'Sendable'; use '@unchecked Sendable'; this is an error in the Swift 6 language mode
 43 |     }
 44 | 
 45 |     private class RedirectRejectingDelegate:
    |                   `- warning: non-final class 'RedirectRejectingDelegate' cannot conform to 'Sendable'; use '@unchecked Sendable'; this is an error in the Swift 6 language mode
 46 |         NSObject,
 47 |         URLSessionTaskDelegate

/work/Sources/RightClickCore/OriginPinnedHTTP.swift:86:21: warning: stored property 'storedData' of 'Sendable'-conforming class 'BoundedLoadDelegate' is mutable; this is an error in the Swift 6 language mode
 84 |             Int
 85 | 
 86 |         private var storedData =
    |                     `- warning: stored property 'storedData' of 'Sendable'-conforming class 'BoundedLoadDelegate' is mutable; this is an error in the Swift 6 language mode
 87 |             Data()
 88 | 
[171/184] Write sources
[173/184] Wrapping AST for RightClickCore for debugging
error: emit-module command failed with exit code 1 (use -v to see invocation)
[175/233] Emitting module RightClickCoreTests
/work/Tests/RightClickCoreTests/OpenAPIAcknowledgementTests.swift:1:8: error: no such module 'CryptoKit'
  1 | import CryptoKit
    |        `- error: no such module 'CryptoKit'
  2 | import Foundation
  3 | import XCTest
[176/254] Compiling RightClickCoreTests BonjourOpenAPISourceTests.swift
[177/254] Compiling RightClickCoreTests CapabilityABIAdapterTests.swift
[178/254] Emitting module RightClickMCP
[179/254] Compiling RightClickCoreTests A2ARealLifecycleTests.swift
/work/Sources/RightClickMCP/Federation.swift:965:29: warning: reference to captured var 'request' in concurrently-executing code; this is an error in the Swift 6 language mode [#SendableClosureCaptures]
 963 |                     .data(
 964 |                         for:
 965 |                             request
     |                             `- warning: reference to captured var 'request' in concurrently-executing code; this is an error in the Swift 6 language mode [#SendableClosureCaptures]
 966 |                     )
 967 | 

[#SendableClosureCaptures]: <https://docs.swift.org/compiler/documentation/diagnostics/sendable-closure-captures>
[180/254] Compiling RightClickCoreTests ARDAcquisitionGateTests.swift
/work/Sources/RightClickMCP/Federation.swift:965:29: warning: reference to captured var 'request' in concurrently-executing code; this is an error in the Swift 6 language mode [#SendableClosureCaptures]
 963 |                     .data(
 964 |                         for:
 965 |                             request
     |                             `- warning: reference to captured var 'request' in concurrently-executing code; this is an error in the Swift 6 language mode [#SendableClosureCaptures]
 966 |                     )
 967 | 

[#SendableClosureCaptures]: <https://docs.swift.org/compiler/documentation/diagnostics/sendable-closure-captures>
[181/255] Compiling RightClickCoreTests GraphQLReflectorTests.swift
/work/Tests/RightClickCoreTests/OpenAPIAcknowledgementTests.swift:1:8: error: no such module 'CryptoKit'
  1 | import CryptoKit
    |        `- error: no such module 'CryptoKit'
  2 | import Foundation
  3 | import XCTest
[182/255] Compiling RightClickCoreTests HostProtectedReferenceTests.swift
/work/Tests/RightClickCoreTests/OpenAPIAcknowledgementTests.swift:1:8: error: no such module 'CryptoKit'
  1 | import CryptoKit
    |        `- error: no such module 'CryptoKit'
  2 | import Foundation
  3 | import XCTest
[183/255] Compiling RightClickCoreTests InvocationBindingTests.swift
/work/Tests/RightClickCoreTests/OpenAPIAcknowledgementTests.swift:1:8: error: no such module 'CryptoKit'
  1 | import CryptoKit
    |        `- error: no such module 'CryptoKit'
  2 | import Foundation
  3 | import XCTest
[184/255] Compiling RightClickCoreTests KafkaCapabilityTests.swift
/work/Tests/RightClickCoreTests/OpenAPIAcknowledgementTests.swift:1:8: error: no such module 'CryptoKit'
  1 | import CryptoKit
    |        `- error: no such module 'CryptoKit'
  2 | import Foundation
  3 | import XCTest
[185/255] Compiling RightClickCoreTests KubernetesCapabilityArtifactTests.swift
/work/Tests/RightClickCoreTests/OpenAPIAcknowledgementTests.swift:1:8: error: no such module 'CryptoKit'
  1 | import CryptoKit
    |        `- error: no such module 'CryptoKit'
  2 | import Foundation
  3 | import XCTest
[186/255] Compiling RightClickCoreTests MOAT004G1AcquisitionTests.swift
/work/Tests/RightClickCoreTests/OpenAPIAcknowledgementTests.swift:1:8: error: no such module 'CryptoKit'
  1 | import CryptoKit
    |        `- error: no such module 'CryptoKit'
  2 | import Foundation
  3 | import XCTest
[187/255] Compiling RightClickCoreTests MOAT004G2SplitOriginTests.swift
/work/Tests/RightClickCoreTests/OpenAPIAcknowledgementTests.swift:1:8: error: no such module 'CryptoKit'
  1 | import CryptoKit
    |        `- error: no such module 'CryptoKit'
  2 | import Foundation
  3 | import XCTest
[188/255] Compiling RightClickCoreTests MOAT004G3ZeroArgumentGETTests.swift
/work/Tests/RightClickCoreTests/OpenAPIAcknowledgementTests.swift:1:8: error: no such module 'CryptoKit'
  1 | import CryptoKit
    |        `- error: no such module 'CryptoKit'
  2 | import Foundation
  3 | import XCTest
[189/255] Compiling RightClickCoreTests MOAT004G4JSONSyntaxFallbackTests.swift
/work/Tests/RightClickCoreTests/OpenAPIAcknowledgementTests.swift:1:8: error: no such module 'CryptoKit'
  1 | import CryptoKit
    |        `- error: no such module 'CryptoKit'
  2 | import Foundation
  3 | import XCTest
[190/255] Compiling RightClickCoreTests MOAT004G6RealGitHubAuthenticatedCompatibilityTests.swift
/work/Tests/RightClickCoreTests/OpenAPIAcknowledgementTests.swift:1:8: error: no such module 'CryptoKit'
  1 | import CryptoKit
    |        `- error: no such module 'CryptoKit'
  2 | import Foundation
  3 | import XCTest
[191/255] Compiling RightClickCoreTests MOAT005G1PathAndJSONBodyTests.swift
/work/Tests/RightClickCoreTests/OpenAPIAcknowledgementTests.swift:1:8: error: no such module 'CryptoKit'
  1 | import CryptoKit
    |        `- error: no such module 'CryptoKit'
  2 | import Foundation
  3 | import XCTest
[192/255] Compiling RightClickCoreTests MOAT005G2MultiplePathArgumentsTests.swift
/work/Tests/RightClickCoreTests/OpenAPIAcknowledgementTests.swift:1:8: error: no such module 'CryptoKit'
  1 | import CryptoKit
    |        `- error: no such module 'CryptoKit'
  2 | import Foundation
  3 | import XCTest
[193/255] Compiling RightClickCoreTests MOAT005G3GitHubRequestSchemaTests.swift
/work/Tests/RightClickCoreTests/OpenAPIAcknowledgementTests.swift:1:8: error: no such module 'CryptoKit'
  1 | import CryptoKit
    |        `- error: no such module 'CryptoKit'
  2 | import Foundation
  3 | import XCTest
[194/255] Compiling RightClickCoreTests MOAT005G4MutationJSONResponseFallbackTests.swift
/work/Tests/RightClickCoreTests/OpenAPIAcknowledgementTests.swift:1:8: error: no such module 'CryptoKit'
  1 | import CryptoKit
    |        `- error: no such module 'CryptoKit'
  2 | import Foundation
  3 | import XCTest
[195/255] Compiling RightClickCoreTests MOAT005G5FullFrozenGitHubContractTests.swift
/work/Tests/RightClickCoreTests/OpenAPIAcknowledgementTests.swift:1:8: error: no such module 'CryptoKit'
  1 | import CryptoKit
    |        `- error: no such module 'CryptoKit'
  2 | import Foundation
  3 | import XCTest
[196/255] Compiling RightClickCoreTests MOAT005G6MultiSegmentPathTests.swift
/work/Tests/RightClickCoreTests/OpenAPIAcknowledgementTests.swift:1:8: error: no such module 'CryptoKit'
  1 | import CryptoKit
    |        `- error: no such module 'CryptoKit'
  2 | import Foundation
  3 | import XCTest
[197/255] Compiling RightClickCoreTests NetworkOriginAuthorityTests.swift
/work/Tests/RightClickCoreTests/OpenAPIAcknowledgementTests.swift:1:8: error: no such module 'CryptoKit'
  1 | import CryptoKit
    |        `- error: no such module 'CryptoKit'
  2 | import Foundation
  3 | import XCTest
[198/255] Compiling RightClickCoreTests OAuthOIDCAuthorityTests.swift
/work/Tests/RightClickCoreTests/OpenAPIAcknowledgementTests.swift:1:8: error: no such module 'CryptoKit'
  1 | import CryptoKit
    |        `- error: no such module 'CryptoKit'
  2 | import Foundation
  3 | import XCTest
[199/255] Compiling RightClickCoreTests OpenAPIAcknowledgementTests.swift
/work/Tests/RightClickCoreTests/OpenAPIAcknowledgementTests.swift:1:8: error: no such module 'CryptoKit'
  1 | import CryptoKit
    |        `- error: no such module 'CryptoKit'
  2 | import Foundation
  3 | import XCTest
[200/255] Compiling RightClickCoreTests OpenAPIAcquisitionBoundsTests.swift
/work/Tests/RightClickCoreTests/OpenAPIAcknowledgementTests.swift:1:8: error: no such module 'CryptoKit'
  1 | import CryptoKit
    |        `- error: no such module 'CryptoKit'
  2 | import Foundation
  3 | import XCTest
[201/255] Compiling RightClickCoreTests OpenAPIAuthorityTests.swift
/work/Tests/RightClickCoreTests/OpenAPIAcknowledgementTests.swift:1:8: error: no such module 'CryptoKit'
  1 | import CryptoKit
    |        `- error: no such module 'CryptoKit'
  2 | import Foundation
  3 | import XCTest
/work/Tests/RightClickCoreTests/OpenAPIAcknowledgementTests.swift:1:8: error: no such module 'CryptoKit'
  1 | import CryptoKit
    |        `- error: no such module 'CryptoKit'
  2 | import Foundation
  3 | import XCTest
/work/Tests/RightClickCoreTests/OpenAPIAcknowledgementTests.swift:1:8: error: no such module 'CryptoKit'
  1 | import CryptoKit
    |        `- error: no such module 'CryptoKit'
  2 | import Foundation
  3 | import XCTest
/work/Tests/RightClickCoreTests/OpenAPIAcknowledgementTests.swift:1:8: error: no such module 'CryptoKit'
  1 | import CryptoKit
    |        `- error: no such module 'CryptoKit'
  2 | import Foundation
  3 | import XCTest
/work/Tests/RightClickCoreTests/OpenAPIAcknowledgementTests.swift:1:8: error: no such module 'CryptoKit'
  1 | import CryptoKit
    |        `- error: no such module 'CryptoKit'
  2 | import Foundation
  3 | import XCTest
[206/255] Compiling RightClickCoreTests CapabilityABIBoundaryTests.swift
/work/Tests/RightClickCoreTests/OpenAPIAcknowledgementTests.swift:1:8: error: no such module 'CryptoKit'
  1 | import CryptoKit
    |        `- error: no such module 'CryptoKit'
  2 | import Foundation
  3 | import XCTest
[207/255] Compiling RightClickCoreTests CapabilityABITests.swift
/work/Tests/RightClickCoreTests/OpenAPIAcknowledgementTests.swift:1:8: error: no such module 'CryptoKit'
  1 | import CryptoKit
    |        `- error: no such module 'CryptoKit'
  2 | import Foundation
  3 | import XCTest
[208/255] Compiling RightClickCoreTests CapabilityAcquisitionLifecycleTests.swift
/work/Tests/RightClickCoreTests/OpenAPIAcknowledgementTests.swift:1:8: error: no such module 'CryptoKit'
  1 | import CryptoKit
    |        `- error: no such module 'CryptoKit'
  2 | import Foundation
  3 | import XCTest
[209/255] Compiling RightClickCoreTests CapabilityArtifactResolverTests.swift
/work/Tests/RightClickCoreTests/OpenAPIAcknowledgementTests.swift:1:8: error: no such module 'CryptoKit'
  1 | import CryptoKit
    |        `- error: no such module 'CryptoKit'
  2 | import Foundation
  3 | import XCTest
[210/255] Compiling RightClickCoreTests CapabilityExperienceLedgerTests.swift
/work/Tests/RightClickCoreTests/OpenAPIAcknowledgementTests.swift:1:8: error: no such module 'CryptoKit'
  1 | import CryptoKit
    |        `- error: no such module 'CryptoKit'
  2 | import Foundation
  3 | import XCTest
[211/255] Compiling RightClickCoreTests CapabilityExperienceTests.swift
/work/Tests/RightClickCoreTests/OpenAPIAcknowledgementTests.swift:1:8: error: no such module 'CryptoKit'
  1 | import CryptoKit
    |        `- error: no such module 'CryptoKit'
  2 | import Foundation
  3 | import XCTest
[212/255] Compiling RightClickCoreTests CapabilityInterfaceTests.swift
/work/Tests/RightClickCoreTests/OpenAPIAcknowledgementTests.swift:1:8: error: no such module 'CryptoKit'
  1 | import CryptoKit
    |        `- error: no such module 'CryptoKit'
  2 | import Foundation
  3 | import XCTest
[213/255] Compiling RightClickCoreTests CapabilityReflectorSourceTests.swift
/work/Tests/RightClickCoreTests/OpenAPIAcknowledgementTests.swift:1:8: error: no such module 'CryptoKit'
  1 | import CryptoKit
    |        `- error: no such module 'CryptoKit'
  2 | import Foundation
  3 | import XCTest
[214/255] Compiling RightClickCoreTests CapabilityRuntimeDefaultsTests.swift
/work/Tests/RightClickCoreTests/OpenAPIAcknowledgementTests.swift:1:8: error: no such module 'CryptoKit'
  1 | import CryptoKit
    |        `- error: no such module 'CryptoKit'
  2 | import Foundation
  3 | import XCTest
[215/255] Compiling RightClickCoreTests CapabilitySnapshotBoundaryTests.swift
/work/Tests/RightClickCoreTests/OpenAPIAcknowledgementTests.swift:1:8: error: no such module 'CryptoKit'
  1 | import CryptoKit
    |        `- error: no such module 'CryptoKit'
  2 | import Foundation
  3 | import XCTest
[216/255] Compiling RightClickCoreTests CapabilityStringConstraintTests.swift
/work/Tests/RightClickCoreTests/OpenAPIAcknowledgementTests.swift:1:8: error: no such module 'CryptoKit'
  1 | import CryptoKit
    |        `- error: no such module 'CryptoKit'
  2 | import Foundation
  3 | import XCTest
[217/255] Compiling RightClickCoreTests ConfiguredOpenAPISourceTests.swift
/work/Tests/RightClickCoreTests/OpenAPIAcknowledgementTests.swift:1:8: error: no such module 'CryptoKit'
  1 | import CryptoKit
    |        `- error: no such module 'CryptoKit'
  2 | import Foundation
  3 | import XCTest
[218/255] Compiling RightClickCoreTests DispatchContractBindingTests.swift
/work/Tests/RightClickCoreTests/OpenAPIAcknowledgementTests.swift:1:8: error: no such module 'CryptoKit'
  1 | import CryptoKit
    |        `- error: no such module 'CryptoKit'
  2 | import Foundation
  3 | import XCTest
[219/255] Compiling RightClickCoreTests ExecutionCapacityAdmissionTests.swift
/work/Tests/RightClickCoreTests/OpenAPIAcknowledgementTests.swift:1:8: error: no such module 'CryptoKit'
  1 | import CryptoKit
    |        `- error: no such module 'CryptoKit'
  2 | import Foundation
  3 | import XCTest
[220/255] Compiling RightClickCoreTests ExecutionRetentionTests.swift
/work/Tests/RightClickCoreTests/OpenAPIAcknowledgementTests.swift:1:8: error: no such module 'CryptoKit'
  1 | import CryptoKit
    |        `- error: no such module 'CryptoKit'
  2 | import Foundation
  3 | import XCTest
[221/255] Compiling RightClickCoreTests GRPCRealProviderAcceptanceTests.swift
/work/Tests/RightClickCoreTests/OpenAPIAcknowledgementTests.swift:1:8: error: no such module 'CryptoKit'
  1 | import CryptoKit
    |        `- error: no such module 'CryptoKit'
  2 | import Foundation
  3 | import XCTest
[222/255] Compiling RightClickCoreTests GRPCReflectionTransportTests.swift
/work/Tests/RightClickCoreTests/OpenAPIAcknowledgementTests.swift:1:8: error: no such module 'CryptoKit'
  1 | import CryptoKit
    |        `- error: no such module 'CryptoKit'
  2 | import Foundation
  3 | import XCTest
[223/255] Compiling RightClickCoreTests GRPCReflectorTests.swift
/work/Tests/RightClickCoreTests/OpenAPIAcknowledgementTests.swift:1:8: error: no such module 'CryptoKit'
  1 | import CryptoKit
    |        `- error: no such module 'CryptoKit'
  2 | import Foundation
  3 | import XCTest
[224/255] Compiling RightClickMCP Server.swift
/work/Sources/RightClickMCP/Server.swift:316:37: warning: 'text(_:metadata:)' is deprecated: Use .text(text:annotations:_meta:) instead. [#DeprecatedDeclaration]
314 |                 transport: transport
315 |             )
316 |             return .init(content: [.text(text)], isError: false)
    |                                     `- warning: 'text(_:metadata:)' is deprecated: Use .text(text:annotations:_meta:) instead. [#DeprecatedDeclaration]
317 |         } catch {
318 |             return .init(content: [.text(String(describing: error))], isError: true)

/work/Sources/RightClickMCP/Server.swift:318:37: warning: 'text(_:metadata:)' is deprecated: Use .text(text:annotations:_meta:) instead. [#DeprecatedDeclaration]
316 |             return .init(content: [.text(text)], isError: false)
317 |         } catch {
318 |             return .init(content: [.text(String(describing: error))], isError: true)
    |                                     `- warning: 'text(_:metadata:)' is deprecated: Use .text(text:annotations:_meta:) instead. [#DeprecatedDeclaration]
319 |         }
320 |     }

[#DeprecatedDeclaration]: <https://docs.swift.org/compiler/documentation/diagnostics/deprecated-declaration>
[226/255] Compiling RightClickCoreTests OpenAPIRealProviderAcceptanceTests.swift
/work/Tests/RightClickCoreTests/OpenAPIAcknowledgementTests.swift:1:8: error: no such module 'CryptoKit'
  1 | import CryptoKit
    |        `- error: no such module 'CryptoKit'
  2 | import Foundation
  3 | import XCTest
[227/255] Compiling RightClickCoreTests OpenAPIReflectorTests.swift
/work/Tests/RightClickCoreTests/OpenAPIAcknowledgementTests.swift:1:8: error: no such module 'CryptoKit'
  1 | import CryptoKit
    |        `- error: no such module 'CryptoKit'
  2 | import Foundation
  3 | import XCTest
[228/255] Compiling RightClickCoreTests PolicyTests.swift
/work/Tests/RightClickCoreTests/OpenAPIAcknowledgementTests.swift:1:8: error: no such module 'CryptoKit'
  1 | import CryptoKit
    |        `- error: no such module 'CryptoKit'
  2 | import Foundation
  3 | import XCTest
[229/255] Compiling RightClickCoreTests PortableRuntimeTests.swift
/work/Tests/RightClickCoreTests/OpenAPIAcknowledgementTests.swift:1:8: error: no such module 'CryptoKit'
  1 | import CryptoKit
    |        `- error: no such module 'CryptoKit'
  2 | import Foundation
  3 | import XCTest
[230/255] Compiling RightClickCoreTests ProductSurfaceRuntimeTests.swift
/work/Tests/RightClickCoreTests/OpenAPIAcknowledgementTests.swift:1:8: error: no such module 'CryptoKit'
  1 | import CryptoKit
    |        `- error: no such module 'CryptoKit'
  2 | import Foundation
  3 | import XCTest
[231/255] Compiling RightClickCoreTests RCIRBoundaryTests.swift
/work/Tests/RightClickCoreTests/OpenAPIAcknowledgementTests.swift:1:8: error: no such module 'CryptoKit'
  1 | import CryptoKit
    |        `- error: no such module 'CryptoKit'
  2 | import Foundation
  3 | import XCTest
[232/255] Compiling RightClickCoreTests RCIRDeferredCapacityTests.swift
/work/Tests/RightClickCoreTests/OpenAPIAcknowledgementTests.swift:1:8: error: no such module 'CryptoKit'
  1 | import CryptoKit
    |        `- error: no such module 'CryptoKit'
  2 | import Foundation
  3 | import XCTest
[233/255] Compiling RightClickCoreTests RCIRDeferredProductionTests.swift
/work/Tests/RightClickCoreTests/OpenAPIAcknowledgementTests.swift:1:8: error: no such module 'CryptoKit'
  1 | import CryptoKit
    |        `- error: no such module 'CryptoKit'
  2 | import Foundation
  3 | import XCTest
[234/255] Compiling RightClickCoreTests RCIRHTTPJSONObservationTests.swift
/work/Tests/RightClickCoreTests/OpenAPIAcknowledgementTests.swift:1:8: error: no such module 'CryptoKit'
  1 | import CryptoKit
    |        `- error: no such module 'CryptoKit'
  2 | import Foundation
  3 | import XCTest
[235/255] Compiling RightClickCoreTests RCIRIntegrationTests.swift
/work/Tests/RightClickCoreTests/OpenAPIAcknowledgementTests.swift:1:8: error: no such module 'CryptoKit'
  1 | import CryptoKit
    |        `- error: no such module 'CryptoKit'
  2 | import Foundation
  3 | import XCTest
[236/255] Compiling RightClickCoreTests RCIRInvocationBindingTests.swift
/work/Tests/RightClickCoreTests/OpenAPIAcknowledgementTests.swift:1:8: error: no such module 'CryptoKit'
  1 | import CryptoKit
    |        `- error: no such module 'CryptoKit'
  2 | import Foundation
  3 | import XCTest
[237/255] Compiling RightClickCoreTests RCIRInvocationIsolationTests.swift
/work/Tests/RightClickCoreTests/OpenAPIAcknowledgementTests.swift:1:8: error: no such module 'CryptoKit'
  1 | import CryptoKit
    |        `- error: no such module 'CryptoKit'
  2 | import Foundation
  3 | import XCTest
[238/255] Compiling RightClickCoreTests RCIRNoOutputTests.swift
/work/Tests/RightClickCoreTests/OpenAPIAcknowledgementTests.swift:1:8: error: no such module 'CryptoKit'
  1 | import CryptoKit
    |        `- error: no such module 'CryptoKit'
  2 | import Foundation
  3 | import XCTest
[239/255] Compiling RightClickCoreTests RCIRProductionDispatchTests.swift
/work/Tests/RightClickCoreTests/OpenAPIAcknowledgementTests.swift:1:8: error: no such module 'CryptoKit'
  1 | import CryptoKit
    |        `- error: no such module 'CryptoKit'
  2 | import Foundation
  3 | import XCTest
[240/255] Compiling RightClickCoreTests RCIRStructuredObservationTests.swift
/work/Tests/RightClickCoreTests/OpenAPIAcknowledgementTests.swift:1:8: error: no such module 'CryptoKit'
  1 | import CryptoKit
    |        `- error: no such module 'CryptoKit'
  2 | import Foundation
  3 | import XCTest
[241/255] Compiling RightClickCoreTests RCIRTests.swift
/work/Tests/RightClickCoreTests/OpenAPIAcknowledgementTests.swift:1:8: error: no such module 'CryptoKit'
  1 | import CryptoKit
    |        `- error: no such module 'CryptoKit'
  2 | import Foundation
  3 | import XCTest
[242/255] Compiling RightClickCoreTests RCIRUnaryAdmissionTests.swift
/work/Tests/RightClickCoreTests/OpenAPIAcknowledgementTests.swift:1:8: error: no such module 'CryptoKit'
  1 | import CryptoKit
    |        `- error: no such module 'CryptoKit'
  2 | import Foundation
  3 | import XCTest
[243/255] Compiling RightClickCoreTests RCIRUnitCompletionTests.swift
/work/Tests/RightClickCoreTests/OpenAPIAcknowledgementTests.swift:1:8: error: no such module 'CryptoKit'
  1 | import CryptoKit
    |        `- error: no such module 'CryptoKit'
  2 | import Foundation
  3 | import XCTest
[244/255] Compiling RightClickCoreTests ServiceOutcomeTests.swift
/work/Tests/RightClickCoreTests/OpenAPIAcknowledgementTests.swift:1:8: error: no such module 'CryptoKit'
  1 | import CryptoKit
    |        `- error: no such module 'CryptoKit'
  2 | import Foundation
  3 | import XCTest
[245/255] Compiling RightClickCoreTests SharingExecutionTests.swift
/work/Tests/RightClickCoreTests/OpenAPIAcknowledgementTests.swift:1:8: error: no such module 'CryptoKit'
  1 | import CryptoKit
    |        `- error: no such module 'CryptoKit'
  2 | import Foundation
  3 | import XCTest
[246/255] Compiling RightClickCoreTests UniversalReflectorContractTests.swift
/work/Tests/RightClickCoreTests/OpenAPIAcknowledgementTests.swift:1:8: error: no such module 'CryptoKit'
  1 | import CryptoKit
    |        `- error: no such module 'CryptoKit'
  2 | import Foundation
  3 | import XCTest
error: fatalError
