2026-10-07T16:21:44.4733609Z Current runner version: '2.337.0'
2026-10-07T16:21:44.4751557Z ##[group]Runner Image Provisioner
2026-10-07T16:21:44.4752152Z Hosted Compute Agent
2026-10-07T16:21:44.4752552Z Version: 20260901.588
2026-10-07T16:21:44.4752949Z Commit: f88ec8081b781fac6c440065ac7ff9e710ce3d0b
2026-10-07T16:21:44.4753364Z Build Date: 2026-09-01T19:56:44Z
2026-10-07T16:21:44.4753746Z Worker ID: {1b357f3a-a146-4f6f-bb82-ef1bade2df5e}
2026-10-07T16:21:44.4754200Z Azure Region: centralus
2026-10-07T16:21:44.4754539Z ##[endgroup]
2026-10-07T16:21:44.4755314Z ##[group]Operating System
2026-10-07T16:21:44.4755675Z Ubuntu
2026-10-07T16:21:44.4755979Z 24.04.5
2026-10-07T16:21:44.4756308Z LTS
2026-10-07T16:21:44.4756664Z ##[endgroup]
2026-10-07T16:21:44.4757003Z ##[group]Runner Image
2026-10-07T16:21:44.4757358Z Image: ubuntu-24.04
2026-10-07T16:21:44.4757935Z Version: 20260927.320.1
2026-10-07T16:21:44.4758689Z Included Software: https://github.com/actions/runner-images/blob/ubuntu24/20260927.320/images/ubuntu/Ubuntu2404-Readme.md
2026-10-07T16:21:44.4759589Z Image Release: https://github.com/actions/runner-images/releases/tag/ubuntu24%2F20260927.320
2026-10-07T16:21:44.4760144Z ##[endgroup]
2026-10-07T16:21:44.4760791Z ##[group]GITHUB_TOKEN Permissions
2026-10-07T16:21:44.4761990Z Contents: read
2026-10-07T16:21:44.4762348Z Metadata: read
2026-10-07T16:21:44.4762731Z ##[endgroup]
2026-10-07T16:21:44.4763959Z Secret source: Actions
2026-10-07T16:21:44.4764537Z Cache mode: write
2026-10-07T16:21:44.4764970Z Prepare workflow directory
2026-10-07T16:21:44.5000247Z Prepare all required actions
2026-10-07T16:21:44.5029663Z Getting action download info
2026-10-07T16:21:44.7851166Z Download action repository 'actions/checkout@de0fac2e4500dabe0009e67214ff5f5447ce83dd' (SHA:de0fac2e4500dabe0009e67214ff5f5447ce83dd)
2026-10-07T16:21:44.8582420Z Download action repository 'actions/upload-artifact@ea165f8d65b6e75b540449e92b4886f43607fa02' (SHA:ea165f8d65b6e75b540449e92b4886f43607fa02)
2026-10-07T16:21:45.0575053Z Complete job name: linux
2026-10-07T16:21:45.0896238Z ##[group]Checking docker version
2026-10-07T16:21:45.0904331Z ##[command]/usr/bin/docker version --format '{{.Server.APIVersion}}'
2026-10-07T16:21:45.1702182Z '1.48'
2026-10-07T16:21:45.1711610Z Docker daemon API version: '1.48'
2026-10-07T16:21:45.1712059Z ##[command]/usr/bin/docker version --format '{{.Client.APIVersion}}'
2026-10-07T16:21:45.1829817Z '1.48'
2026-10-07T16:21:45.1841681Z Docker client API version: '1.48'
2026-10-07T16:21:45.1846201Z ##[endgroup]
2026-10-07T16:21:45.1847652Z ##[group]Clean up resources from previous jobs
2026-10-07T16:21:45.1852040Z ##[command]/usr/bin/docker ps --all --quiet --no-trunc --filter "label=a0a10b"
2026-10-07T16:21:45.1954170Z ##[command]/usr/bin/docker network prune --force --filter "label=a0a10b"
2026-10-07T16:21:45.2060718Z ##[endgroup]
2026-10-07T16:21:45.2061043Z ##[group]Create local container network
2026-10-07T16:21:45.2067933Z ##[command]/usr/bin/docker network create --label a0a10b github_network_7a16a482d1bf484ab0be7c615657c229
2026-10-07T16:21:45.3071380Z eb7d5b1c10fe1fcf686fc8c3534b4050210b869467b39aacdf18868d11e5c014
2026-10-07T16:21:45.3088259Z ##[endgroup]
2026-10-07T16:21:45.3105601Z ##[group]Starting job container
2026-10-07T16:21:45.3122916Z ##[command]/usr/bin/docker pull swift:6.2
2026-10-07T16:21:46.4574361Z 6.2: Pulling from library/swift
2026-10-07T16:21:46.6981584Z a60ef8ec184e: Pulling fs layer
2026-10-07T16:21:46.6982236Z a216b873ccfb: Pulling fs layer
2026-10-07T16:21:46.6982676Z c52694f1956e: Pulling fs layer
2026-10-07T16:21:46.6983069Z 6fd02838be31: Pulling fs layer
2026-10-07T16:21:46.6983446Z 6fd02838be31: Waiting
2026-10-07T16:21:47.0168969Z a60ef8ec184e: Verifying Checksum
2026-10-07T16:21:47.0169494Z a60ef8ec184e: Download complete
2026-10-07T16:21:47.1465707Z 6fd02838be31: Verifying Checksum
2026-10-07T16:21:47.1466711Z 6fd02838be31: Download complete
2026-10-07T16:21:47.2448763Z a216b873ccfb: Verifying Checksum
2026-10-07T16:21:47.2450297Z a216b873ccfb: Download complete
2026-10-07T16:21:48.5541365Z a60ef8ec184e: Pull complete
2026-10-07T16:21:50.0471827Z c52694f1956e: Verifying Checksum
2026-10-07T16:22:02.7620268Z c52694f1956e: Download complete
2026-10-07T16:22:02.7620721Z a216b873ccfb: Pull complete
2026-10-07T16:22:25.4800831Z c52694f1956e: Pull complete
2026-10-07T16:22:25.4881221Z 6fd02838be31: Pull complete
2026-10-07T16:22:25.4909948Z Digest: sha256:eccc7a97f9b9881d9659e2e788081fd7675f86d39793b51200bfb178398b3784
2026-10-07T16:22:25.4921103Z Status: Downloaded newer image for swift:6.2
2026-10-07T16:22:25.4928148Z docker.io/library/swift:6.2
2026-10-07T16:22:25.4983838Z ##[command]/usr/bin/docker create --name 314d1677d91b4dd1a172fc0560ccb3f4_swift62_814f7a --label a0a10b --workdir /__w/rightclick/rightclick --network github_network_7a16a482d1bf484ab0be7c615657c229  -e "HOME=/github/home" -e GITHUB_ACTIONS=true -e CI=true -v "/var/run/docker.sock":"/var/run/docker.sock" -v "/home/runner/work":"/__w" -v "/home/runner/actions-runner/cached/2.337.0/externals":"/__e":ro -v "/home/runner/work/_temp":"/__w/_temp" -v "/home/runner/work/_actions":"/__w/_actions" -v "/opt/hostedtoolcache":"/__t" -v "/home/runner/work/_temp/_github_home":"/github/home" -v "/home/runner/work/_temp/_github_workflow":"/github/workflow" --entrypoint "tail" swift:6.2 "-f" "/dev/null"
2026-10-07T16:22:25.5182239Z b41626469115c07c4f97ff6aec11c80fbd20ee4c3c0318ad89da1bd00ae0a436
2026-10-07T16:22:25.5201997Z ##[command]/usr/bin/docker start b41626469115c07c4f97ff6aec11c80fbd20ee4c3c0318ad89da1bd00ae0a436
2026-10-07T16:22:25.6676307Z b41626469115c07c4f97ff6aec11c80fbd20ee4c3c0318ad89da1bd00ae0a436
2026-10-07T16:22:25.6692832Z ##[command]/usr/bin/docker ps --all --filter id=b41626469115c07c4f97ff6aec11c80fbd20ee4c3c0318ad89da1bd00ae0a436 --filter status=running --no-trunc --format "{{.ID}} {{.Status}}"
2026-10-07T16:22:25.6776243Z b41626469115c07c4f97ff6aec11c80fbd20ee4c3c0318ad89da1bd00ae0a436 Up Less than a second
2026-10-07T16:22:25.6792140Z ##[command]/usr/bin/docker inspect --format "{{range .Config.Env}}{{println .}}{{end}}" b41626469115c07c4f97ff6aec11c80fbd20ee4c3c0318ad89da1bd00ae0a436
2026-10-07T16:22:25.6876427Z HOME=/github/home
2026-10-07T16:22:25.6876700Z GITHUB_ACTIONS=true
2026-10-07T16:22:25.6876940Z CI=true
2026-10-07T16:22:25.6877250Z PATH=/usr/local/sbin:/usr/local/bin:/usr/sbin:/usr/bin:/sbin:/bin
2026-10-07T16:22:25.6877721Z SWIFT_SIGNING_KEY=52BB7E3DE28A71BE22EC05FFEF80A866B47A981F
2026-10-07T16:22:25.6878025Z SWIFT_PLATFORM=ubuntu24.04
2026-10-07T16:22:25.6878278Z SWIFT_BRANCH=swift-6.2.4-release
2026-10-07T16:22:25.6878496Z SWIFT_VERSION=swift-6.2.4-RELEASE
2026-10-07T16:22:25.6878903Z SWIFT_WEBROOT=https://download.swift.org
2026-10-07T16:22:25.6892591Z ##[endgroup]
2026-10-07T16:22:25.6898986Z ##[group]Waiting for all services to be ready
2026-10-07T16:22:25.6900069Z ##[endgroup]
2026-10-07T16:22:25.7089250Z ##[group]Run actions/checkout@de0fac2e4500dabe0009e67214ff5f5447ce83dd
2026-10-07T16:22:25.7089566Z with:
2026-10-07T16:22:25.7089703Z   ref: 82f7ec2232394049c89e6c424c3374ef0758404c
2026-10-07T16:22:25.7146761Z   repository: rossbuckley1990-hash/rightclick
2026-10-07T16:22:25.7148582Z   token: ***
2026-10-07T16:22:25.7148694Z   ssh-strict: true
2026-10-07T16:22:25.7148806Z   ssh-user: git
2026-10-07T16:22:25.7148923Z   persist-credentials: true
2026-10-07T16:22:25.7149049Z   clean: true
2026-10-07T16:22:25.7149190Z   sparse-checkout-cone-mode: true
2026-10-07T16:22:25.7149353Z   fetch-depth: 1
2026-10-07T16:22:25.7149474Z   fetch-tags: false
2026-10-07T16:22:25.7149587Z   show-progress: true
2026-10-07T16:22:25.7149701Z   lfs: false
2026-10-07T16:22:25.7149804Z   submodules: false
2026-10-07T16:22:25.7149920Z   set-safe-directory: true
2026-10-07T16:22:25.7150625Z ##[endgroup]
2026-10-07T16:22:25.7190095Z ##[command]/usr/bin/docker exec  b41626469115c07c4f97ff6aec11c80fbd20ee4c3c0318ad89da1bd00ae0a436 sh -c "cat /etc/*release | grep ^ID"
2026-10-07T16:22:25.8494880Z Syncing repository: rossbuckley1990-hash/rightclick
2026-10-07T16:22:25.8496193Z ##[group]Getting Git version info
2026-10-07T16:22:25.8496491Z Working directory is '/__w/rightclick/rightclick'
2026-10-07T16:22:25.8497387Z [command]/usr/bin/git version
2026-10-07T16:22:25.8497753Z git version 2.43.0
2026-10-07T16:22:25.8508826Z ##[endgroup]
2026-10-07T16:22:25.8517532Z Temporarily overriding HOME='/__w/_temp/a2842551-a4f4-4eb9-bf30-53e08eaf0911' before making global git config changes
2026-10-07T16:22:25.8521186Z Adding repository directory to the temporary git global config as a safe directory
2026-10-07T16:22:25.8521855Z [command]/usr/bin/git config --global --add safe.directory /__w/rightclick/rightclick
2026-10-07T16:22:25.8537506Z Deleting the contents of '/__w/rightclick/rightclick'
2026-10-07T16:22:25.8540461Z ##[group]Initializing the repository
2026-10-07T16:22:25.8542755Z [command]/usr/bin/git init /__w/rightclick/rightclick
2026-10-07T16:22:25.8572761Z hint: Using 'master' as the name for the initial branch. This default branch name
2026-10-07T16:22:25.8573736Z hint: is subject to change. To configure the initial branch name to use in all
2026-10-07T16:22:25.8574589Z hint: of your new repositories, which will suppress this warning, call:
2026-10-07T16:22:25.8575163Z hint: 
2026-10-07T16:22:25.8575743Z hint: 	git config --global init.defaultBranch <name>
2026-10-07T16:22:25.8576082Z hint: 
2026-10-07T16:22:25.8576352Z hint: Names commonly chosen instead of 'master' are 'main', 'trunk' and
2026-10-07T16:22:25.8576777Z hint: 'development'. The just-created branch can be renamed via this command:
2026-10-07T16:22:25.8577144Z hint: 
2026-10-07T16:22:25.8577305Z hint: 	git branch -m <name>
2026-10-07T16:22:25.8581367Z Initialized empty Git repository in /__w/rightclick/rightclick/.git/
2026-10-07T16:22:25.8593075Z [command]/usr/bin/git remote add origin https://github.com/rossbuckley1990-hash/rightclick
2026-10-07T16:22:25.8625051Z ##[endgroup]
2026-10-07T16:22:25.8625582Z ##[group]Disabling automatic garbage collection
2026-10-07T16:22:25.8626090Z [command]/usr/bin/git config --local gc.auto 0
2026-10-07T16:22:25.8651187Z ##[endgroup]
2026-10-07T16:22:25.8651814Z ##[group]Setting up auth
2026-10-07T16:22:25.8652114Z Removing SSH command configuration
2026-10-07T16:22:25.8655566Z [command]/usr/bin/git config --local --name-only --get-regexp core\.sshCommand
2026-10-07T16:22:25.8678998Z [command]/usr/bin/git submodule foreach --recursive sh -c "git config --local --name-only --get-regexp 'core\.sshCommand' && git config --local --unset-all 'core.sshCommand' || :"
2026-10-07T16:22:25.8879075Z Removing HTTP extra header
2026-10-07T16:22:25.8879605Z [command]/usr/bin/git config --local --name-only --get-regexp http\.https\:\/\/github\.com\/\.extraheader
2026-10-07T16:22:25.8905321Z [command]/usr/bin/git submodule foreach --recursive sh -c "git config --local --name-only --get-regexp 'http\.https\:\/\/github\.com\/\.extraheader' && git config --local --unset-all 'http.https://github.com/.extraheader' || :"
2026-10-07T16:22:25.9088685Z Removing includeIf entries pointing to credentials config files
2026-10-07T16:22:25.9089208Z [command]/usr/bin/git config --local --name-only --get-regexp ^includeIf\.gitdir:
2026-10-07T16:22:25.9118009Z [command]/usr/bin/git submodule foreach --recursive git config --local --show-origin --name-only --get-regexp remote.origin.url
2026-10-07T16:22:25.9284240Z [command]/usr/bin/git config --file /__w/_temp/git-credentials-345da3f5-8c08-4b19-94da-a0c1cac9e77c.config http.https://github.com/.extraheader AUTHORIZATION: basic ***
2026-10-07T16:22:25.9316726Z [command]/usr/bin/git config --local includeIf.gitdir:/__w/rightclick/rightclick/.git.path /__w/_temp/git-credentials-345da3f5-8c08-4b19-94da-a0c1cac9e77c.config
2026-10-07T16:22:25.9343592Z [command]/usr/bin/git config --local includeIf.gitdir:/__w/rightclick/rightclick/.git/worktrees/*.path /__w/_temp/git-credentials-345da3f5-8c08-4b19-94da-a0c1cac9e77c.config
2026-10-07T16:22:25.9370496Z [command]/usr/bin/git config --local includeIf.gitdir:/github/workspace/.git.path /github/runner_temp/git-credentials-345da3f5-8c08-4b19-94da-a0c1cac9e77c.config
2026-10-07T16:22:25.9397600Z [command]/usr/bin/git config --local includeIf.gitdir:/github/workspace/.git/worktrees/*.path /github/runner_temp/git-credentials-345da3f5-8c08-4b19-94da-a0c1cac9e77c.config
2026-10-07T16:22:25.9427171Z ##[endgroup]
2026-10-07T16:22:25.9427648Z ##[group]Fetching the repository
2026-10-07T16:22:25.9429677Z [command]/usr/bin/git -c protocol.version=2 fetch --no-tags --prune --no-recurse-submodules --depth=1 origin 82f7ec2232394049c89e6c424c3374ef0758404c
2026-10-07T16:22:26.9056912Z From https://github.com/rossbuckley1990-hash/rightclick
2026-10-07T16:22:26.9057281Z  * branch            82f7ec2232394049c89e6c424c3374ef0758404c -> FETCH_HEAD
2026-10-07T16:22:26.9076092Z [command]/usr/bin/git rev-parse --verify --quiet 82f7ec2232394049c89e6c424c3374ef0758404c^{object}
2026-10-07T16:22:26.9099732Z 82f7ec2232394049c89e6c424c3374ef0758404c
2026-10-07T16:22:26.9106449Z ##[endgroup]
2026-10-07T16:22:26.9106856Z ##[group]Determining the checkout info
2026-10-07T16:22:26.9107212Z ##[endgroup]
2026-10-07T16:22:26.9107674Z [command]/usr/bin/git sparse-checkout disable
2026-10-07T16:22:26.9142345Z [command]/usr/bin/git config --local --unset-all extensions.worktreeConfig
2026-10-07T16:22:26.9170241Z ##[group]Checking out the ref
2026-10-07T16:22:26.9171900Z [command]/usr/bin/git checkout --progress --force 82f7ec2232394049c89e6c424c3374ef0758404c
2026-10-07T16:22:27.0157183Z Note: switching to '82f7ec2232394049c89e6c424c3374ef0758404c'.
2026-10-07T16:22:27.0157621Z 
2026-10-07T16:22:27.0157787Z You are in 'detached HEAD' state. You can look around, make experimental
2026-10-07T16:22:27.0158191Z changes and commit them, and you can discard any commits you make in this
2026-10-07T16:22:27.0158583Z state without impacting any branches by switching back to a branch.
2026-10-07T16:22:27.0158805Z 
2026-10-07T16:22:27.0158989Z If you want to create a new branch to retain commits you create, you may
2026-10-07T16:22:27.0159352Z do so (now or later) by using -c with the switch command. Example:
2026-10-07T16:22:27.0159573Z 
2026-10-07T16:22:27.0159666Z   git switch -c <new-branch-name>
2026-10-07T16:22:27.0159856Z 
2026-10-07T16:22:27.0160240Z Or undo this operation with:
2026-10-07T16:22:27.0160383Z 
2026-10-07T16:22:27.0160485Z   git switch -
2026-10-07T16:22:27.0160591Z 
2026-10-07T16:22:27.0160876Z Turn off this advice by setting config variable advice.detachedHead to false
2026-10-07T16:22:27.0161124Z 
2026-10-07T16:22:27.0161387Z HEAD is now at 82f7ec2 Confine Apple run-loop import and retain exact native runtime evidence
2026-10-07T16:22:27.0168055Z ##[endgroup]
2026-10-07T16:22:27.0207887Z [command]/usr/bin/git log -1 --format=%H
2026-10-07T16:22:27.0232793Z 82f7ec2232394049c89e6c424c3374ef0758404c
2026-10-07T16:22:27.0430973Z ##[group]Run apt-get update && apt-get install -y python3 ca-certificates
2026-10-07T16:22:27.0431344Z [36;1mapt-get update && apt-get install -y python3 ca-certificates[0m
2026-10-07T16:22:27.0433703Z shell: sh -e {0}
2026-10-07T16:22:27.0433832Z ##[endgroup]
2026-10-07T16:22:27.4500870Z Get:1 http://archive.ubuntu.com/ubuntu noble InRelease [256 kB]
2026-10-07T16:22:27.4992824Z Get:2 http://security.ubuntu.com/ubuntu noble-security InRelease [126 kB]
2026-10-07T16:22:28.0550529Z Get:3 http://archive.ubuntu.com/ubuntu noble-updates InRelease [126 kB]
2026-10-07T16:22:28.1582120Z Get:4 http://security.ubuntu.com/ubuntu noble-security/universe amd64 Packages [1545 kB]
2026-10-07T16:22:28.2050376Z Get:5 http://archive.ubuntu.com/ubuntu noble-backports InRelease [126 kB]
2026-10-07T16:22:28.3529760Z Get:6 http://archive.ubuntu.com/ubuntu noble/multiverse amd64 Packages [331 kB]
2026-10-07T16:22:28.4903302Z Get:7 http://archive.ubuntu.com/ubuntu noble/restricted amd64 Packages [117 kB]
2026-10-07T16:22:28.5292548Z Get:8 http://archive.ubuntu.com/ubuntu noble/universe amd64 Packages [19.3 MB]
2026-10-07T16:22:29.0994680Z Get:9 http://security.ubuntu.com/ubuntu noble-security/main amd64 Packages [1323 kB]
2026-10-07T16:22:29.2817046Z Get:10 http://security.ubuntu.com/ubuntu noble-security/multiverse amd64 Packages [50.0 kB]
2026-10-07T16:22:29.2860641Z Get:11 http://security.ubuntu.com/ubuntu noble-security/restricted amd64 Packages [1943 kB]
2026-10-07T16:22:29.4889708Z Get:12 http://archive.ubuntu.com/ubuntu noble/main amd64 Packages [1808 kB]
2026-10-07T16:22:29.5035453Z Get:13 http://archive.ubuntu.com/ubuntu noble-updates/multiverse amd64 Packages [56.2 kB]
2026-10-07T16:22:29.5040183Z Get:14 http://archive.ubuntu.com/ubuntu noble-updates/main amd64 Packages [1701 kB]
2026-10-07T16:22:29.5172022Z Get:15 http://archive.ubuntu.com/ubuntu noble-updates/universe amd64 Packages [2165 kB]
2026-10-07T16:22:29.5607865Z Get:16 http://archive.ubuntu.com/ubuntu noble-updates/restricted amd64 Packages [2138 kB]
2026-10-07T16:22:29.5751964Z Get:17 http://archive.ubuntu.com/ubuntu noble-backports/multiverse amd64 Packages [671 B]
2026-10-07T16:22:29.5752679Z Get:18 http://archive.ubuntu.com/ubuntu noble-backports/universe amd64 Packages [36.0 kB]
2026-10-07T16:22:29.5753975Z Get:19 http://archive.ubuntu.com/ubuntu noble-backports/main amd64 Packages [49.0 kB]
2026-10-07T16:22:30.1602260Z Fetched 33.2 MB in 3s (10.9 MB/s)
2026-10-07T16:22:30.7111171Z Reading package lists...
2026-10-07T16:22:31.2306505Z Reading package lists...
2026-10-07T16:22:31.4035782Z Building dependency tree...
2026-10-07T16:22:31.4036060Z Reading state information...
2026-10-07T16:22:31.5361961Z ca-certificates is already the newest version (20260601~24.04.1).
2026-10-07T16:22:31.5362470Z ca-certificates set to manually installed.
2026-10-07T16:22:31.5362768Z The following additional packages will be installed:
2026-10-07T16:22:31.5366759Z   libpython3-stdlib python3-minimal python3.12 python3.12-minimal
2026-10-07T16:22:31.5375842Z Suggested packages:
2026-10-07T16:22:31.5376133Z   python3-doc python3-tk python3-venv python3.12-venv python3.12-doc
2026-10-07T16:22:31.5376537Z   binfmt-support
2026-10-07T16:22:31.5690304Z The following NEW packages will be installed:
2026-10-07T16:22:31.5693987Z   libpython3-stdlib python3 python3-minimal python3.12 python3.12-minimal
2026-10-07T16:22:31.7939288Z 0 upgraded, 5 newly installed, 0 to remove and 3 not upgraded.
2026-10-07T16:22:31.7939531Z Need to get 3046 kB of archives.
2026-10-07T16:22:31.7939720Z After this operation, 9100 kB of additional disk space will be used.
2026-10-07T16:22:31.7940060Z Get:1 http://archive.ubuntu.com/ubuntu noble-updates/main amd64 python3.12-minimal amd64 3.12.3-1ubuntu0.17 [2335 kB]
2026-10-07T16:22:32.9599178Z Get:2 http://archive.ubuntu.com/ubuntu noble-updates/main amd64 python3-minimal amd64 3.12.3-0ubuntu2.1 [27.4 kB]
2026-10-07T16:22:32.9603612Z Get:3 http://archive.ubuntu.com/ubuntu noble-updates/main amd64 python3.12 amd64 3.12.3-1ubuntu0.17 [651 kB]
2026-10-07T16:22:32.9926322Z Get:4 http://archive.ubuntu.com/ubuntu noble-updates/main amd64 libpython3-stdlib amd64 3.12.3-0ubuntu2.1 [10.1 kB]
2026-10-07T16:22:32.9927167Z Get:5 http://archive.ubuntu.com/ubuntu noble-updates/main amd64 python3 amd64 3.12.3-0ubuntu2.1 [23.0 kB]
2026-10-07T16:22:33.0934857Z debconf: delaying package configuration, since apt-utils is not installed
2026-10-07T16:22:33.1177842Z Fetched 3046 kB in 1s (2148 kB/s)
2026-10-07T16:22:33.1279299Z Selecting previously unselected package python3.12-minimal.
2026-10-07T16:22:33.1304838Z (Reading database ... 
2026-10-07T16:22:33.1305163Z (Reading database ... 5%
2026-10-07T16:22:33.1305359Z (Reading database ... 10%
2026-10-07T16:22:33.1305554Z (Reading database ... 15%
2026-10-07T16:22:33.1305745Z (Reading database ... 20%
2026-10-07T16:22:33.1306451Z (Reading database ... 25%
2026-10-07T16:22:33.1306932Z (Reading database ... 30%
2026-10-07T16:22:33.1307125Z (Reading database ... 35%
2026-10-07T16:22:33.1307345Z (Reading database ... 40%
2026-10-07T16:22:33.1307720Z (Reading database ... 45%
2026-10-07T16:22:33.1307911Z (Reading database ... 50%
2026-10-07T16:22:33.1308101Z (Reading database ... 55%
2026-10-07T16:22:33.1308288Z (Reading database ... 60%
2026-10-07T16:22:33.1308476Z (Reading database ... 65%
2026-10-07T16:22:33.1313949Z (Reading database ... 70%
2026-10-07T16:22:33.1321993Z (Reading database ... 75%
2026-10-07T16:22:33.1333360Z (Reading database ... 80%
2026-10-07T16:22:33.1338740Z (Reading database ... 85%
2026-10-07T16:22:33.1345519Z (Reading database ... 90%
2026-10-07T16:22:33.1357720Z (Reading database ... 95%
2026-10-07T16:22:33.1357924Z (Reading database ... 100%
2026-10-07T16:22:33.1358206Z (Reading database ... 16750 files and directories currently installed.)
2026-10-07T16:22:33.1364497Z Preparing to unpack .../python3.12-minimal_3.12.3-1ubuntu0.17_amd64.deb ...
2026-10-07T16:22:33.1393855Z Unpacking python3.12-minimal (3.12.3-1ubuntu0.17) ...
2026-10-07T16:22:33.1752065Z Setting up python3.12-minimal (3.12.3-1ubuntu0.17) ...
2026-10-07T16:22:33.6505838Z Selecting previously unselected package python3-minimal.
2026-10-07T16:22:33.6522020Z (Reading database ... 
2026-10-07T16:22:33.6522257Z (Reading database ... 5%
2026-10-07T16:22:33.6522563Z (Reading database ... 10%
2026-10-07T16:22:33.6522758Z (Reading database ... 15%
2026-10-07T16:22:33.6522944Z (Reading database ... 20%
2026-10-07T16:22:33.6523164Z (Reading database ... 25%
2026-10-07T16:22:33.6523348Z (Reading database ... 30%
2026-10-07T16:22:33.6523533Z (Reading database ... 35%
2026-10-07T16:22:33.6523725Z (Reading database ... 40%
2026-10-07T16:22:33.6523913Z (Reading database ... 45%
2026-10-07T16:22:33.6524116Z (Reading database ... 50%
2026-10-07T16:22:33.6524297Z (Reading database ... 55%
2026-10-07T16:22:33.6524481Z (Reading database ... 60%
2026-10-07T16:22:33.6524666Z (Reading database ... 65%
2026-10-07T16:22:33.6534937Z (Reading database ... 70%
2026-10-07T16:22:33.6542759Z (Reading database ... 75%
2026-10-07T16:22:33.6553788Z (Reading database ... 80%
2026-10-07T16:22:33.6559492Z (Reading database ... 85%
2026-10-07T16:22:33.6567011Z (Reading database ... 90%
2026-10-07T16:22:33.6581053Z (Reading database ... 95%
2026-10-07T16:22:33.6581275Z (Reading database ... 100%
2026-10-07T16:22:33.6581566Z (Reading database ... 16761 files and directories currently installed.)
2026-10-07T16:22:33.6589975Z Preparing to unpack .../python3-minimal_3.12.3-0ubuntu2.1_amd64.deb ...
2026-10-07T16:22:33.6596656Z Unpacking python3-minimal (3.12.3-0ubuntu2.1) ...
2026-10-07T16:22:33.6713441Z Selecting previously unselected package python3.12.
2026-10-07T16:22:33.6726181Z Preparing to unpack .../python3.12_3.12.3-1ubuntu0.17_amd64.deb ...
2026-10-07T16:22:33.6733052Z Unpacking python3.12 (3.12.3-1ubuntu0.17) ...
2026-10-07T16:22:33.6850166Z Selecting previously unselected package libpython3-stdlib:amd64.
2026-10-07T16:22:33.6863128Z Preparing to unpack .../libpython3-stdlib_3.12.3-0ubuntu2.1_amd64.deb ...
2026-10-07T16:22:33.6868943Z Unpacking libpython3-stdlib:amd64 (3.12.3-0ubuntu2.1) ...
2026-10-07T16:22:33.6996023Z Setting up python3-minimal (3.12.3-0ubuntu2.1) ...
2026-10-07T16:22:33.7762597Z Selecting previously unselected package python3.
2026-10-07T16:22:33.7778661Z (Reading database ... 
2026-10-07T16:22:33.7778913Z (Reading database ... 5%
2026-10-07T16:22:33.7779112Z (Reading database ... 10%
2026-10-07T16:22:33.7779335Z (Reading database ... 15%
2026-10-07T16:22:33.7779524Z (Reading database ... 20%
2026-10-07T16:22:33.7779704Z (Reading database ... 25%
2026-10-07T16:22:33.7779885Z (Reading database ... 30%
2026-10-07T16:22:33.7780064Z (Reading database ... 35%
2026-10-07T16:22:33.7780242Z (Reading database ... 40%
2026-10-07T16:22:33.7780421Z (Reading database ... 45%
2026-10-07T16:22:33.7780606Z (Reading database ... 50%
2026-10-07T16:22:33.7780785Z (Reading database ... 55%
2026-10-07T16:22:33.7780965Z (Reading database ... 60%
2026-10-07T16:22:33.7781142Z (Reading database ... 65%
2026-10-07T16:22:33.7790222Z (Reading database ... 70%
2026-10-07T16:22:33.7796415Z (Reading database ... 75%
2026-10-07T16:22:33.7804816Z (Reading database ... 80%
2026-10-07T16:22:33.7809866Z (Reading database ... 85%
2026-10-07T16:22:33.7816739Z (Reading database ... 90%
2026-10-07T16:22:33.7825196Z (Reading database ... 95%
2026-10-07T16:22:33.7825478Z (Reading database ... 100%
2026-10-07T16:22:33.7825760Z (Reading database ... 16808 files and directories currently installed.)
2026-10-07T16:22:33.7829586Z Preparing to unpack .../python3_3.12.3-0ubuntu2.1_amd64.deb ...
2026-10-07T16:22:33.7855336Z Unpacking python3 (3.12.3-0ubuntu2.1) ...
2026-10-07T16:22:33.7997256Z Setting up python3.12 (3.12.3-1ubuntu0.17) ...
2026-10-07T16:22:34.3354570Z Setting up libpython3-stdlib:amd64 (3.12.3-0ubuntu2.1) ...
2026-10-07T16:22:34.3368955Z Setting up python3 (3.12.3-0ubuntu2.1) ...
2026-10-07T16:22:34.3408448Z running python rtupdate hooks for python3.12...
2026-10-07T16:22:34.3408674Z running python post-rtupdate hooks for python3.12...
2026-10-07T16:22:34.4100917Z ##[group]Run set -o pipefail
2026-10-07T16:22:34.4101125Z [36;1mset -o pipefail[0m
2026-10-07T16:22:34.4101285Z [36;1mgit rev-parse HEAD | tee portable-source.txt[0m
2026-10-07T16:22:34.4101489Z [36;1mswift --version | tee portable-toolchain.txt[0m
2026-10-07T16:22:34.4101714Z [36;1mswift test --force-resolved-versions 2>&1 | tee linux-tests.log[0m
2026-10-07T16:22:34.4103251Z shell: bash --noprofile --norc -e -o pipefail {0}
2026-10-07T16:22:34.4103434Z ##[endgroup]
2026-10-07T16:22:34.4482734Z fatal: detected dubious ownership in repository at '/__w/rightclick/rightclick'
2026-10-07T16:22:34.4483031Z To add an exception for this directory, call:
2026-10-07T16:22:34.4483149Z 
2026-10-07T16:22:34.4483280Z 	git config --global --add safe.directory /__w/rightclick/rightclick
2026-10-07T16:22:34.4519404Z ##[error]Process completed with exit code 128.
2026-10-07T16:22:34.4595368Z ##[group]Run actions/upload-artifact@ea165f8d65b6e75b540449e92b4886f43607fa02
2026-10-07T16:22:34.4595589Z with:
2026-10-07T16:22:34.4595763Z   name: native-linux-evidence-82f7ec2232394049c89e6c424c3374ef0758404c
2026-10-07T16:22:34.4596057Z   path: portable-source.txt
portable-toolchain.txt
linux-*.log
linux-binary-sha256.txt

2026-10-07T16:22:34.4596295Z   if-no-files-found: warn
2026-10-07T16:22:34.4596422Z   compression-level: 6
2026-10-07T16:22:34.4596539Z   overwrite: false
2026-10-07T16:22:34.4596653Z   include-hidden-files: false
2026-10-07T16:22:34.4596798Z ##[endgroup]
2026-10-07T16:22:34.4599562Z ##[command]/usr/bin/docker exec  b41626469115c07c4f97ff6aec11c80fbd20ee4c3c0318ad89da1bd00ae0a436 sh -c "cat /etc/*release | grep ^ID"
2026-10-07T16:22:34.6383249Z (node:415) [DEP0040] DeprecationWarning: The `punycode` module is deprecated. Please use a userland alternative instead.
2026-10-07T16:22:34.6384007Z (Use `node --trace-deprecation ...` to show where the warning was created)
2026-10-07T16:22:34.6461490Z With the provided path, there will be 1 file uploaded
2026-10-07T16:22:34.6508035Z Artifact name is valid!
2026-10-07T16:22:34.6531678Z Root directory input is valid!
2026-10-07T16:22:34.9268704Z Beginning upload of artifact content to blob storage
2026-10-07T16:22:34.9378853Z (node:415) [DEP0169] DeprecationWarning: `url.parse()` behavior is not standardized and prone to errors that have security implications. Use the WHATWG URL API instead. CVEs are not issued for `url.parse()` vulnerabilities.
2026-10-07T16:22:35.0909834Z Uploaded bytes 154
2026-10-07T16:22:35.1354216Z Finished uploading artifact content to blob storage!
2026-10-07T16:22:35.1355096Z SHA256 digest of uploaded artifact zip is d1cdd6911cfa14e37857af5dda57e034d4660ed07972968a98e4fe3413eabefd
2026-10-07T16:22:35.1363170Z Finalizing artifact upload
2026-10-07T16:22:35.3949327Z Artifact native-linux-evidence-82f7ec2232394049c89e6c424c3374ef0758404c.zip successfully finalized. Artifact ID 11496508380
2026-10-07T16:22:35.3950044Z Artifact native-linux-evidence-82f7ec2232394049c89e6c424c3374ef0758404c has been successfully uploaded! Final size is 154 bytes. Artifact ID is 11496508380
2026-10-07T16:22:35.3954422Z Artifact download URL: https://github.com/rossbuckley1990-hash/rightclick/actions/runs/37651407101/artifacts/11496508380
2026-10-07T16:22:35.4120943Z Post job cleanup.
2026-10-07T16:22:35.4125147Z ##[command]/usr/bin/docker exec  b41626469115c07c4f97ff6aec11c80fbd20ee4c3c0318ad89da1bd00ae0a436 sh -c "cat /etc/*release | grep ^ID"
2026-10-07T16:22:35.5304951Z [command]/usr/bin/git version
2026-10-07T16:22:35.5346725Z git version 2.43.0
2026-10-07T16:22:35.5391736Z Temporarily overriding HOME='/__w/_temp/78bd9a68-0607-46f8-b9bc-3b69a138b02c' before making global git config changes
2026-10-07T16:22:35.5392211Z Adding repository directory to the temporary git global config as a safe directory
2026-10-07T16:22:35.5394940Z [command]/usr/bin/git config --global --add safe.directory /__w/rightclick/rightclick
2026-10-07T16:22:35.5420601Z Removing SSH command configuration
2026-10-07T16:22:35.5424646Z [command]/usr/bin/git config --local --name-only --get-regexp core\.sshCommand
2026-10-07T16:22:35.5454194Z [command]/usr/bin/git submodule foreach --recursive sh -c "git config --local --name-only --get-regexp 'core\.sshCommand' && git config --local --unset-all 'core.sshCommand' || :"
2026-10-07T16:22:35.5649999Z Removing HTTP extra header
2026-10-07T16:22:35.5650607Z [command]/usr/bin/git config --local --name-only --get-regexp http\.https\:\/\/github\.com\/\.extraheader
2026-10-07T16:22:35.5671461Z [command]/usr/bin/git submodule foreach --recursive sh -c "git config --local --name-only --get-regexp 'http\.https\:\/\/github\.com\/\.extraheader' && git config --local --unset-all 'http.https://github.com/.extraheader' || :"
2026-10-07T16:22:35.5893102Z Removing includeIf entries pointing to credentials config files
2026-10-07T16:22:35.5893743Z [command]/usr/bin/git config --local --name-only --get-regexp ^includeIf\.gitdir:
2026-10-07T16:22:35.5930392Z includeif.gitdir:/__w/rightclick/rightclick/.git.path
2026-10-07T16:22:35.5930828Z includeif.gitdir:/__w/rightclick/rightclick/.git/worktrees/*.path
2026-10-07T16:22:35.5934352Z includeif.gitdir:/github/workspace/.git.path
2026-10-07T16:22:35.5934807Z includeif.gitdir:/github/workspace/.git/worktrees/*.path
2026-10-07T16:22:35.5948539Z [command]/usr/bin/git config --local --get-all includeif.gitdir:/__w/rightclick/rightclick/.git.path
2026-10-07T16:22:35.5962751Z /__w/_temp/git-credentials-345da3f5-8c08-4b19-94da-a0c1cac9e77c.config
2026-10-07T16:22:35.5974259Z [command]/usr/bin/git config --local --unset includeif.gitdir:/__w/rightclick/rightclick/.git.path /__w/_temp/git-credentials-345da3f5-8c08-4b19-94da-a0c1cac9e77c.config
2026-10-07T16:22:35.6006769Z [command]/usr/bin/git config --local --get-all includeif.gitdir:/__w/rightclick/rightclick/.git/worktrees/*.path
2026-10-07T16:22:35.6025667Z /__w/_temp/git-credentials-345da3f5-8c08-4b19-94da-a0c1cac9e77c.config
2026-10-07T16:22:35.6031982Z [command]/usr/bin/git config --local --unset includeif.gitdir:/__w/rightclick/rightclick/.git/worktrees/*.path /__w/_temp/git-credentials-345da3f5-8c08-4b19-94da-a0c1cac9e77c.config
2026-10-07T16:22:35.6058124Z [command]/usr/bin/git config --local --get-all includeif.gitdir:/github/workspace/.git.path
2026-10-07T16:22:35.6076385Z /github/runner_temp/git-credentials-345da3f5-8c08-4b19-94da-a0c1cac9e77c.config
2026-10-07T16:22:35.6085812Z [command]/usr/bin/git config --local --unset includeif.gitdir:/github/workspace/.git.path /github/runner_temp/git-credentials-345da3f5-8c08-4b19-94da-a0c1cac9e77c.config
2026-10-07T16:22:35.6113467Z [command]/usr/bin/git config --local --get-all includeif.gitdir:/github/workspace/.git/worktrees/*.path
2026-10-07T16:22:35.6131956Z /github/runner_temp/git-credentials-345da3f5-8c08-4b19-94da-a0c1cac9e77c.config
2026-10-07T16:22:35.6138076Z [command]/usr/bin/git config --local --unset includeif.gitdir:/github/workspace/.git/worktrees/*.path /github/runner_temp/git-credentials-345da3f5-8c08-4b19-94da-a0c1cac9e77c.config
2026-10-07T16:22:35.6205810Z [command]/usr/bin/git submodule foreach --recursive git config --local --show-origin --name-only --get-regexp remote.origin.url
2026-10-07T16:22:35.6377731Z Removing credentials config '/__w/_temp/git-credentials-345da3f5-8c08-4b19-94da-a0c1cac9e77c.config'
2026-10-07T16:22:35.6505170Z Stop and remove container: 314d1677d91b4dd1a172fc0560ccb3f4_swift62_814f7a
2026-10-07T16:22:35.6508205Z ##[command]/usr/bin/docker rm --force b41626469115c07c4f97ff6aec11c80fbd20ee4c3c0318ad89da1bd00ae0a436
2026-10-07T16:22:36.3976848Z b41626469115c07c4f97ff6aec11c80fbd20ee4c3c0318ad89da1bd00ae0a436
2026-10-07T16:22:36.4001235Z Remove container network: github_network_7a16a482d1bf484ab0be7c615657c229
2026-10-07T16:22:36.4003834Z ##[command]/usr/bin/docker network rm github_network_7a16a482d1bf484ab0be7c615657c229
2026-10-07T16:22:36.4855880Z github_network_7a16a482d1bf484ab0be7c615657c229
2026-10-07T16:22:36.4907849Z Cleaning up orphan processes
2026-10-07T16:22:36.5109303Z ##[warning]Node.js 20 is deprecated. The following actions target Node.js 20 but are being forced to run on Node.js 24: actions/upload-artifact@ea165f8d65b6e75b540449e92b4886f43607fa02. For more information see: https://github.blog/changelog/2025-09-19-deprecation-of-node-20-on-github-actions-runners/
