warning: 'work': found 2 file(s) which are unhandled; explicitly declare them as resources or exclude from the target
    /work/Tests/RightClickCoreTests/Fixtures/MOAT005G3IssuesCreateRequest.json
    /work/Tests/RightClickCoreTests/Fixtures/MOAT005G4IssuesCreateRealResponse.json
[0/1] Planning build
[1/1] Compiling plugin SwiftProtobufPlugin
[2/2] Compiling plugin GRPCSwiftPlugin
Building for debugging...
[2/48] Write sources
[3/48] Write swift-version-24593BA9C3E375BF.txt
[5/68] Emitting module SwiftProtobuf
[6/91] Compiling SwiftProtobuf Google_Protobuf_Any+Extensions.swift
[7/91] Compiling SwiftProtobuf Google_Protobuf_Any+Registry.swift
[8/91] Compiling SwiftProtobuf Google_Protobuf_Duration+Extensions.swift
[9/91] Compiling SwiftProtobuf Google_Protobuf_FieldMask+Extensions.swift
[10/91] Compiling SwiftProtobuf Google_Protobuf_ListValue+Extensions.swift
[11/91] Compiling SwiftProtobuf Google_Protobuf_NullValue+Extensions.swift
[12/91] Compiling SwiftProtobuf Google_Protobuf_Struct+Extensions.swift
[13/91] Compiling SwiftProtobuf Google_Protobuf_Timestamp+Extensions.swift
[14/91] Compiling SwiftProtobuf Google_Protobuf_Value+Extensions.swift
[15/91] Compiling SwiftProtobuf Google_Protobuf_Wrappers+Extensions.swift
[16/91] Compiling SwiftProtobuf HashVisitor.swift
[17/91] Compiling SwiftProtobuf Internal.swift
[18/91] Compiling SwiftProtobuf JSONDecoder.swift
[19/91] Compiling SwiftProtobuf JSONDecodingError.swift
[20/91] Compiling SwiftProtobuf JSONDecodingOptions.swift
[21/91] Compiling SwiftProtobuf JSONEncoder.swift
[22/91] Compiling SwiftProtobuf JSONEncodingError.swift
[23/91] Compiling SwiftProtobuf JSONEncodingOptions.swift
[24/91] Compiling SwiftProtobuf JSONEncodingVisitor.swift
[25/91] Compiling SwiftProtobuf JSONMapEncodingVisitor.swift
[26/91] Compiling SwiftProtobuf JSONScanner.swift
[27/91] Compiling SwiftProtobuf MathUtils.swift
[28/91] Compiling SwiftProtobuf Message+AnyAdditions.swift
[29/91] Compiling SwiftProtobuf Message+BinaryAdditions.swift
[30/114] Compiling SwiftProtobuf Message+BinaryAdditions_Data.swift
[31/114] Compiling SwiftProtobuf Message+FieldMask.swift
[32/114] Compiling SwiftProtobuf Message+JSONAdditions.swift
[33/114] Compiling SwiftProtobuf Message+JSONAdditions_Data.swift
[34/114] Compiling SwiftProtobuf Message+JSONArrayAdditions.swift
[35/114] Compiling SwiftProtobuf Message+JSONArrayAdditions_Data.swift
[36/114] Compiling SwiftProtobuf Message+TextFormatAdditions.swift
[37/114] Compiling SwiftProtobuf Message.swift
[38/114] Compiling SwiftProtobuf MessageExtension.swift
[39/114] Compiling SwiftProtobuf NameMap.swift
[40/114] Compiling SwiftProtobuf PathDecoder.swift
[41/114] Compiling SwiftProtobuf PathVisitor.swift
[42/114] Compiling SwiftProtobuf ProtoNameProviding.swift
[43/114] Compiling SwiftProtobuf ProtobufAPIVersionCheck.swift
[44/114] Compiling SwiftProtobuf ProtobufMap.swift
[45/114] Compiling SwiftProtobuf SelectiveVisitor.swift
[46/114] Compiling SwiftProtobuf SimpleExtensionMap.swift
[47/114] Compiling SwiftProtobuf StringUtils.swift
[48/114] Compiling SwiftProtobuf SwiftProtobufContiguousBytes.swift
[49/114] Compiling SwiftProtobuf SwiftProtobufError.swift
[50/114] Compiling SwiftProtobuf TextFormatDecoder.swift
[51/114] Compiling SwiftProtobuf TextFormatDecodingError.swift
[52/114] Compiling SwiftProtobuf TextFormatDecodingOptions.swift
[53/114] Compiling SwiftProtobuf AnyMessageStorage.swift
[54/114] Compiling SwiftProtobuf AnyUnpackError.swift
[55/114] Compiling SwiftProtobuf AsyncMessageSequence.swift
[56/114] Compiling SwiftProtobuf BinaryDecoder.swift
[57/114] Compiling SwiftProtobuf BinaryDecodingError.swift
[58/114] Compiling SwiftProtobuf BinaryDecodingOptions.swift
[59/114] Compiling SwiftProtobuf BinaryDelimited.swift
[60/114] Compiling SwiftProtobuf BinaryEncoder.swift
[61/114] Compiling SwiftProtobuf BinaryEncodingError.swift
[62/114] Compiling SwiftProtobuf BinaryEncodingOptions.swift
[63/114] Compiling SwiftProtobuf BinaryEncodingSizeVisitor.swift
[64/114] Compiling SwiftProtobuf BinaryEncodingVisitor.swift
[65/114] Compiling SwiftProtobuf BytecodeInterpreter.swift
[66/114] Compiling SwiftProtobuf BytecodeReader.swift
[67/114] Compiling SwiftProtobuf CustomJSONCodable.swift
[68/114] Compiling SwiftProtobuf Decoder.swift
[69/114] Compiling SwiftProtobuf DoubleParser.swift
[70/114] Compiling SwiftProtobuf Enum.swift
[71/114] Compiling SwiftProtobuf ExtensibleMessage.swift
[72/114] Compiling SwiftProtobuf ExtensionFieldValueSet.swift
[73/114] Compiling SwiftProtobuf ExtensionFields.swift
[74/114] Compiling SwiftProtobuf ExtensionMap.swift
[75/114] Compiling SwiftProtobuf FieldTag.swift
[76/114] Compiling SwiftProtobuf FieldTypes.swift
[77/114] Compiling SwiftProtobuf TextFormatEncoder.swift
[78/114] Compiling SwiftProtobuf TextFormatEncodingOptions.swift
[79/114] Compiling SwiftProtobuf TextFormatEncodingVisitor.swift
[80/114] Compiling SwiftProtobuf TextFormatScanner.swift
[81/114] Compiling SwiftProtobuf TimeUtils.swift
[82/114] Compiling SwiftProtobuf UnknownStorage.swift
[83/114] Compiling SwiftProtobuf UnsafeRawPointer+Shims.swift
[84/114] Compiling SwiftProtobuf Varint.swift
[85/114] Compiling SwiftProtobuf Version.swift
[86/114] Compiling SwiftProtobuf Visitor.swift
[87/114] Compiling SwiftProtobuf WireFormat.swift
[88/114] Compiling SwiftProtobuf ZigZag.swift
[89/114] Compiling SwiftProtobuf any.pb.swift
[90/114] Compiling SwiftProtobuf api.pb.swift
[91/114] Compiling SwiftProtobuf descriptor.pb.swift
[92/114] Compiling SwiftProtobuf duration.pb.swift
[93/114] Compiling SwiftProtobuf empty.pb.swift
[94/114] Compiling SwiftProtobuf field_mask.pb.swift
[95/114] Compiling SwiftProtobuf source_context.pb.swift
[96/114] Compiling SwiftProtobuf struct.pb.swift
[97/114] Compiling SwiftProtobuf timestamp.pb.swift
[98/114] Compiling SwiftProtobuf type.pb.swift
[99/114] Compiling SwiftProtobuf wrappers.pb.swift
[101/138] Emitting module RightClickCoreTests
[102/151] Compiling RightClickCoreTests CapabilityStringConstraintTests.swift
[103/151] Compiling RightClickCoreTests ConfiguredOpenAPISourceTests.swift
[104/151] Compiling RightClickCoreTests DispatchContractBindingTests.swift
[105/151] Compiling RightClickCoreTests ExecutionCapacityAdmissionTests.swift
[106/151] Compiling RightClickCoreTests ExecutionRetentionTests.swift
[107/151] Compiling RightClickCoreTests GRPCRealProviderAcceptanceTests.swift
[108/151] Compiling RightClickCoreTests GRPCReflectionTransportTests.swift
[109/151] Compiling RightClickCoreTests OpenAPIAuthorityTests.swift
[110/151] Compiling RightClickCoreTests OpenAPIRealProviderAcceptanceTests.swift
[111/151] Compiling RightClickCoreTests OpenAPIReflectorTests.swift
[112/151] Compiling RightClickCoreTests PolicyTests.swift
[113/151] Compiling RightClickCoreTests PortableRuntimeTests.swift
[114/151] Compiling RightClickCoreTests ProductSurfaceRuntimeTests.swift
[115/151] Compiling RightClickCoreTests RCIRBoundaryTests.swift
[116/151] Compiling RightClickCoreTests A2ARealLifecycleTests.swift
[117/151] Compiling RightClickCoreTests ARDAcquisitionGateTests.swift
[118/151] Compiling RightClickCoreTests BonjourOpenAPISourceTests.swift
[119/151] Compiling RightClickCoreTests CapabilityABIAdapterTests.swift
[120/151] Compiling RightClickCoreTests CapabilityABIBoundaryTests.swift
[121/151] Compiling RightClickCoreTests CapabilityABITests.swift
[122/151] Compiling RightClickCoreTests CapabilityAcquisitionLifecycleTests.swift
[123/151] Compiling RightClickCoreTests CapabilityArtifactResolverTests.swift
[124/151] Compiling RightClickCoreTests CapabilityExperienceLedgerTests.swift
[125/151] Compiling RightClickCoreTests CapabilityExperienceTests.swift
[126/151] Compiling RightClickCoreTests CapabilityInterfaceTests.swift
[127/151] Compiling RightClickCoreTests CapabilityReflectorSourceTests.swift
[128/151] Compiling RightClickCoreTests CapabilityRuntimeDefaultsTests.swift
[129/151] Compiling RightClickCoreTests CapabilitySnapshotBoundaryTests.swift
[130/151] Compiling RightClickCoreTests RCIRDeferredCapacityTests.swift
/work/Tests/RightClickCoreTests/RCIRProductionDispatchTests.swift:197:72: warning: mutation of captured var 'permitted' in concurrently-executing code; this is an error in the Swift 6 language mode [#SendableClosureCaptures]
195 |                         DispatchQueue.global().async {
196 |                             defer { group.leave() }
197 |                             do { try invocation.invoke(); lock.lock(); permitted += 1; lock.unlock() }
    |                                                                        `- warning: mutation of captured var 'permitted' in concurrently-executing code; this is an error in the Swift 6 language mode [#SendableClosureCaptures]
198 |                             catch { lock.lock(); replayed += 1; lock.unlock() }
199 |                         }

/work/Tests/RightClickCoreTests/RCIRProductionDispatchTests.swift:198:50: warning: mutation of captured var 'replayed' in concurrently-executing code; this is an error in the Swift 6 language mode [#SendableClosureCaptures]
196 |                             defer { group.leave() }
197 |                             do { try invocation.invoke(); lock.lock(); permitted += 1; lock.unlock() }
198 |                             catch { lock.lock(); replayed += 1; lock.unlock() }
    |                                                  `- warning: mutation of captured var 'replayed' in concurrently-executing code; this is an error in the Swift 6 language mode [#SendableClosureCaptures]
199 |                         }
200 |                     }

[#SendableClosureCaptures]: <https://docs.swift.org/compiler/documentation/diagnostics/sendable-closure-captures>
[131/151] Compiling RightClickCoreTests RCIRDeferredProductionTests.swift
/work/Tests/RightClickCoreTests/RCIRProductionDispatchTests.swift:197:72: warning: mutation of captured var 'permitted' in concurrently-executing code; this is an error in the Swift 6 language mode [#SendableClosureCaptures]
195 |                         DispatchQueue.global().async {
196 |                             defer { group.leave() }
197 |                             do { try invocation.invoke(); lock.lock(); permitted += 1; lock.unlock() }
    |                                                                        `- warning: mutation of captured var 'permitted' in concurrently-executing code; this is an error in the Swift 6 language mode [#SendableClosureCaptures]
198 |                             catch { lock.lock(); replayed += 1; lock.unlock() }
199 |                         }

/work/Tests/RightClickCoreTests/RCIRProductionDispatchTests.swift:198:50: warning: mutation of captured var 'replayed' in concurrently-executing code; this is an error in the Swift 6 language mode [#SendableClosureCaptures]
196 |                             defer { group.leave() }
197 |                             do { try invocation.invoke(); lock.lock(); permitted += 1; lock.unlock() }
198 |                             catch { lock.lock(); replayed += 1; lock.unlock() }
    |                                                  `- warning: mutation of captured var 'replayed' in concurrently-executing code; this is an error in the Swift 6 language mode [#SendableClosureCaptures]
199 |                         }
200 |                     }

[#SendableClosureCaptures]: <https://docs.swift.org/compiler/documentation/diagnostics/sendable-closure-captures>
[132/151] Compiling RightClickCoreTests RCIRHTTPJSONObservationTests.swift
/work/Tests/RightClickCoreTests/RCIRProductionDispatchTests.swift:197:72: warning: mutation of captured var 'permitted' in concurrently-executing code; this is an error in the Swift 6 language mode [#SendableClosureCaptures]
195 |                         DispatchQueue.global().async {
196 |                             defer { group.leave() }
197 |                             do { try invocation.invoke(); lock.lock(); permitted += 1; lock.unlock() }
    |                                                                        `- warning: mutation of captured var 'permitted' in concurrently-executing code; this is an error in the Swift 6 language mode [#SendableClosureCaptures]
198 |                             catch { lock.lock(); replayed += 1; lock.unlock() }
199 |                         }

/work/Tests/RightClickCoreTests/RCIRProductionDispatchTests.swift:198:50: warning: mutation of captured var 'replayed' in concurrently-executing code; this is an error in the Swift 6 language mode [#SendableClosureCaptures]
196 |                             defer { group.leave() }
197 |                             do { try invocation.invoke(); lock.lock(); permitted += 1; lock.unlock() }
198 |                             catch { lock.lock(); replayed += 1; lock.unlock() }
    |                                                  `- warning: mutation of captured var 'replayed' in concurrently-executing code; this is an error in the Swift 6 language mode [#SendableClosureCaptures]
199 |                         }
200 |                     }

[#SendableClosureCaptures]: <https://docs.swift.org/compiler/documentation/diagnostics/sendable-closure-captures>
[133/151] Compiling RightClickCoreTests RCIRIntegrationTests.swift
/work/Tests/RightClickCoreTests/RCIRProductionDispatchTests.swift:197:72: warning: mutation of captured var 'permitted' in concurrently-executing code; this is an error in the Swift 6 language mode [#SendableClosureCaptures]
195 |                         DispatchQueue.global().async {
196 |                             defer { group.leave() }
197 |                             do { try invocation.invoke(); lock.lock(); permitted += 1; lock.unlock() }
    |                                                                        `- warning: mutation of captured var 'permitted' in concurrently-executing code; this is an error in the Swift 6 language mode [#SendableClosureCaptures]
198 |                             catch { lock.lock(); replayed += 1; lock.unlock() }
199 |                         }

/work/Tests/RightClickCoreTests/RCIRProductionDispatchTests.swift:198:50: warning: mutation of captured var 'replayed' in concurrently-executing code; this is an error in the Swift 6 language mode [#SendableClosureCaptures]
196 |                             defer { group.leave() }
197 |                             do { try invocation.invoke(); lock.lock(); permitted += 1; lock.unlock() }
198 |                             catch { lock.lock(); replayed += 1; lock.unlock() }
    |                                                  `- warning: mutation of captured var 'replayed' in concurrently-executing code; this is an error in the Swift 6 language mode [#SendableClosureCaptures]
199 |                         }
200 |                     }

[#SendableClosureCaptures]: <https://docs.swift.org/compiler/documentation/diagnostics/sendable-closure-captures>
[134/151] Compiling RightClickCoreTests RCIRInvocationBindingTests.swift
/work/Tests/RightClickCoreTests/RCIRProductionDispatchTests.swift:197:72: warning: mutation of captured var 'permitted' in concurrently-executing code; this is an error in the Swift 6 language mode [#SendableClosureCaptures]
195 |                         DispatchQueue.global().async {
196 |                             defer { group.leave() }
197 |                             do { try invocation.invoke(); lock.lock(); permitted += 1; lock.unlock() }
    |                                                                        `- warning: mutation of captured var 'permitted' in concurrently-executing code; this is an error in the Swift 6 language mode [#SendableClosureCaptures]
198 |                             catch { lock.lock(); replayed += 1; lock.unlock() }
199 |                         }

/work/Tests/RightClickCoreTests/RCIRProductionDispatchTests.swift:198:50: warning: mutation of captured var 'replayed' in concurrently-executing code; this is an error in the Swift 6 language mode [#SendableClosureCaptures]
196 |                             defer { group.leave() }
197 |                             do { try invocation.invoke(); lock.lock(); permitted += 1; lock.unlock() }
198 |                             catch { lock.lock(); replayed += 1; lock.unlock() }
    |                                                  `- warning: mutation of captured var 'replayed' in concurrently-executing code; this is an error in the Swift 6 language mode [#SendableClosureCaptures]
199 |                         }
200 |                     }

[#SendableClosureCaptures]: <https://docs.swift.org/compiler/documentation/diagnostics/sendable-closure-captures>
[135/151] Compiling RightClickCoreTests RCIRInvocationIsolationTests.swift
/work/Tests/RightClickCoreTests/RCIRProductionDispatchTests.swift:197:72: warning: mutation of captured var 'permitted' in concurrently-executing code; this is an error in the Swift 6 language mode [#SendableClosureCaptures]
195 |                         DispatchQueue.global().async {
196 |                             defer { group.leave() }
197 |                             do { try invocation.invoke(); lock.lock(); permitted += 1; lock.unlock() }
    |                                                                        `- warning: mutation of captured var 'permitted' in concurrently-executing code; this is an error in the Swift 6 language mode [#SendableClosureCaptures]
198 |                             catch { lock.lock(); replayed += 1; lock.unlock() }
199 |                         }

/work/Tests/RightClickCoreTests/RCIRProductionDispatchTests.swift:198:50: warning: mutation of captured var 'replayed' in concurrently-executing code; this is an error in the Swift 6 language mode [#SendableClosureCaptures]
196 |                             defer { group.leave() }
197 |                             do { try invocation.invoke(); lock.lock(); permitted += 1; lock.unlock() }
198 |                             catch { lock.lock(); replayed += 1; lock.unlock() }
    |                                                  `- warning: mutation of captured var 'replayed' in concurrently-executing code; this is an error in the Swift 6 language mode [#SendableClosureCaptures]
199 |                         }
200 |                     }

[#SendableClosureCaptures]: <https://docs.swift.org/compiler/documentation/diagnostics/sendable-closure-captures>
[136/151] Compiling RightClickCoreTests RCIRProductionDispatchTests.swift
/work/Tests/RightClickCoreTests/RCIRProductionDispatchTests.swift:197:72: warning: mutation of captured var 'permitted' in concurrently-executing code; this is an error in the Swift 6 language mode [#SendableClosureCaptures]
195 |                         DispatchQueue.global().async {
196 |                             defer { group.leave() }
197 |                             do { try invocation.invoke(); lock.lock(); permitted += 1; lock.unlock() }
    |                                                                        `- warning: mutation of captured var 'permitted' in concurrently-executing code; this is an error in the Swift 6 language mode [#SendableClosureCaptures]
198 |                             catch { lock.lock(); replayed += 1; lock.unlock() }
199 |                         }

/work/Tests/RightClickCoreTests/RCIRProductionDispatchTests.swift:198:50: warning: mutation of captured var 'replayed' in concurrently-executing code; this is an error in the Swift 6 language mode [#SendableClosureCaptures]
196 |                             defer { group.leave() }
197 |                             do { try invocation.invoke(); lock.lock(); permitted += 1; lock.unlock() }
198 |                             catch { lock.lock(); replayed += 1; lock.unlock() }
    |                                                  `- warning: mutation of captured var 'replayed' in concurrently-executing code; this is an error in the Swift 6 language mode [#SendableClosureCaptures]
199 |                         }
200 |                     }

[#SendableClosureCaptures]: <https://docs.swift.org/compiler/documentation/diagnostics/sendable-closure-captures>
[137/151] Compiling RightClickCoreTests RCIRStructuredObservationTests.swift
/work/Tests/RightClickCoreTests/RCIRProductionDispatchTests.swift:197:72: warning: mutation of captured var 'permitted' in concurrently-executing code; this is an error in the Swift 6 language mode [#SendableClosureCaptures]
195 |                         DispatchQueue.global().async {
196 |                             defer { group.leave() }
197 |                             do { try invocation.invoke(); lock.lock(); permitted += 1; lock.unlock() }
    |                                                                        `- warning: mutation of captured var 'permitted' in concurrently-executing code; this is an error in the Swift 6 language mode [#SendableClosureCaptures]
198 |                             catch { lock.lock(); replayed += 1; lock.unlock() }
199 |                         }

/work/Tests/RightClickCoreTests/RCIRProductionDispatchTests.swift:198:50: warning: mutation of captured var 'replayed' in concurrently-executing code; this is an error in the Swift 6 language mode [#SendableClosureCaptures]
196 |                             defer { group.leave() }
197 |                             do { try invocation.invoke(); lock.lock(); permitted += 1; lock.unlock() }
198 |                             catch { lock.lock(); replayed += 1; lock.unlock() }
    |                                                  `- warning: mutation of captured var 'replayed' in concurrently-executing code; this is an error in the Swift 6 language mode [#SendableClosureCaptures]
199 |                         }
200 |                     }

[#SendableClosureCaptures]: <https://docs.swift.org/compiler/documentation/diagnostics/sendable-closure-captures>
[138/151] Compiling RightClickCoreTests RCIRTests.swift
/work/Tests/RightClickCoreTests/RCIRProductionDispatchTests.swift:197:72: warning: mutation of captured var 'permitted' in concurrently-executing code; this is an error in the Swift 6 language mode [#SendableClosureCaptures]
195 |                         DispatchQueue.global().async {
196 |                             defer { group.leave() }
197 |                             do { try invocation.invoke(); lock.lock(); permitted += 1; lock.unlock() }
    |                                                                        `- warning: mutation of captured var 'permitted' in concurrently-executing code; this is an error in the Swift 6 language mode [#SendableClosureCaptures]
198 |                             catch { lock.lock(); replayed += 1; lock.unlock() }
199 |                         }

/work/Tests/RightClickCoreTests/RCIRProductionDispatchTests.swift:198:50: warning: mutation of captured var 'replayed' in concurrently-executing code; this is an error in the Swift 6 language mode [#SendableClosureCaptures]
196 |                             defer { group.leave() }
197 |                             do { try invocation.invoke(); lock.lock(); permitted += 1; lock.unlock() }
198 |                             catch { lock.lock(); replayed += 1; lock.unlock() }
    |                                                  `- warning: mutation of captured var 'replayed' in concurrently-executing code; this is an error in the Swift 6 language mode [#SendableClosureCaptures]
199 |                         }
200 |                     }

[#SendableClosureCaptures]: <https://docs.swift.org/compiler/documentation/diagnostics/sendable-closure-captures>
[139/151] Compiling RightClickCoreTests RCIRUnaryAdmissionTests.swift
/work/Tests/RightClickCoreTests/RCIRProductionDispatchTests.swift:197:72: warning: mutation of captured var 'permitted' in concurrently-executing code; this is an error in the Swift 6 language mode [#SendableClosureCaptures]
195 |                         DispatchQueue.global().async {
196 |                             defer { group.leave() }
197 |                             do { try invocation.invoke(); lock.lock(); permitted += 1; lock.unlock() }
    |                                                                        `- warning: mutation of captured var 'permitted' in concurrently-executing code; this is an error in the Swift 6 language mode [#SendableClosureCaptures]
198 |                             catch { lock.lock(); replayed += 1; lock.unlock() }
199 |                         }

/work/Tests/RightClickCoreTests/RCIRProductionDispatchTests.swift:198:50: warning: mutation of captured var 'replayed' in concurrently-executing code; this is an error in the Swift 6 language mode [#SendableClosureCaptures]
196 |                             defer { group.leave() }
197 |                             do { try invocation.invoke(); lock.lock(); permitted += 1; lock.unlock() }
198 |                             catch { lock.lock(); replayed += 1; lock.unlock() }
    |                                                  `- warning: mutation of captured var 'replayed' in concurrently-executing code; this is an error in the Swift 6 language mode [#SendableClosureCaptures]
199 |                         }
200 |                     }

[#SendableClosureCaptures]: <https://docs.swift.org/compiler/documentation/diagnostics/sendable-closure-captures>
[140/151] Compiling RightClickCoreTests ServiceOutcomeTests.swift
/work/Tests/RightClickCoreTests/RCIRProductionDispatchTests.swift:197:72: warning: mutation of captured var 'permitted' in concurrently-executing code; this is an error in the Swift 6 language mode [#SendableClosureCaptures]
195 |                         DispatchQueue.global().async {
196 |                             defer { group.leave() }
197 |                             do { try invocation.invoke(); lock.lock(); permitted += 1; lock.unlock() }
    |                                                                        `- warning: mutation of captured var 'permitted' in concurrently-executing code; this is an error in the Swift 6 language mode [#SendableClosureCaptures]
198 |                             catch { lock.lock(); replayed += 1; lock.unlock() }
199 |                         }

/work/Tests/RightClickCoreTests/RCIRProductionDispatchTests.swift:198:50: warning: mutation of captured var 'replayed' in concurrently-executing code; this is an error in the Swift 6 language mode [#SendableClosureCaptures]
196 |                             defer { group.leave() }
197 |                             do { try invocation.invoke(); lock.lock(); permitted += 1; lock.unlock() }
198 |                             catch { lock.lock(); replayed += 1; lock.unlock() }
    |                                                  `- warning: mutation of captured var 'replayed' in concurrently-executing code; this is an error in the Swift 6 language mode [#SendableClosureCaptures]
199 |                         }
200 |                     }

[#SendableClosureCaptures]: <https://docs.swift.org/compiler/documentation/diagnostics/sendable-closure-captures>
[141/151] Compiling RightClickCoreTests SharingExecutionTests.swift
/work/Tests/RightClickCoreTests/RCIRProductionDispatchTests.swift:197:72: warning: mutation of captured var 'permitted' in concurrently-executing code; this is an error in the Swift 6 language mode [#SendableClosureCaptures]
195 |                         DispatchQueue.global().async {
196 |                             defer { group.leave() }
197 |                             do { try invocation.invoke(); lock.lock(); permitted += 1; lock.unlock() }
    |                                                                        `- warning: mutation of captured var 'permitted' in concurrently-executing code; this is an error in the Swift 6 language mode [#SendableClosureCaptures]
198 |                             catch { lock.lock(); replayed += 1; lock.unlock() }
199 |                         }

/work/Tests/RightClickCoreTests/RCIRProductionDispatchTests.swift:198:50: warning: mutation of captured var 'replayed' in concurrently-executing code; this is an error in the Swift 6 language mode [#SendableClosureCaptures]
196 |                             defer { group.leave() }
197 |                             do { try invocation.invoke(); lock.lock(); permitted += 1; lock.unlock() }
198 |                             catch { lock.lock(); replayed += 1; lock.unlock() }
    |                                                  `- warning: mutation of captured var 'replayed' in concurrently-executing code; this is an error in the Swift 6 language mode [#SendableClosureCaptures]
199 |                         }
200 |                     }

[#SendableClosureCaptures]: <https://docs.swift.org/compiler/documentation/diagnostics/sendable-closure-captures>
[142/151] Compiling RightClickCoreTests UniversalReflectorContractTests.swift
/work/Tests/RightClickCoreTests/RCIRProductionDispatchTests.swift:197:72: warning: mutation of captured var 'permitted' in concurrently-executing code; this is an error in the Swift 6 language mode [#SendableClosureCaptures]
195 |                         DispatchQueue.global().async {
196 |                             defer { group.leave() }
197 |                             do { try invocation.invoke(); lock.lock(); permitted += 1; lock.unlock() }
    |                                                                        `- warning: mutation of captured var 'permitted' in concurrently-executing code; this is an error in the Swift 6 language mode [#SendableClosureCaptures]
198 |                             catch { lock.lock(); replayed += 1; lock.unlock() }
199 |                         }

/work/Tests/RightClickCoreTests/RCIRProductionDispatchTests.swift:198:50: warning: mutation of captured var 'replayed' in concurrently-executing code; this is an error in the Swift 6 language mode [#SendableClosureCaptures]
196 |                             defer { group.leave() }
197 |                             do { try invocation.invoke(); lock.lock(); permitted += 1; lock.unlock() }
198 |                             catch { lock.lock(); replayed += 1; lock.unlock() }
    |                                                  `- warning: mutation of captured var 'replayed' in concurrently-executing code; this is an error in the Swift 6 language mode [#SendableClosureCaptures]
199 |                         }
200 |                     }

[#SendableClosureCaptures]: <https://docs.swift.org/compiler/documentation/diagnostics/sendable-closure-captures>
[143/152] Wrapping AST for RightClickCoreTests for debugging
[144/152] /work/.build/linux-native/aarch64-unknown-linux-gnu/debug/rightclick-mcpPackageDiscoveredTests.derived/all-discovered-tests.swift
[145/152] Write sources
[147/156] Compiling rightclick_mcpPackageDiscoveredTests RightClickMCPTests.swift
[148/156] Compiling rightclick_mcpPackageDiscoveredTests RightClickARDTests.swift
[149/156] Compiling rightclick_mcpPackageDiscoveredTests RightClickCoreTests.swift
[150/156] Emitting module rightclick_mcpPackageDiscoveredTests
[151/157] Compiling rightclick_mcpPackageDiscoveredTests all-discovered-tests.swift
[152/158] /work/.build/linux-native/aarch64-unknown-linux-gnu/debug/rightclick-mcpPackageTests.derived/runner.swift
[153/158] Write sources
[154/158] Wrapping AST for rightclick-mcpPackageDiscoveredTests for debugging
[156/160] Compiling rightclick_mcpPackageTests runner.swift
[157/160] Emitting module rightclick_mcpPackageTests
[158/161] Wrapping AST for rightclick-mcpPackageTests for debugging
[159/161] Write Objects.LinkFileList
[160/161] Linking rightclick-mcpPackageTests.xctest
Build complete! (19.44s)
Test Suite 'Selected tests' started at 2026-10-07 15:16:57.243
Test Suite 'CapabilityAcquisitionLifecycleTests' started at 2026-10-07 15:16:57.245
Test Case 'CapabilityAcquisitionLifecycleTests.testRealProviderWithdrawalAndChangedReappearanceWithUnchangedConfiguration' started at 2026-10-07 15:16:57.245
Test Case 'CapabilityAcquisitionLifecycleTests.testRealProviderWithdrawalAndChangedReappearanceWithUnchangedConfiguration' passed (10.44 seconds)
Test Case 'CapabilityAcquisitionLifecycleTests.testUnchangedConfigurationDoesNotRetainWithdrawnProviderForever' started at 2026-10-07 15:17:07.687
Test Case 'CapabilityAcquisitionLifecycleTests.testUnchangedConfigurationDoesNotRetainWithdrawnProviderForever' passed (5.108 seconds)
Test Suite 'CapabilityAcquisitionLifecycleTests' passed at 2026-10-07 15:17:12.795
	 Executed 2 tests, with 0 failures (0 unexpected) in 15.547 (15.547) seconds
Test Suite 'ExecutionCapacityAdmissionTests' started at 2026-10-07 15:17:12.795
Test Case 'ExecutionCapacityAdmissionTests.testFullActiveHistoryRefusesBothEngineEntryPointsBeforeProviderStart' started at 2026-10-07 15:17:12.795
Test Case 'ExecutionCapacityAdmissionTests.testFullActiveHistoryRefusesBothEngineEntryPointsBeforeProviderStart' passed (0.735 seconds)
Test Case 'ExecutionCapacityAdmissionTests.testThrowingBeginReleasesReservationForBothEngineEntryPoints' started at 2026-10-07 15:17:13.530
Test Case 'ExecutionCapacityAdmissionTests.testThrowingBeginReleasesReservationForBothEngineEntryPoints' passed (0.008 seconds)
Test Suite 'ExecutionCapacityAdmissionTests' passed at 2026-10-07 15:17:13.537
	 Executed 2 tests, with 0 failures (0 unexpected) in 0.742 (0.742) seconds
Test Suite 'ExecutionRetentionTests' started at 2026-10-07 15:17:13.537
Test Case 'ExecutionRetentionTests.testActualLargeEvidenceAndRecordFloodRespectIndependentBounds' started at 2026-10-07 15:17:13.537
Test Case 'ExecutionRetentionTests.testActualLargeEvidenceAndRecordFloodRespectIndependentBounds' passed (0.019 seconds)
Test Case 'ExecutionRetentionTests.testByteCapacityRefusalPreservesEveryExistingActiveReservation' started at 2026-10-07 15:17:13.556
Test Case 'ExecutionRetentionTests.testByteCapacityRefusalPreservesEveryExistingActiveReservation' passed (0.001 seconds)
Test Case 'ExecutionRetentionTests.testBytePressureEvictsOldestTerminalAndReadsNeverRefreshOrder' started at 2026-10-07 15:17:13.557
Test Case 'ExecutionRetentionTests.testBytePressureEvictsOldestTerminalAndReadsNeverRefreshOrder' passed (0.0 seconds)
Test Case 'ExecutionRetentionTests.testCompactedRCIRAcceptedTaskRetainsPendingOwnershipUntilTerminalSnapshot' started at 2026-10-07 15:17:13.557
Test Case 'ExecutionRetentionTests.testCompactedRCIRAcceptedTaskRetainsPendingOwnershipUntilTerminalSnapshot' passed (0.001 seconds)
Test Case 'ExecutionRetentionTests.testConcurrentUpdatesKeepSynchronizedAccountingAndActiveCallbacks' started at 2026-10-07 15:17:13.558
Test Case 'ExecutionRetentionTests.testConcurrentUpdatesKeepSynchronizedAccountingAndActiveCallbacks' passed (0.057 seconds)
Test Case 'ExecutionRetentionTests.testLargeActualSignedReceiptCompactionRetainsDigestWithoutInventingReceipt' started at 2026-10-07 15:17:13.615
Test Case 'ExecutionRetentionTests.testLargeActualSignedReceiptCompactionRetainsDigestWithoutInventingReceipt' passed (0.014 seconds)
Test Case 'ExecutionRetentionTests.testMonotonicExpiryIgnoresRegressionAndUpdatesReadsDoNotExtendTTL' started at 2026-10-07 15:17:13.629
Test Case 'ExecutionRetentionTests.testMonotonicExpiryIgnoresRegressionAndUpdatesReadsDoNotExtendTTL' passed (0.0 seconds)
Test Case 'ExecutionRetentionTests.testStartedReservationsSurviveExpiryAndFloodThenReleaseAtTerminalCallback' started at 2026-10-07 15:17:13.629
Test Case 'ExecutionRetentionTests.testStartedReservationsSurviveExpiryAndFloodThenReleaseAtTerminalCallback' passed (0.106 seconds)
Test Case 'ExecutionRetentionTests.testUnconfirmedAwaitingUserDoesNotReserveActiveCapacity' started at 2026-10-07 15:17:13.735
Test Case 'ExecutionRetentionTests.testUnconfirmedAwaitingUserDoesNotReserveActiveCapacity' passed (0.0 seconds)
Test Case 'ExecutionRetentionTests.testUpdateReaccountsLargeAndShrinkingOutputsAndCannotMoveIdentity' started at 2026-10-07 15:17:13.735
Test Case 'ExecutionRetentionTests.testUpdateReaccountsLargeAndShrinkingOutputsAndCannotMoveIdentity' passed (0.002 seconds)
Test Suite 'ExecutionRetentionTests' passed at 2026-10-07 15:17:13.737
	 Executed 10 tests, with 0 failures (0 unexpected) in 0.2 (0.2) seconds
Test Suite 'HostProtectedReferenceTests' started at 2026-10-07 15:17:13.738
Test Case 'HostProtectedReferenceTests.testBroaderNativeReadAuthorityIsDenied' started at 2026-10-07 15:17:13.738
Test Case 'HostProtectedReferenceTests.testBroaderNativeReadAuthorityIsDenied' passed (0.003 seconds)
Test Case 'HostProtectedReferenceTests.testConfiguredPolicySigningAndObserverReferencesUseOneProtectedBackend' started at 2026-10-07 15:17:13.740
Test Case 'HostProtectedReferenceTests.testConfiguredPolicySigningAndObserverReferencesUseOneProtectedBackend' passed (0.004 seconds)
Test Case 'HostProtectedReferenceTests.testDirectoriesAndOversizedFilesNeverBecomeReferences' started at 2026-10-07 15:17:13.745
Test Case 'HostProtectedReferenceTests.testDirectoriesAndOversizedFilesNeverBecomeReferences' passed (0.205 seconds)
Test Case 'HostProtectedReferenceTests.testPrivateSnapshotRetainsExactBytesWhenSelectedSourceChanges' started at 2026-10-07 15:17:13.950
Test Case 'HostProtectedReferenceTests.testPrivateSnapshotRetainsExactBytesWhenSelectedSourceChanges' passed (0.006 seconds)
Test Suite 'HostProtectedReferenceTests' passed at 2026-10-07 15:17:13.956
	 Executed 4 tests, with 0 failures (0 unexpected) in 0.218 (0.218) seconds
Test Suite 'MOAT004G1AcquisitionTests' started at 2026-10-07 15:17:13.956
Test Case 'MOAT004G1AcquisitionTests.testExactFrozenGitHubSpecificationLoadsThroughOpenAPISpecificBound' started at 2026-10-07 15:17:13.956
/work/Tests/RightClickCoreTests/MOAT004G1AcquisitionTests.swift:320: MOAT004G1AcquisitionTests.testExactFrozenGitHubSpecificationLoadsThroughOpenAPISpecificBound : Test skipped - MOAT004_G1_SPEC_URL and MOAT004_G1_SPEC_SHA256 required.
Test Case 'MOAT004G1AcquisitionTests.testExactFrozenGitHubSpecificationLoadsThroughOpenAPISpecificBound' skipped (0.0 seconds)
Test Case 'MOAT004G1AcquisitionTests.testFrozenBoundsRemainExplicit' started at 2026-10-07 15:17:13.956
Test Case 'MOAT004G1AcquisitionTests.testFrozenBoundsRemainExplicit' passed (0.0 seconds)
Test Case 'MOAT004G1AcquisitionTests.testGenericDefaultLoaderStillRejectsOneByteOverOneMiB' started at 2026-10-07 15:17:13.957
Test Case 'MOAT004G1AcquisitionTests.testGenericDefaultLoaderStillRejectsOneByteOverOneMiB' passed (0.002 seconds)
Test Case 'MOAT004G1AcquisitionTests.testOpenAPISpecificationLoaderAcceptsFrozenGitHubSize' started at 2026-10-07 15:17:13.959
Test Case 'MOAT004G1AcquisitionTests.testOpenAPISpecificationLoaderAcceptsFrozenGitHubSize' passed (0.122 seconds)
Test Case 'MOAT004G1AcquisitionTests.testOpenAPISpecificationLoaderRejectsOneByteOverSixteenMiB' started at 2026-10-07 15:17:14.081
Test Case 'MOAT004G1AcquisitionTests.testOpenAPISpecificationLoaderRejectsOneByteOverSixteenMiB' passed (0.008 seconds)
Test Case 'MOAT004G1AcquisitionTests.testOpenAPISpecificationLoaderRejectsRedirectResponse' started at 2026-10-07 15:17:14.089
Test Case 'MOAT004G1AcquisitionTests.testOpenAPISpecificationLoaderRejectsRedirectResponse' passed (0.0 seconds)
Test Suite 'MOAT004G1AcquisitionTests' passed at 2026-10-07 15:17:14.089
	 Executed 6 tests, with 1 test skipped and 0 failures (0 unexpected) in 0.133 (0.133) seconds
Test Suite 'PortableRuntimeTests' started at 2026-10-07 15:17:14.089
Test Case 'PortableRuntimeTests.testFilesAndUnknownExtensionsAreConservative' started at 2026-10-07 15:17:14.089
Test Case 'PortableRuntimeTests.testFilesAndUnknownExtensionsAreConservative' passed (0.001 seconds)
Test Case 'PortableRuntimeTests.testHostStorageDoesNotAcceptRelativeEnvironmentPaths' started at 2026-10-07 15:17:14.090
Test Case 'PortableRuntimeTests.testHostStorageDoesNotAcceptRelativeEnvironmentPaths' passed (0.0 seconds)
Test Case 'PortableRuntimeTests.testNativeCatalogIsAbsentOnOtherHosts' started at 2026-10-07 15:17:14.090
Test Case 'PortableRuntimeTests.testNativeCatalogIsAbsentOnOtherHosts' passed (0.0 seconds)
Test Case 'PortableRuntimeTests.testPKCEUsesPortableCryptographicRandomness' started at 2026-10-07 15:17:14.091
Test Case 'PortableRuntimeTests.testPKCEUsesPortableCryptographicRandomness' passed (0.001 seconds)
Test Case 'PortableRuntimeTests.testStableTextAndURLClassification' started at 2026-10-07 15:17:14.092
Test Case 'PortableRuntimeTests.testStableTextAndURLClassification' passed (0.0 seconds)
Test Case 'PortableRuntimeTests.testUnavailableSecureStorageAbstains' started at 2026-10-07 15:17:14.092
Test Case 'PortableRuntimeTests.testUnavailableSecureStorageAbstains' passed (0.0 seconds)
Test Suite 'PortableRuntimeTests' passed at 2026-10-07 15:17:14.092
	 Executed 6 tests, with 0 failures (0 unexpected) in 0.003 (0.003) seconds
Test Suite 'RCIRHTTPJSONObservationTests' started at 2026-10-07 15:17:14.092
Test Case 'RCIRHTTPJSONObservationTests.testAmbientCookiesCannotEnterObservationOrPersistResponseCookie' started at 2026-10-07 15:17:14.092
Test Case 'RCIRHTTPJSONObservationTests.testAmbientCookiesCannotEnterObservationOrPersistResponseCookie' passed (0.268 seconds)
Test Case 'RCIRHTTPJSONObservationTests.testAmbiguousProjectionOrMissingCallerDigestFailsBeforeMutation' started at 2026-10-07 15:17:14.360
Test Case 'RCIRHTTPJSONObservationTests.testAmbiguousProjectionOrMissingCallerDigestFailsBeforeMutation' passed (0.24 seconds)
Test Case 'RCIRHTTPJSONObservationTests.testDefaultCredentialStorageCannotSupplyObserverAuthority' started at 2026-10-07 15:17:14.600
Test Case 'RCIRHTTPJSONObservationTests.testDefaultCredentialStorageCannotSupplyObserverAuthority' passed (5.227 seconds)
Test Case 'RCIRHTTPJSONObservationTests.testMismatchMissingAndUndeclaredObservationFieldsNeverSucceed' started at 2026-10-07 15:17:19.828
Test Case 'RCIRHTTPJSONObservationTests.testMismatchMissingAndUndeclaredObservationFieldsNeverSucceed' passed (0.269 seconds)
Test Case 'RCIRHTTPJSONObservationTests.testPinnedOriginAndRevokedReferenceAbstainWithoutObserverRead' started at 2026-10-07 15:17:20.097
Test Case 'RCIRHTTPJSONObservationTests.testPinnedOriginAndRevokedReferenceAbstainWithoutObserverRead' passed (0.361 seconds)
Test Case 'RCIRHTTPJSONObservationTests.testPrintableJSONSegmentEncodesOnceWithoutTraversalOrAuthorityChange' started at 2026-10-07 15:17:20.458
Test Case 'RCIRHTTPJSONObservationTests.testPrintableJSONSegmentEncodesOnceWithoutTraversalOrAuthorityChange' passed (0.222 seconds)
Test Case 'RCIRHTTPJSONObservationTests.testRealJSONObservationRetainsFullMetadataAndMatchesIndependentDigest' started at 2026-10-07 15:17:20.680
Test Case 'RCIRHTTPJSONObservationTests.testRealJSONObservationRetainsFullMetadataAndMatchesIndependentDigest' passed (0.256 seconds)
Test Case 'RCIRHTTPJSONObservationTests.testRedirectNeverSendsObserverCredentialToAnotherOrigin' started at 2026-10-07 15:17:20.936
Test Case 'RCIRHTTPJSONObservationTests.testRedirectNeverSendsObserverCredentialToAnotherOrigin' passed (0.266 seconds)
Test Case 'RCIRHTTPJSONObservationTests.testWriterCredentialCannotActAsReadonlyObserver' started at 2026-10-07 15:17:21.202
Test Case 'RCIRHTTPJSONObservationTests.testWriterCredentialCannotActAsReadonlyObserver' passed (5.246 seconds)
Test Suite 'RCIRHTTPJSONObservationTests' passed at 2026-10-07 15:17:26.448
	 Executed 9 tests, with 0 failures (0 unexpected) in 12.356 (12.356) seconds
Test Suite 'Selected tests' passed at 2026-10-07 15:17:26.448
	 Executed 39 tests, with 1 test skipped and 0 failures (0 unexpected) in 29.2 (29.2) seconds
◇ Test run started.
↳ Testing Library Version: 6.2.4 (5ee435b15ad40ec)
↳ Target Platform: aarch64-unknown-linux-gnu
✔ Test run with 0 tests in 0 suites passed after 0.001 seconds.
