warning: 'work': found 3 file(s) which are unhandled; explicitly declare them as resources or exclude from the target
    /work/Tests/RightClickCoreTests/Fixtures/MOAT005G4IssuesCreateRealResponse.json
    /work/Tests/RightClickCoreTests/Fixtures/WindowsActualAcknowledgementDeclaration.json
    /work/Tests/RightClickCoreTests/Fixtures/MOAT005G3IssuesCreateRequest.json
[0/1] Planning build
[1/1] Compiling plugin SwiftProtobufPlugin
[2/2] Compiling plugin GRPCSwiftPlugin
Building for debugging...
[2/9] Write swift-version-24593BA9C3E375BF.txt
[2/18] Compiling RightClickHostFiles HostFiles.c
[3/49] Write sources
[6/69] Emitting module SwiftProtobuf
[7/92] Compiling SwiftProtobuf Google_Protobuf_Any+Extensions.swift
[8/92] Compiling SwiftProtobuf Google_Protobuf_Any+Registry.swift
[9/92] Compiling SwiftProtobuf Google_Protobuf_Duration+Extensions.swift
[10/92] Compiling SwiftProtobuf Google_Protobuf_FieldMask+Extensions.swift
[11/92] Compiling SwiftProtobuf Google_Protobuf_ListValue+Extensions.swift
[12/92] Compiling SwiftProtobuf Google_Protobuf_NullValue+Extensions.swift
[13/92] Compiling SwiftProtobuf Google_Protobuf_Struct+Extensions.swift
[14/92] Compiling SwiftProtobuf Google_Protobuf_Timestamp+Extensions.swift
[15/92] Compiling SwiftProtobuf Google_Protobuf_Value+Extensions.swift
[16/92] Compiling SwiftProtobuf Google_Protobuf_Wrappers+Extensions.swift
[17/92] Compiling SwiftProtobuf HashVisitor.swift
[18/92] Compiling SwiftProtobuf Internal.swift
[19/92] Compiling SwiftProtobuf JSONDecoder.swift
[20/92] Compiling SwiftProtobuf JSONDecodingError.swift
[21/92] Compiling SwiftProtobuf JSONDecodingOptions.swift
[22/92] Compiling SwiftProtobuf JSONEncoder.swift
[23/92] Compiling SwiftProtobuf JSONEncodingError.swift
[24/92] Compiling SwiftProtobuf JSONEncodingOptions.swift
[25/92] Compiling SwiftProtobuf JSONEncodingVisitor.swift
[26/92] Compiling SwiftProtobuf JSONMapEncodingVisitor.swift
[27/92] Compiling SwiftProtobuf JSONScanner.swift
[28/92] Compiling SwiftProtobuf MathUtils.swift
[29/92] Compiling SwiftProtobuf Message+AnyAdditions.swift
[30/92] Compiling SwiftProtobuf Message+BinaryAdditions.swift
[31/115] Compiling SwiftProtobuf Message+BinaryAdditions_Data.swift
[32/115] Compiling SwiftProtobuf Message+FieldMask.swift
[33/115] Compiling SwiftProtobuf Message+JSONAdditions.swift
[34/115] Compiling SwiftProtobuf Message+JSONAdditions_Data.swift
[35/115] Compiling SwiftProtobuf Message+JSONArrayAdditions.swift
[36/115] Compiling SwiftProtobuf Message+JSONArrayAdditions_Data.swift
[37/115] Compiling SwiftProtobuf Message+TextFormatAdditions.swift
[38/115] Compiling SwiftProtobuf Message.swift
[39/115] Compiling SwiftProtobuf MessageExtension.swift
[40/115] Compiling SwiftProtobuf NameMap.swift
[41/115] Compiling SwiftProtobuf PathDecoder.swift
[42/115] Compiling SwiftProtobuf PathVisitor.swift
[43/115] Compiling SwiftProtobuf ProtoNameProviding.swift
[44/115] Compiling SwiftProtobuf ProtobufAPIVersionCheck.swift
[45/115] Compiling SwiftProtobuf ProtobufMap.swift
[46/115] Compiling SwiftProtobuf SelectiveVisitor.swift
[47/115] Compiling SwiftProtobuf SimpleExtensionMap.swift
[48/115] Compiling SwiftProtobuf StringUtils.swift
[49/115] Compiling SwiftProtobuf SwiftProtobufContiguousBytes.swift
[50/115] Compiling SwiftProtobuf SwiftProtobufError.swift
[51/115] Compiling SwiftProtobuf TextFormatDecoder.swift
[52/115] Compiling SwiftProtobuf TextFormatDecodingError.swift
[53/115] Compiling SwiftProtobuf TextFormatDecodingOptions.swift
[54/115] Compiling SwiftProtobuf AnyMessageStorage.swift
[55/115] Compiling SwiftProtobuf AnyUnpackError.swift
[56/115] Compiling SwiftProtobuf AsyncMessageSequence.swift
[57/115] Compiling SwiftProtobuf BinaryDecoder.swift
[58/115] Compiling SwiftProtobuf BinaryDecodingError.swift
[59/115] Compiling SwiftProtobuf BinaryDecodingOptions.swift
[60/115] Compiling SwiftProtobuf BinaryDelimited.swift
[61/115] Compiling SwiftProtobuf BinaryEncoder.swift
[62/115] Compiling SwiftProtobuf BinaryEncodingError.swift
[63/115] Compiling SwiftProtobuf BinaryEncodingOptions.swift
[64/115] Compiling SwiftProtobuf BinaryEncodingSizeVisitor.swift
[65/115] Compiling SwiftProtobuf BinaryEncodingVisitor.swift
[66/115] Compiling SwiftProtobuf BytecodeInterpreter.swift
[67/115] Compiling SwiftProtobuf BytecodeReader.swift
[68/115] Compiling SwiftProtobuf CustomJSONCodable.swift
[69/115] Compiling SwiftProtobuf Decoder.swift
[70/115] Compiling SwiftProtobuf DoubleParser.swift
[71/115] Compiling SwiftProtobuf Enum.swift
[72/115] Compiling SwiftProtobuf ExtensibleMessage.swift
[73/115] Compiling SwiftProtobuf ExtensionFieldValueSet.swift
[74/115] Compiling SwiftProtobuf ExtensionFields.swift
[75/115] Compiling SwiftProtobuf ExtensionMap.swift
[76/115] Compiling SwiftProtobuf FieldTag.swift
[77/115] Compiling SwiftProtobuf FieldTypes.swift
[78/115] Compiling SwiftProtobuf TextFormatEncoder.swift
[79/115] Compiling SwiftProtobuf TextFormatEncodingOptions.swift
[80/115] Compiling SwiftProtobuf TextFormatEncodingVisitor.swift
[81/115] Compiling SwiftProtobuf TextFormatScanner.swift
[82/115] Compiling SwiftProtobuf TimeUtils.swift
[83/115] Compiling SwiftProtobuf UnknownStorage.swift
[84/115] Compiling SwiftProtobuf UnsafeRawPointer+Shims.swift
[85/115] Compiling SwiftProtobuf Varint.swift
[86/115] Compiling SwiftProtobuf Version.swift
[87/115] Compiling SwiftProtobuf Visitor.swift
[88/115] Compiling SwiftProtobuf WireFormat.swift
[89/115] Compiling SwiftProtobuf ZigZag.swift
[90/115] Compiling SwiftProtobuf any.pb.swift
[91/115] Compiling SwiftProtobuf api.pb.swift
[92/115] Compiling SwiftProtobuf descriptor.pb.swift
[93/115] Compiling SwiftProtobuf duration.pb.swift
[94/115] Compiling SwiftProtobuf empty.pb.swift
[95/115] Compiling SwiftProtobuf field_mask.pb.swift
[96/115] Compiling SwiftProtobuf source_context.pb.swift
[97/115] Compiling SwiftProtobuf struct.pb.swift
[98/115] Compiling SwiftProtobuf timestamp.pb.swift
[99/115] Compiling SwiftProtobuf type.pb.swift
[100/115] Compiling SwiftProtobuf wrappers.pb.swift
[102/151] Emitting module RightClickCore
/work/Sources/RightClickCore/OriginPinnedHTTP.swift:45:19: warning: non-final class 'RedirectRejectingDelegate' cannot conform to 'Sendable'; use '@unchecked Sendable'; this is an error in the Swift 6 language mode
 43 |     }
 44 | 
 45 |     private class RedirectRejectingDelegate:
    |                   `- warning: non-final class 'RedirectRejectingDelegate' cannot conform to 'Sendable'; use '@unchecked Sendable'; this is an error in the Swift 6 language mode
 46 |         NSObject,
 47 |         URLSessionTaskDelegate

/work/Sources/RightClickCore/OriginPinnedHTTP.swift:86:21: warning: stored property 'storedData' of 'Sendable'-conforming class 'BoundedLoadDelegate' is mutable; this is an error in the Swift 6 language mode
 84 |             Int
 85 | 
 86 |         private var storedData =
    |                     `- warning: stored property 'storedData' of 'Sendable'-conforming class 'BoundedLoadDelegate' is mutable; this is an error in the Swift 6 language mode
 87 |             Data()
 88 | 
[103/168] Compiling RightClickCore OutcomeVerifier.swift
[104/168] Compiling RightClickCore ProductSurface.swift
[105/168] Compiling RightClickCore RCIR.swift
[106/168] Compiling RightClickCore RCIRDeferredExecution.swift
[107/168] Compiling RightClickCore RCIRExecutionHost.swift
[108/168] Compiling RightClickCore RCIRHTTPObservation.swift
[109/168] Compiling RightClickCore RCIRHostObservation.swift
[110/168] Compiling RightClickCore RCIRSignedReceipt.swift
[111/168] Compiling RightClickCore RCIRUnaryInvocation.swift
[112/168] Compiling RightClickCore RuntimePlatform.swift
[113/168] Compiling RightClickCore SafetyPolicy.swift
[114/168] Compiling RightClickCore ServiceCatalog.swift
[115/168] Compiling RightClickCore ServiceContext.swift
[116/168] Compiling RightClickCore ServiceOutcome.swift
[117/168] Compiling RightClickCore SharingCatalog.swift
[118/168] Compiling RightClickCore SharingExecutionModel.swift
[119/168] Compiling RightClickCore WASMCapabilityArtifactResolver.swift
[120/168] Compiling RightClickCore A2AReflector.swift
/work/Sources/RightClickCore/CapabilityEngine.swift:427:33: warning: result of call to 'run(mode:before:)' is unused [#no-usage]
 425 |                 }
 426 | 
 427 |                 RunLoop.current.run(
     |                                 `- warning: result of call to 'run(mode:before:)' is unused [#no-usage]
 428 |                     mode: .default,
 429 |                     before:
[121/168] Compiling RightClickCore ARDRegistrySource.swift
/work/Sources/RightClickCore/CapabilityEngine.swift:427:33: warning: result of call to 'run(mode:before:)' is unused [#no-usage]
 425 |                 }
 426 | 
 427 |                 RunLoop.current.run(
     |                                 `- warning: result of call to 'run(mode:before:)' is unused [#no-usage]
 428 |                     mode: .default,
 429 |                     before:
[122/168] Compiling RightClickCore ActionExtensionCatalog.swift
/work/Sources/RightClickCore/CapabilityEngine.swift:427:33: warning: result of call to 'run(mode:before:)' is unused [#no-usage]
 425 |                 }
 426 | 
 427 |                 RunLoop.current.run(
     |                                 `- warning: result of call to 'run(mode:before:)' is unused [#no-usage]
 428 |                     mode: .default,
 429 |                     before:
[123/168] Compiling RightClickCore BonjourGRPCSource.swift
/work/Sources/RightClickCore/CapabilityEngine.swift:427:33: warning: result of call to 'run(mode:before:)' is unused [#no-usage]
 425 |                 }
 426 | 
 427 |                 RunLoop.current.run(
     |                                 `- warning: result of call to 'run(mode:before:)' is unused [#no-usage]
 428 |                     mode: .default,
 429 |                     before:
[124/168] Compiling RightClickCore BonjourGraphQLSource.swift
/work/Sources/RightClickCore/CapabilityEngine.swift:427:33: warning: result of call to 'run(mode:before:)' is unused [#no-usage]
 425 |                 }
 426 | 
 427 |                 RunLoop.current.run(
     |                                 `- warning: result of call to 'run(mode:before:)' is unused [#no-usage]
 428 |                     mode: .default,
 429 |                     before:
[125/168] Compiling RightClickCore BonjourOpenAPISource.swift
/work/Sources/RightClickCore/CapabilityEngine.swift:427:33: warning: result of call to 'run(mode:before:)' is unused [#no-usage]
 425 |                 }
 426 | 
 427 |                 RunLoop.current.run(
     |                                 `- warning: result of call to 'run(mode:before:)' is unused [#no-usage]
 428 |                     mode: .default,
 429 |                     before:
[126/168] Compiling RightClickCore BoundedCapabilityProcess.swift
/work/Sources/RightClickCore/CapabilityEngine.swift:427:33: warning: result of call to 'run(mode:before:)' is unused [#no-usage]
 425 |                 }
 426 | 
 427 |                 RunLoop.current.run(
     |                                 `- warning: result of call to 'run(mode:before:)' is unused [#no-usage]
 428 |                     mode: .default,
 429 |                     before:
[127/168] Compiling RightClickCore BundleScan.swift
/work/Sources/RightClickCore/CapabilityEngine.swift:427:33: warning: result of call to 'run(mode:before:)' is unused [#no-usage]
 425 |                 }
 426 | 
 427 |                 RunLoop.current.run(
     |                                 `- warning: result of call to 'run(mode:before:)' is unused [#no-usage]
 428 |                     mode: .default,
 429 |                     before:
[128/168] Compiling RightClickCore Capability.swift
/work/Sources/RightClickCore/CapabilityEngine.swift:427:33: warning: result of call to 'run(mode:before:)' is unused [#no-usage]
 425 |                 }
 426 | 
 427 |                 RunLoop.current.run(
     |                                 `- warning: result of call to 'run(mode:before:)' is unused [#no-usage]
 428 |                     mode: .default,
 429 |                     before:
[129/168] Compiling RightClickCore CapabilityABI.swift
/work/Sources/RightClickCore/CapabilityEngine.swift:427:33: warning: result of call to 'run(mode:before:)' is unused [#no-usage]
 425 |                 }
 426 | 
 427 |                 RunLoop.current.run(
     |                                 `- warning: result of call to 'run(mode:before:)' is unused [#no-usage]
 428 |                     mode: .default,
 429 |                     before:
[130/168] Compiling RightClickCore CapabilityABIAdapter.swift
/work/Sources/RightClickCore/CapabilityEngine.swift:427:33: warning: result of call to 'run(mode:before:)' is unused [#no-usage]
 425 |                 }
 426 | 
 427 |                 RunLoop.current.run(
     |                                 `- warning: result of call to 'run(mode:before:)' is unused [#no-usage]
 428 |                     mode: .default,
 429 |                     before:
[131/168] Compiling RightClickCore CapabilityArtifactResolver.swift
/work/Sources/RightClickCore/CapabilityEngine.swift:427:33: warning: result of call to 'run(mode:before:)' is unused [#no-usage]
 425 |                 }
 426 | 
 427 |                 RunLoop.current.run(
     |                                 `- warning: result of call to 'run(mode:before:)' is unused [#no-usage]
 428 |                     mode: .default,
 429 |                     before:
[132/168] Compiling RightClickCore CapabilityArtifactSnapshot.swift
/work/Sources/RightClickCore/CapabilityEngine.swift:427:33: warning: result of call to 'run(mode:before:)' is unused [#no-usage]
 425 |                 }
 426 | 
 427 |                 RunLoop.current.run(
     |                                 `- warning: result of call to 'run(mode:before:)' is unused [#no-usage]
 428 |                     mode: .default,
 429 |                     before:
[133/168] Compiling RightClickCore CapabilityEngine.swift
/work/Sources/RightClickCore/CapabilityEngine.swift:427:33: warning: result of call to 'run(mode:before:)' is unused [#no-usage]
 425 |                 }
 426 | 
 427 |                 RunLoop.current.run(
     |                                 `- warning: result of call to 'run(mode:before:)' is unused [#no-usage]
 428 |                     mode: .default,
 429 |                     before:
[134/168] Compiling RightClickCore CapabilityExperience.swift
/work/Sources/RightClickCore/CapabilityEngine.swift:427:33: warning: result of call to 'run(mode:before:)' is unused [#no-usage]
 425 |                 }
 426 | 
 427 |                 RunLoop.current.run(
     |                                 `- warning: result of call to 'run(mode:before:)' is unused [#no-usage]
 428 |                     mode: .default,
 429 |                     before:
[135/168] Compiling RightClickCore CapabilityExperienceLedger.swift
/work/Sources/RightClickCore/CapabilityEngine.swift:427:33: warning: result of call to 'run(mode:before:)' is unused [#no-usage]
 425 |                 }
 426 | 
 427 |                 RunLoop.current.run(
     |                                 `- warning: result of call to 'run(mode:before:)' is unused [#no-usage]
 428 |                     mode: .default,
 429 |                     before:
[136/168] Compiling RightClickCore CapabilityInterface.swift
/work/Sources/RightClickCore/CapabilityEngine.swift:427:33: warning: result of call to 'run(mode:before:)' is unused [#no-usage]
 425 |                 }
 426 | 
 427 |                 RunLoop.current.run(
     |                                 `- warning: result of call to 'run(mode:before:)' is unused [#no-usage]
 428 |                     mode: .default,
 429 |                     before:
[137/168] Compiling RightClickCore CapabilityProtectedReference.swift
/work/Sources/RightClickCore/CapabilityEngine.swift:427:33: warning: result of call to 'run(mode:before:)' is unused [#no-usage]
 425 |                 }
 426 | 
 427 |                 RunLoop.current.run(
     |                                 `- warning: result of call to 'run(mode:before:)' is unused [#no-usage]
 428 |                     mode: .default,
 429 |                     before:
[138/168] Compiling RightClickCore CapabilityReflector.swift
/work/Sources/RightClickCore/OriginPinnedHTTP.swift:45:19: warning: non-final class 'RedirectRejectingDelegate' cannot conform to 'Sendable'; use '@unchecked Sendable'; this is an error in the Swift 6 language mode
 43 |     }
 44 | 
 45 |     private class RedirectRejectingDelegate:
    |                   `- warning: non-final class 'RedirectRejectingDelegate' cannot conform to 'Sendable'; use '@unchecked Sendable'; this is an error in the Swift 6 language mode
 46 |         NSObject,
 47 |         URLSessionTaskDelegate

/work/Sources/RightClickCore/OriginPinnedHTTP.swift:86:21: warning: stored property 'storedData' of 'Sendable'-conforming class 'BoundedLoadDelegate' is mutable; this is an error in the Swift 6 language mode
 84 |             Int
 85 | 
 86 |         private var storedData =
    |                     `- warning: stored property 'storedData' of 'Sendable'-conforming class 'BoundedLoadDelegate' is mutable; this is an error in the Swift 6 language mode
 87 |             Data()
 88 | 
[139/168] Compiling RightClickCore CapabilityReflectorSource.swift
/work/Sources/RightClickCore/OriginPinnedHTTP.swift:45:19: warning: non-final class 'RedirectRejectingDelegate' cannot conform to 'Sendable'; use '@unchecked Sendable'; this is an error in the Swift 6 language mode
 43 |     }
 44 | 
 45 |     private class RedirectRejectingDelegate:
    |                   `- warning: non-final class 'RedirectRejectingDelegate' cannot conform to 'Sendable'; use '@unchecked Sendable'; this is an error in the Swift 6 language mode
 46 |         NSObject,
 47 |         URLSessionTaskDelegate

/work/Sources/RightClickCore/OriginPinnedHTTP.swift:86:21: warning: stored property 'storedData' of 'Sendable'-conforming class 'BoundedLoadDelegate' is mutable; this is an error in the Swift 6 language mode
 84 |             Int
 85 | 
 86 |         private var storedData =
    |                     `- warning: stored property 'storedData' of 'Sendable'-conforming class 'BoundedLoadDelegate' is mutable; this is an error in the Swift 6 language mode
 87 |             Data()
 88 | 
[140/168] Compiling RightClickCore CapabilityRuntimeDefaults.swift
/work/Sources/RightClickCore/OriginPinnedHTTP.swift:45:19: warning: non-final class 'RedirectRejectingDelegate' cannot conform to 'Sendable'; use '@unchecked Sendable'; this is an error in the Swift 6 language mode
 43 |     }
 44 | 
 45 |     private class RedirectRejectingDelegate:
    |                   `- warning: non-final class 'RedirectRejectingDelegate' cannot conform to 'Sendable'; use '@unchecked Sendable'; this is an error in the Swift 6 language mode
 46 |         NSObject,
 47 |         URLSessionTaskDelegate

/work/Sources/RightClickCore/OriginPinnedHTTP.swift:86:21: warning: stored property 'storedData' of 'Sendable'-conforming class 'BoundedLoadDelegate' is mutable; this is an error in the Swift 6 language mode
 84 |             Int
 85 | 
 86 |         private var storedData =
    |                     `- warning: stored property 'storedData' of 'Sendable'-conforming class 'BoundedLoadDelegate' is mutable; this is an error in the Swift 6 language mode
 87 |             Data()
 88 | 
[141/168] Compiling RightClickCore CapabilitySnapshotFreshness.swift
/work/Sources/RightClickCore/OriginPinnedHTTP.swift:45:19: warning: non-final class 'RedirectRejectingDelegate' cannot conform to 'Sendable'; use '@unchecked Sendable'; this is an error in the Swift 6 language mode
 43 |     }
 44 | 
 45 |     private class RedirectRejectingDelegate:
    |                   `- warning: non-final class 'RedirectRejectingDelegate' cannot conform to 'Sendable'; use '@unchecked Sendable'; this is an error in the Swift 6 language mode
 46 |         NSObject,
 47 |         URLSessionTaskDelegate

/work/Sources/RightClickCore/OriginPinnedHTTP.swift:86:21: warning: stored property 'storedData' of 'Sendable'-conforming class 'BoundedLoadDelegate' is mutable; this is an error in the Swift 6 language mode
 84 |             Int
 85 | 
 86 |         private var storedData =
    |                     `- warning: stored property 'storedData' of 'Sendable'-conforming class 'BoundedLoadDelegate' is mutable; this is an error in the Swift 6 language mode
 87 |             Data()
 88 | 
[142/168] Compiling RightClickCore ConfiguredOpenAPISource.swift
/work/Sources/RightClickCore/OriginPinnedHTTP.swift:45:19: warning: non-final class 'RedirectRejectingDelegate' cannot conform to 'Sendable'; use '@unchecked Sendable'; this is an error in the Swift 6 language mode
 43 |     }
 44 | 
 45 |     private class RedirectRejectingDelegate:
    |                   `- warning: non-final class 'RedirectRejectingDelegate' cannot conform to 'Sendable'; use '@unchecked Sendable'; this is an error in the Swift 6 language mode
 46 |         NSObject,
 47 |         URLSessionTaskDelegate

/work/Sources/RightClickCore/OriginPinnedHTTP.swift:86:21: warning: stored property 'storedData' of 'Sendable'-conforming class 'BoundedLoadDelegate' is mutable; this is an error in the Swift 6 language mode
 84 |             Int
 85 | 
 86 |         private var storedData =
    |                     `- warning: stored property 'storedData' of 'Sendable'-conforming class 'BoundedLoadDelegate' is mutable; this is an error in the Swift 6 language mode
 87 |             Data()
 88 | 
[143/168] Compiling RightClickCore ContentItem.swift
/work/Sources/RightClickCore/OriginPinnedHTTP.swift:45:19: warning: non-final class 'RedirectRejectingDelegate' cannot conform to 'Sendable'; use '@unchecked Sendable'; this is an error in the Swift 6 language mode
 43 |     }
 44 | 
 45 |     private class RedirectRejectingDelegate:
    |                   `- warning: non-final class 'RedirectRejectingDelegate' cannot conform to 'Sendable'; use '@unchecked Sendable'; this is an error in the Swift 6 language mode
 46 |         NSObject,
 47 |         URLSessionTaskDelegate

/work/Sources/RightClickCore/OriginPinnedHTTP.swift:86:21: warning: stored property 'storedData' of 'Sendable'-conforming class 'BoundedLoadDelegate' is mutable; this is an error in the Swift 6 language mode
 84 |             Int
 85 | 
 86 |         private var storedData =
    |                     `- warning: stored property 'storedData' of 'Sendable'-conforming class 'BoundedLoadDelegate' is mutable; this is an error in the Swift 6 language mode
 87 |             Data()
 88 | 
[144/168] Compiling RightClickCore GRPCReflectionTransport.swift
/work/Sources/RightClickCore/OriginPinnedHTTP.swift:45:19: warning: non-final class 'RedirectRejectingDelegate' cannot conform to 'Sendable'; use '@unchecked Sendable'; this is an error in the Swift 6 language mode
 43 |     }
 44 | 
 45 |     private class RedirectRejectingDelegate:
    |                   `- warning: non-final class 'RedirectRejectingDelegate' cannot conform to 'Sendable'; use '@unchecked Sendable'; this is an error in the Swift 6 language mode
 46 |         NSObject,
 47 |         URLSessionTaskDelegate

/work/Sources/RightClickCore/OriginPinnedHTTP.swift:86:21: warning: stored property 'storedData' of 'Sendable'-conforming class 'BoundedLoadDelegate' is mutable; this is an error in the Swift 6 language mode
 84 |             Int
 85 | 
 86 |         private var storedData =
    |                     `- warning: stored property 'storedData' of 'Sendable'-conforming class 'BoundedLoadDelegate' is mutable; this is an error in the Swift 6 language mode
 87 |             Data()
 88 | 
[145/168] Compiling RightClickCore GRPCReflector.swift
/work/Sources/RightClickCore/OriginPinnedHTTP.swift:45:19: warning: non-final class 'RedirectRejectingDelegate' cannot conform to 'Sendable'; use '@unchecked Sendable'; this is an error in the Swift 6 language mode
 43 |     }
 44 | 
 45 |     private class RedirectRejectingDelegate:
    |                   `- warning: non-final class 'RedirectRejectingDelegate' cannot conform to 'Sendable'; use '@unchecked Sendable'; this is an error in the Swift 6 language mode
 46 |         NSObject,
 47 |         URLSessionTaskDelegate

/work/Sources/RightClickCore/OriginPinnedHTTP.swift:86:21: warning: stored property 'storedData' of 'Sendable'-conforming class 'BoundedLoadDelegate' is mutable; this is an error in the Swift 6 language mode
 84 |             Int
 85 | 
 86 |         private var storedData =
    |                     `- warning: stored property 'storedData' of 'Sendable'-conforming class 'BoundedLoadDelegate' is mutable; this is an error in the Swift 6 language mode
 87 |             Data()
 88 | 
[146/168] Compiling RightClickCore GRPCWireCodec.swift
/work/Sources/RightClickCore/OriginPinnedHTTP.swift:45:19: warning: non-final class 'RedirectRejectingDelegate' cannot conform to 'Sendable'; use '@unchecked Sendable'; this is an error in the Swift 6 language mode
 43 |     }
 44 | 
 45 |     private class RedirectRejectingDelegate:
    |                   `- warning: non-final class 'RedirectRejectingDelegate' cannot conform to 'Sendable'; use '@unchecked Sendable'; this is an error in the Swift 6 language mode
 46 |         NSObject,
 47 |         URLSessionTaskDelegate

/work/Sources/RightClickCore/OriginPinnedHTTP.swift:86:21: warning: stored property 'storedData' of 'Sendable'-conforming class 'BoundedLoadDelegate' is mutable; this is an error in the Swift 6 language mode
 84 |             Int
 85 | 
 86 |         private var storedData =
    |                     `- warning: stored property 'storedData' of 'Sendable'-conforming class 'BoundedLoadDelegate' is mutable; this is an error in the Swift 6 language mode
 87 |             Data()
 88 | 
[147/168] Compiling RightClickCore GraphQLHTTP.swift
/work/Sources/RightClickCore/OriginPinnedHTTP.swift:45:19: warning: non-final class 'RedirectRejectingDelegate' cannot conform to 'Sendable'; use '@unchecked Sendable'; this is an error in the Swift 6 language mode
 43 |     }
 44 | 
 45 |     private class RedirectRejectingDelegate:
    |                   `- warning: non-final class 'RedirectRejectingDelegate' cannot conform to 'Sendable'; use '@unchecked Sendable'; this is an error in the Swift 6 language mode
 46 |         NSObject,
 47 |         URLSessionTaskDelegate

/work/Sources/RightClickCore/OriginPinnedHTTP.swift:86:21: warning: stored property 'storedData' of 'Sendable'-conforming class 'BoundedLoadDelegate' is mutable; this is an error in the Swift 6 language mode
 84 |             Int
 85 | 
 86 |         private var storedData =
    |                     `- warning: stored property 'storedData' of 'Sendable'-conforming class 'BoundedLoadDelegate' is mutable; this is an error in the Swift 6 language mode
 87 |             Data()
 88 | 
[148/168] Compiling RightClickCore GraphQLReflector.swift
/work/Sources/RightClickCore/OriginPinnedHTTP.swift:45:19: warning: non-final class 'RedirectRejectingDelegate' cannot conform to 'Sendable'; use '@unchecked Sendable'; this is an error in the Swift 6 language mode
 43 |     }
 44 | 
 45 |     private class RedirectRejectingDelegate:
    |                   `- warning: non-final class 'RedirectRejectingDelegate' cannot conform to 'Sendable'; use '@unchecked Sendable'; this is an error in the Swift 6 language mode
 46 |         NSObject,
 47 |         URLSessionTaskDelegate

/work/Sources/RightClickCore/OriginPinnedHTTP.swift:86:21: warning: stored property 'storedData' of 'Sendable'-conforming class 'BoundedLoadDelegate' is mutable; this is an error in the Swift 6 language mode
 84 |             Int
 85 | 
 86 |         private var storedData =
    |                     `- warning: stored property 'storedData' of 'Sendable'-conforming class 'BoundedLoadDelegate' is mutable; this is an error in the Swift 6 language mode
 87 |             Data()
 88 | 
[149/168] Compiling RightClickCore KafkaCapabilityArtifactResolver.swift
/work/Sources/RightClickCore/OriginPinnedHTTP.swift:45:19: warning: non-final class 'RedirectRejectingDelegate' cannot conform to 'Sendable'; use '@unchecked Sendable'; this is an error in the Swift 6 language mode
 43 |     }
 44 | 
 45 |     private class RedirectRejectingDelegate:
    |                   `- warning: non-final class 'RedirectRejectingDelegate' cannot conform to 'Sendable'; use '@unchecked Sendable'; this is an error in the Swift 6 language mode
 46 |         NSObject,
 47 |         URLSessionTaskDelegate

/work/Sources/RightClickCore/OriginPinnedHTTP.swift:86:21: warning: stored property 'storedData' of 'Sendable'-conforming class 'BoundedLoadDelegate' is mutable; this is an error in the Swift 6 language mode
 84 |             Int
 85 | 
 86 |         private var storedData =
    |                     `- warning: stored property 'storedData' of 'Sendable'-conforming class 'BoundedLoadDelegate' is mutable; this is an error in the Swift 6 language mode
 87 |             Data()
 88 | 
[150/168] Compiling RightClickCore KubernetesCapabilityArtifactResolver.swift
/work/Sources/RightClickCore/OriginPinnedHTTP.swift:45:19: warning: non-final class 'RedirectRejectingDelegate' cannot conform to 'Sendable'; use '@unchecked Sendable'; this is an error in the Swift 6 language mode
 43 |     }
 44 | 
 45 |     private class RedirectRejectingDelegate:
    |                   `- warning: non-final class 'RedirectRejectingDelegate' cannot conform to 'Sendable'; use '@unchecked Sendable'; this is an error in the Swift 6 language mode
 46 |         NSObject,
 47 |         URLSessionTaskDelegate

/work/Sources/RightClickCore/OriginPinnedHTTP.swift:86:21: warning: stored property 'storedData' of 'Sendable'-conforming class 'BoundedLoadDelegate' is mutable; this is an error in the Swift 6 language mode
 84 |             Int
 85 | 
 86 |         private var storedData =
    |                     `- warning: stored property 'storedData' of 'Sendable'-conforming class 'BoundedLoadDelegate' is mutable; this is an error in the Swift 6 language mode
 87 |             Data()
 88 | 
[151/168] Compiling RightClickCore MCPCapabilityArtifactResolver.swift
/work/Sources/RightClickCore/OriginPinnedHTTP.swift:45:19: warning: non-final class 'RedirectRejectingDelegate' cannot conform to 'Sendable'; use '@unchecked Sendable'; this is an error in the Swift 6 language mode
 43 |     }
 44 | 
 45 |     private class RedirectRejectingDelegate:
    |                   `- warning: non-final class 'RedirectRejectingDelegate' cannot conform to 'Sendable'; use '@unchecked Sendable'; this is an error in the Swift 6 language mode
 46 |         NSObject,
 47 |         URLSessionTaskDelegate

/work/Sources/RightClickCore/OriginPinnedHTTP.swift:86:21: warning: stored property 'storedData' of 'Sendable'-conforming class 'BoundedLoadDelegate' is mutable; this is an error in the Swift 6 language mode
 84 |             Int
 85 | 
 86 |         private var storedData =
    |                     `- warning: stored property 'storedData' of 'Sendable'-conforming class 'BoundedLoadDelegate' is mutable; this is an error in the Swift 6 language mode
 87 |             Data()
 88 | 
[152/168] Compiling RightClickCore OAuthOIDCAuthority.swift
/work/Sources/RightClickCore/OriginPinnedHTTP.swift:45:19: warning: non-final class 'RedirectRejectingDelegate' cannot conform to 'Sendable'; use '@unchecked Sendable'; this is an error in the Swift 6 language mode
 43 |     }
 44 | 
 45 |     private class RedirectRejectingDelegate:
    |                   `- warning: non-final class 'RedirectRejectingDelegate' cannot conform to 'Sendable'; use '@unchecked Sendable'; this is an error in the Swift 6 language mode
 46 |         NSObject,
 47 |         URLSessionTaskDelegate

/work/Sources/RightClickCore/OriginPinnedHTTP.swift:86:21: warning: stored property 'storedData' of 'Sendable'-conforming class 'BoundedLoadDelegate' is mutable; this is an error in the Swift 6 language mode
 84 |             Int
 85 | 
 86 |         private var storedData =
    |                     `- warning: stored property 'storedData' of 'Sendable'-conforming class 'BoundedLoadDelegate' is mutable; this is an error in the Swift 6 language mode
 87 |             Data()
 88 | 
[153/168] Compiling RightClickCore OpenAPIAuthority.swift
/work/Sources/RightClickCore/OriginPinnedHTTP.swift:45:19: warning: non-final class 'RedirectRejectingDelegate' cannot conform to 'Sendable'; use '@unchecked Sendable'; this is an error in the Swift 6 language mode
 43 |     }
 44 | 
 45 |     private class RedirectRejectingDelegate:
    |                   `- warning: non-final class 'RedirectRejectingDelegate' cannot conform to 'Sendable'; use '@unchecked Sendable'; this is an error in the Swift 6 language mode
 46 |         NSObject,
 47 |         URLSessionTaskDelegate

/work/Sources/RightClickCore/OriginPinnedHTTP.swift:86:21: warning: stored property 'storedData' of 'Sendable'-conforming class 'BoundedLoadDelegate' is mutable; this is an error in the Swift 6 language mode
 84 |             Int
 85 | 
 86 |         private var storedData =
    |                     `- warning: stored property 'storedData' of 'Sendable'-conforming class 'BoundedLoadDelegate' is mutable; this is an error in the Swift 6 language mode
 87 |             Data()
 88 | 
[154/168] Compiling RightClickCore OpenAPIReflector.swift
/work/Sources/RightClickCore/OriginPinnedHTTP.swift:45:19: warning: non-final class 'RedirectRejectingDelegate' cannot conform to 'Sendable'; use '@unchecked Sendable'; this is an error in the Swift 6 language mode
 43 |     }
 44 | 
 45 |     private class RedirectRejectingDelegate:
    |                   `- warning: non-final class 'RedirectRejectingDelegate' cannot conform to 'Sendable'; use '@unchecked Sendable'; this is an error in the Swift 6 language mode
 46 |         NSObject,
 47 |         URLSessionTaskDelegate

/work/Sources/RightClickCore/OriginPinnedHTTP.swift:86:21: warning: stored property 'storedData' of 'Sendable'-conforming class 'BoundedLoadDelegate' is mutable; this is an error in the Swift 6 language mode
 84 |             Int
 85 | 
 86 |         private var storedData =
    |                     `- warning: stored property 'storedData' of 'Sendable'-conforming class 'BoundedLoadDelegate' is mutable; this is an error in the Swift 6 language mode
 87 |             Data()
 88 | 
[155/168] Compiling RightClickCore OriginPinnedHTTP.swift
/work/Sources/RightClickCore/OriginPinnedHTTP.swift:45:19: warning: non-final class 'RedirectRejectingDelegate' cannot conform to 'Sendable'; use '@unchecked Sendable'; this is an error in the Swift 6 language mode
 43 |     }
 44 | 
 45 |     private class RedirectRejectingDelegate:
    |                   `- warning: non-final class 'RedirectRejectingDelegate' cannot conform to 'Sendable'; use '@unchecked Sendable'; this is an error in the Swift 6 language mode
 46 |         NSObject,
 47 |         URLSessionTaskDelegate

/work/Sources/RightClickCore/OriginPinnedHTTP.swift:86:21: warning: stored property 'storedData' of 'Sendable'-conforming class 'BoundedLoadDelegate' is mutable; this is an error in the Swift 6 language mode
 84 |             Int
 85 | 
 86 |         private var storedData =
    |                     `- warning: stored property 'storedData' of 'Sendable'-conforming class 'BoundedLoadDelegate' is mutable; this is an error in the Swift 6 language mode
 87 |             Data()
 88 | 
[156/169] Wrapping AST for RightClickCore for debugging
[158/219] Emitting module RightClickCoreTests
[159/241] Compiling RightClickCoreTests A2ARealLifecycleTests.swift
[160/241] Compiling RightClickCoreTests ARDAcquisitionGateTests.swift
[161/241] Emitting module RightClickMCP
[162/241] Compiling RightClickCoreTests BonjourOpenAPISourceTests.swift
/work/Sources/RightClickMCP/Federation.swift:965:29: warning: reference to captured var 'request' in concurrently-executing code; this is an error in the Swift 6 language mode [#SendableClosureCaptures]
 963 |                     .data(
 964 |                         for:
 965 |                             request
     |                             `- warning: reference to captured var 'request' in concurrently-executing code; this is an error in the Swift 6 language mode [#SendableClosureCaptures]
 966 |                     )
 967 | 

[#SendableClosureCaptures]: <https://docs.swift.org/compiler/documentation/diagnostics/sendable-closure-captures>
[163/241] Compiling RightClickCoreTests CapabilityABIAdapterTests.swift
/work/Sources/RightClickMCP/Federation.swift:965:29: warning: reference to captured var 'request' in concurrently-executing code; this is an error in the Swift 6 language mode [#SendableClosureCaptures]
 963 |                     .data(
 964 |                         for:
 965 |                             request
     |                             `- warning: reference to captured var 'request' in concurrently-executing code; this is an error in the Swift 6 language mode [#SendableClosureCaptures]
 966 |                     )
 967 | 

[#SendableClosureCaptures]: <https://docs.swift.org/compiler/documentation/diagnostics/sendable-closure-captures>
[164/242] Compiling RightClickMCP Server.swift
/work/Sources/RightClickMCP/Server.swift:316:37: warning: 'text(_:metadata:)' is deprecated: Use .text(text:annotations:_meta:) instead. [#DeprecatedDeclaration]
314 |                 transport: transport
315 |             )
316 |             return .init(content: [.text(text)], isError: false)
    |                                     `- warning: 'text(_:metadata:)' is deprecated: Use .text(text:annotations:_meta:) instead. [#DeprecatedDeclaration]
317 |         } catch {
318 |             return .init(content: [.text(String(describing: error))], isError: true)

/work/Sources/RightClickMCP/Server.swift:318:37: warning: 'text(_:metadata:)' is deprecated: Use .text(text:annotations:_meta:) instead. [#DeprecatedDeclaration]
316 |             return .init(content: [.text(text)], isError: false)
317 |         } catch {
318 |             return .init(content: [.text(String(describing: error))], isError: true)
    |                                     `- warning: 'text(_:metadata:)' is deprecated: Use .text(text:annotations:_meta:) instead. [#DeprecatedDeclaration]
319 |         }
320 |     }

[#DeprecatedDeclaration]: <https://docs.swift.org/compiler/documentation/diagnostics/deprecated-declaration>
[166/248] Compiling RightClickMCPTests MCPInitializationCompatibilityTests.swift
[167/248] Emitting module RightClickMCPTests
[168/248] Compiling RightClickMCPTests FederationTests.swift
[170/249] Compiling RightClickCLI ProviderConfigurationCLI.swift
[171/249] Emitting module RightClickCLI
[172/249] Compiling RightClickCLI AuthorityConfigurationCLI.swift
[173/249] Compiling RightClickCLI main.swift
[174/249] Write Objects.LinkFileList
[176/249] Compiling RightClickCoreTests GraphQLReflectorTests.swift
/work/Tests/RightClickCoreTests/OAuthOIDCAuthorityTests.swift:359:9: warning: code after 'throw' will never be executed
357 |         throw XCTSkip("Native Keychain adapter requires macOS")
358 | #endif
359 |         let unique =
    |         `- warning: code after 'throw' will never be executed
360 |             UUID()
361 |                 .uuidString
[177/249] Compiling RightClickCoreTests HostProtectedReferenceTests.swift
/work/Tests/RightClickCoreTests/OAuthOIDCAuthorityTests.swift:359:9: warning: code after 'throw' will never be executed
357 |         throw XCTSkip("Native Keychain adapter requires macOS")
358 | #endif
359 |         let unique =
    |         `- warning: code after 'throw' will never be executed
360 |             UUID()
361 |                 .uuidString
[178/249] Compiling RightClickCoreTests InvocationBindingTests.swift
/work/Tests/RightClickCoreTests/OAuthOIDCAuthorityTests.swift:359:9: warning: code after 'throw' will never be executed
357 |         throw XCTSkip("Native Keychain adapter requires macOS")
358 | #endif
359 |         let unique =
    |         `- warning: code after 'throw' will never be executed
360 |             UUID()
361 |                 .uuidString
[179/249] Compiling RightClickCoreTests KafkaCapabilityTests.swift
/work/Tests/RightClickCoreTests/OAuthOIDCAuthorityTests.swift:359:9: warning: code after 'throw' will never be executed
357 |         throw XCTSkip("Native Keychain adapter requires macOS")
358 | #endif
359 |         let unique =
    |         `- warning: code after 'throw' will never be executed
360 |             UUID()
361 |                 .uuidString
[180/249] Compiling RightClickCoreTests KubernetesCapabilityArtifactTests.swift
/work/Tests/RightClickCoreTests/OAuthOIDCAuthorityTests.swift:359:9: warning: code after 'throw' will never be executed
357 |         throw XCTSkip("Native Keychain adapter requires macOS")
358 | #endif
359 |         let unique =
    |         `- warning: code after 'throw' will never be executed
360 |             UUID()
361 |                 .uuidString
[181/249] Compiling RightClickCoreTests MOAT004G1AcquisitionTests.swift
/work/Tests/RightClickCoreTests/OAuthOIDCAuthorityTests.swift:359:9: warning: code after 'throw' will never be executed
357 |         throw XCTSkip("Native Keychain adapter requires macOS")
358 | #endif
359 |         let unique =
    |         `- warning: code after 'throw' will never be executed
360 |             UUID()
361 |                 .uuidString
[182/249] Compiling RightClickCoreTests MOAT004G2SplitOriginTests.swift
/work/Tests/RightClickCoreTests/OAuthOIDCAuthorityTests.swift:359:9: warning: code after 'throw' will never be executed
357 |         throw XCTSkip("Native Keychain adapter requires macOS")
358 | #endif
359 |         let unique =
    |         `- warning: code after 'throw' will never be executed
360 |             UUID()
361 |                 .uuidString
[183/249] Compiling RightClickCoreTests MOAT004G3ZeroArgumentGETTests.swift
/work/Tests/RightClickCoreTests/OAuthOIDCAuthorityTests.swift:359:9: warning: code after 'throw' will never be executed
357 |         throw XCTSkip("Native Keychain adapter requires macOS")
358 | #endif
359 |         let unique =
    |         `- warning: code after 'throw' will never be executed
360 |             UUID()
361 |                 .uuidString
[184/249] Compiling RightClickCoreTests MOAT004G4JSONSyntaxFallbackTests.swift
/work/Tests/RightClickCoreTests/OAuthOIDCAuthorityTests.swift:359:9: warning: code after 'throw' will never be executed
357 |         throw XCTSkip("Native Keychain adapter requires macOS")
358 | #endif
359 |         let unique =
    |         `- warning: code after 'throw' will never be executed
360 |             UUID()
361 |                 .uuidString
[185/249] Compiling RightClickCoreTests MOAT004G6RealGitHubAuthenticatedCompatibilityTests.swift
/work/Tests/RightClickCoreTests/OAuthOIDCAuthorityTests.swift:359:9: warning: code after 'throw' will never be executed
357 |         throw XCTSkip("Native Keychain adapter requires macOS")
358 | #endif
359 |         let unique =
    |         `- warning: code after 'throw' will never be executed
360 |             UUID()
361 |                 .uuidString
[186/249] Compiling RightClickCoreTests MOAT005G1PathAndJSONBodyTests.swift
/work/Tests/RightClickCoreTests/OAuthOIDCAuthorityTests.swift:359:9: warning: code after 'throw' will never be executed
357 |         throw XCTSkip("Native Keychain adapter requires macOS")
358 | #endif
359 |         let unique =
    |         `- warning: code after 'throw' will never be executed
360 |             UUID()
361 |                 .uuidString
[187/249] Compiling RightClickCoreTests MOAT005G2MultiplePathArgumentsTests.swift
/work/Tests/RightClickCoreTests/OAuthOIDCAuthorityTests.swift:359:9: warning: code after 'throw' will never be executed
357 |         throw XCTSkip("Native Keychain adapter requires macOS")
358 | #endif
359 |         let unique =
    |         `- warning: code after 'throw' will never be executed
360 |             UUID()
361 |                 .uuidString
[188/249] Compiling RightClickCoreTests MOAT005G3GitHubRequestSchemaTests.swift
/work/Tests/RightClickCoreTests/OAuthOIDCAuthorityTests.swift:359:9: warning: code after 'throw' will never be executed
357 |         throw XCTSkip("Native Keychain adapter requires macOS")
358 | #endif
359 |         let unique =
    |         `- warning: code after 'throw' will never be executed
360 |             UUID()
361 |                 .uuidString
[189/249] Compiling RightClickCoreTests MOAT005G4MutationJSONResponseFallbackTests.swift
/work/Tests/RightClickCoreTests/OAuthOIDCAuthorityTests.swift:359:9: warning: code after 'throw' will never be executed
357 |         throw XCTSkip("Native Keychain adapter requires macOS")
358 | #endif
359 |         let unique =
    |         `- warning: code after 'throw' will never be executed
360 |             UUID()
361 |                 .uuidString
[190/249] Compiling RightClickCoreTests MOAT005G5FullFrozenGitHubContractTests.swift
/work/Tests/RightClickCoreTests/OAuthOIDCAuthorityTests.swift:359:9: warning: code after 'throw' will never be executed
357 |         throw XCTSkip("Native Keychain adapter requires macOS")
358 | #endif
359 |         let unique =
    |         `- warning: code after 'throw' will never be executed
360 |             UUID()
361 |                 .uuidString
[191/249] Compiling RightClickCoreTests MOAT005G6MultiSegmentPathTests.swift
/work/Tests/RightClickCoreTests/OAuthOIDCAuthorityTests.swift:359:9: warning: code after 'throw' will never be executed
357 |         throw XCTSkip("Native Keychain adapter requires macOS")
358 | #endif
359 |         let unique =
    |         `- warning: code after 'throw' will never be executed
360 |             UUID()
361 |                 .uuidString
[192/249] Compiling RightClickCoreTests NativeBoundedHTTPTests.swift
/work/Tests/RightClickCoreTests/OAuthOIDCAuthorityTests.swift:359:9: warning: code after 'throw' will never be executed
357 |         throw XCTSkip("Native Keychain adapter requires macOS")
358 | #endif
359 |         let unique =
    |         `- warning: code after 'throw' will never be executed
360 |             UUID()
361 |                 .uuidString
[193/249] Compiling RightClickCoreTests NativeHTTPFixture.swift
/work/Tests/RightClickCoreTests/OAuthOIDCAuthorityTests.swift:359:9: warning: code after 'throw' will never be executed
357 |         throw XCTSkip("Native Keychain adapter requires macOS")
358 | #endif
359 |         let unique =
    |         `- warning: code after 'throw' will never be executed
360 |             UUID()
361 |                 .uuidString
[194/249] Compiling RightClickCoreTests NetworkOriginAuthorityTests.swift
/work/Tests/RightClickCoreTests/OAuthOIDCAuthorityTests.swift:359:9: warning: code after 'throw' will never be executed
357 |         throw XCTSkip("Native Keychain adapter requires macOS")
358 | #endif
359 |         let unique =
    |         `- warning: code after 'throw' will never be executed
360 |             UUID()
361 |                 .uuidString
[195/249] Compiling RightClickCoreTests OAuthOIDCAuthorityTests.swift
/work/Tests/RightClickCoreTests/OAuthOIDCAuthorityTests.swift:359:9: warning: code after 'throw' will never be executed
357 |         throw XCTSkip("Native Keychain adapter requires macOS")
358 | #endif
359 |         let unique =
    |         `- warning: code after 'throw' will never be executed
360 |             UUID()
361 |                 .uuidString
[196/249] Compiling RightClickCoreTests OpenAPIAcknowledgementTests.swift
/work/Tests/RightClickCoreTests/OAuthOIDCAuthorityTests.swift:359:9: warning: code after 'throw' will never be executed
357 |         throw XCTSkip("Native Keychain adapter requires macOS")
358 | #endif
359 |         let unique =
    |         `- warning: code after 'throw' will never be executed
360 |             UUID()
361 |                 .uuidString
[197/249] Compiling RightClickCoreTests OpenAPIAcquisitionBoundsTests.swift
/work/Tests/RightClickCoreTests/OAuthOIDCAuthorityTests.swift:359:9: warning: code after 'throw' will never be executed
357 |         throw XCTSkip("Native Keychain adapter requires macOS")
358 | #endif
359 |         let unique =
    |         `- warning: code after 'throw' will never be executed
360 |             UUID()
361 |                 .uuidString
[202/249] Compiling RightClickCoreTests CapabilityABIBoundaryTests.swift
[203/249] Compiling RightClickCoreTests CapabilityABITests.swift
[204/249] Compiling RightClickCoreTests CapabilityAcquisitionLifecycleTests.swift
[205/249] Compiling RightClickCoreTests CapabilityArtifactResolverTests.swift
[206/249] Compiling RightClickCoreTests CapabilityExperienceLedgerTests.swift
[207/249] Compiling RightClickCoreTests CapabilityExperienceTests.swift
[208/249] Compiling RightClickCoreTests CapabilityInterfaceTests.swift
[209/249] Compiling RightClickCoreTests CapabilityReflectorSourceTests.swift
[210/249] Compiling RightClickCoreTests CapabilityRuntimeDefaultsTests.swift
[211/249] Compiling RightClickCoreTests CapabilitySnapshotBoundaryTests.swift
[212/249] Compiling RightClickCoreTests CapabilityStringConstraintTests.swift
[213/249] Compiling RightClickCoreTests ConfiguredOpenAPISourceTests.swift
[214/249] Compiling RightClickCoreTests DispatchContractBindingTests.swift
[215/249] Compiling RightClickCoreTests ExecutionCapacityAdmissionTests.swift
[216/249] Compiling RightClickCoreTests ExecutionRetentionTests.swift
[217/249] Compiling RightClickCoreTests GRPCRealProviderAcceptanceTests.swift
[218/249] Compiling RightClickCoreTests GRPCReflectionTransportTests.swift
[219/249] Compiling RightClickCoreTests GRPCReflectorTests.swift
[220/249] Compiling RightClickCoreTests OpenAPIAuthorityTests.swift
/work/Tests/RightClickCoreTests/RCIRProductionDispatchTests.swift:197:72: warning: mutation of captured var 'permitted' in concurrently-executing code; this is an error in the Swift 6 language mode [#SendableClosureCaptures]
195 |                         DispatchQueue.global().async {
196 |                             defer { group.leave() }
197 |                             do { try invocation.invoke(); lock.lock(); permitted += 1; lock.unlock() }
    |                                                                        `- warning: mutation of captured var 'permitted' in concurrently-executing code; this is an error in the Swift 6 language mode [#SendableClosureCaptures]
198 |                             catch { lock.lock(); replayed += 1; lock.unlock() }
199 |                         }

/work/Tests/RightClickCoreTests/RCIRProductionDispatchTests.swift:198:50: warning: mutation of captured var 'replayed' in concurrently-executing code; this is an error in the Swift 6 language mode [#SendableClosureCaptures]
196 |                             defer { group.leave() }
197 |                             do { try invocation.invoke(); lock.lock(); permitted += 1; lock.unlock() }
198 |                             catch { lock.lock(); replayed += 1; lock.unlock() }
    |                                                  `- warning: mutation of captured var 'replayed' in concurrently-executing code; this is an error in the Swift 6 language mode [#SendableClosureCaptures]
199 |                         }
200 |                     }

[#SendableClosureCaptures]: <https://docs.swift.org/compiler/documentation/diagnostics/sendable-closure-captures>
[221/249] Compiling RightClickCoreTests OpenAPIRealProviderAcceptanceTests.swift
/work/Tests/RightClickCoreTests/RCIRProductionDispatchTests.swift:197:72: warning: mutation of captured var 'permitted' in concurrently-executing code; this is an error in the Swift 6 language mode [#SendableClosureCaptures]
195 |                         DispatchQueue.global().async {
196 |                             defer { group.leave() }
197 |                             do { try invocation.invoke(); lock.lock(); permitted += 1; lock.unlock() }
    |                                                                        `- warning: mutation of captured var 'permitted' in concurrently-executing code; this is an error in the Swift 6 language mode [#SendableClosureCaptures]
198 |                             catch { lock.lock(); replayed += 1; lock.unlock() }
199 |                         }

/work/Tests/RightClickCoreTests/RCIRProductionDispatchTests.swift:198:50: warning: mutation of captured var 'replayed' in concurrently-executing code; this is an error in the Swift 6 language mode [#SendableClosureCaptures]
196 |                             defer { group.leave() }
197 |                             do { try invocation.invoke(); lock.lock(); permitted += 1; lock.unlock() }
198 |                             catch { lock.lock(); replayed += 1; lock.unlock() }
    |                                                  `- warning: mutation of captured var 'replayed' in concurrently-executing code; this is an error in the Swift 6 language mode [#SendableClosureCaptures]
199 |                         }
200 |                     }

[#SendableClosureCaptures]: <https://docs.swift.org/compiler/documentation/diagnostics/sendable-closure-captures>
[222/249] Compiling RightClickCoreTests OpenAPIReflectorTests.swift
/work/Tests/RightClickCoreTests/RCIRProductionDispatchTests.swift:197:72: warning: mutation of captured var 'permitted' in concurrently-executing code; this is an error in the Swift 6 language mode [#SendableClosureCaptures]
195 |                         DispatchQueue.global().async {
196 |                             defer { group.leave() }
197 |                             do { try invocation.invoke(); lock.lock(); permitted += 1; lock.unlock() }
    |                                                                        `- warning: mutation of captured var 'permitted' in concurrently-executing code; this is an error in the Swift 6 language mode [#SendableClosureCaptures]
198 |                             catch { lock.lock(); replayed += 1; lock.unlock() }
199 |                         }

/work/Tests/RightClickCoreTests/RCIRProductionDispatchTests.swift:198:50: warning: mutation of captured var 'replayed' in concurrently-executing code; this is an error in the Swift 6 language mode [#SendableClosureCaptures]
196 |                             defer { group.leave() }
197 |                             do { try invocation.invoke(); lock.lock(); permitted += 1; lock.unlock() }
198 |                             catch { lock.lock(); replayed += 1; lock.unlock() }
    |                                                  `- warning: mutation of captured var 'replayed' in concurrently-executing code; this is an error in the Swift 6 language mode [#SendableClosureCaptures]
199 |                         }
200 |                     }

[#SendableClosureCaptures]: <https://docs.swift.org/compiler/documentation/diagnostics/sendable-closure-captures>
[223/249] Compiling RightClickCoreTests PolicyTests.swift
/work/Tests/RightClickCoreTests/RCIRProductionDispatchTests.swift:197:72: warning: mutation of captured var 'permitted' in concurrently-executing code; this is an error in the Swift 6 language mode [#SendableClosureCaptures]
195 |                         DispatchQueue.global().async {
196 |                             defer { group.leave() }
197 |                             do { try invocation.invoke(); lock.lock(); permitted += 1; lock.unlock() }
    |                                                                        `- warning: mutation of captured var 'permitted' in concurrently-executing code; this is an error in the Swift 6 language mode [#SendableClosureCaptures]
198 |                             catch { lock.lock(); replayed += 1; lock.unlock() }
199 |                         }

/work/Tests/RightClickCoreTests/RCIRProductionDispatchTests.swift:198:50: warning: mutation of captured var 'replayed' in concurrently-executing code; this is an error in the Swift 6 language mode [#SendableClosureCaptures]
196 |                             defer { group.leave() }
197 |                             do { try invocation.invoke(); lock.lock(); permitted += 1; lock.unlock() }
198 |                             catch { lock.lock(); replayed += 1; lock.unlock() }
    |                                                  `- warning: mutation of captured var 'replayed' in concurrently-executing code; this is an error in the Swift 6 language mode [#SendableClosureCaptures]
199 |                         }
200 |                     }

[#SendableClosureCaptures]: <https://docs.swift.org/compiler/documentation/diagnostics/sendable-closure-captures>
[224/249] Compiling RightClickCoreTests PortableRuntimeTests.swift
/work/Tests/RightClickCoreTests/RCIRProductionDispatchTests.swift:197:72: warning: mutation of captured var 'permitted' in concurrently-executing code; this is an error in the Swift 6 language mode [#SendableClosureCaptures]
195 |                         DispatchQueue.global().async {
196 |                             defer { group.leave() }
197 |                             do { try invocation.invoke(); lock.lock(); permitted += 1; lock.unlock() }
    |                                                                        `- warning: mutation of captured var 'permitted' in concurrently-executing code; this is an error in the Swift 6 language mode [#SendableClosureCaptures]
198 |                             catch { lock.lock(); replayed += 1; lock.unlock() }
199 |                         }

/work/Tests/RightClickCoreTests/RCIRProductionDispatchTests.swift:198:50: warning: mutation of captured var 'replayed' in concurrently-executing code; this is an error in the Swift 6 language mode [#SendableClosureCaptures]
196 |                             defer { group.leave() }
197 |                             do { try invocation.invoke(); lock.lock(); permitted += 1; lock.unlock() }
198 |                             catch { lock.lock(); replayed += 1; lock.unlock() }
    |                                                  `- warning: mutation of captured var 'replayed' in concurrently-executing code; this is an error in the Swift 6 language mode [#SendableClosureCaptures]
199 |                         }
200 |                     }

[#SendableClosureCaptures]: <https://docs.swift.org/compiler/documentation/diagnostics/sendable-closure-captures>
[225/249] Compiling RightClickCoreTests ProductSurfaceRuntimeTests.swift
/work/Tests/RightClickCoreTests/RCIRProductionDispatchTests.swift:197:72: warning: mutation of captured var 'permitted' in concurrently-executing code; this is an error in the Swift 6 language mode [#SendableClosureCaptures]
195 |                         DispatchQueue.global().async {
196 |                             defer { group.leave() }
197 |                             do { try invocation.invoke(); lock.lock(); permitted += 1; lock.unlock() }
    |                                                                        `- warning: mutation of captured var 'permitted' in concurrently-executing code; this is an error in the Swift 6 language mode [#SendableClosureCaptures]
198 |                             catch { lock.lock(); replayed += 1; lock.unlock() }
199 |                         }

/work/Tests/RightClickCoreTests/RCIRProductionDispatchTests.swift:198:50: warning: mutation of captured var 'replayed' in concurrently-executing code; this is an error in the Swift 6 language mode [#SendableClosureCaptures]
196 |                             defer { group.leave() }
197 |                             do { try invocation.invoke(); lock.lock(); permitted += 1; lock.unlock() }
198 |                             catch { lock.lock(); replayed += 1; lock.unlock() }
    |                                                  `- warning: mutation of captured var 'replayed' in concurrently-executing code; this is an error in the Swift 6 language mode [#SendableClosureCaptures]
199 |                         }
200 |                     }

[#SendableClosureCaptures]: <https://docs.swift.org/compiler/documentation/diagnostics/sendable-closure-captures>
[226/249] Compiling RightClickCoreTests RCIRBoundaryTests.swift
/work/Tests/RightClickCoreTests/RCIRProductionDispatchTests.swift:197:72: warning: mutation of captured var 'permitted' in concurrently-executing code; this is an error in the Swift 6 language mode [#SendableClosureCaptures]
195 |                         DispatchQueue.global().async {
196 |                             defer { group.leave() }
197 |                             do { try invocation.invoke(); lock.lock(); permitted += 1; lock.unlock() }
    |                                                                        `- warning: mutation of captured var 'permitted' in concurrently-executing code; this is an error in the Swift 6 language mode [#SendableClosureCaptures]
198 |                             catch { lock.lock(); replayed += 1; lock.unlock() }
199 |                         }

/work/Tests/RightClickCoreTests/RCIRProductionDispatchTests.swift:198:50: warning: mutation of captured var 'replayed' in concurrently-executing code; this is an error in the Swift 6 language mode [#SendableClosureCaptures]
196 |                             defer { group.leave() }
197 |                             do { try invocation.invoke(); lock.lock(); permitted += 1; lock.unlock() }
198 |                             catch { lock.lock(); replayed += 1; lock.unlock() }
    |                                                  `- warning: mutation of captured var 'replayed' in concurrently-executing code; this is an error in the Swift 6 language mode [#SendableClosureCaptures]
199 |                         }
200 |                     }

[#SendableClosureCaptures]: <https://docs.swift.org/compiler/documentation/diagnostics/sendable-closure-captures>
[227/249] Compiling RightClickCoreTests RCIRDeferredCapacityTests.swift
/work/Tests/RightClickCoreTests/RCIRProductionDispatchTests.swift:197:72: warning: mutation of captured var 'permitted' in concurrently-executing code; this is an error in the Swift 6 language mode [#SendableClosureCaptures]
195 |                         DispatchQueue.global().async {
196 |                             defer { group.leave() }
197 |                             do { try invocation.invoke(); lock.lock(); permitted += 1; lock.unlock() }
    |                                                                        `- warning: mutation of captured var 'permitted' in concurrently-executing code; this is an error in the Swift 6 language mode [#SendableClosureCaptures]
198 |                             catch { lock.lock(); replayed += 1; lock.unlock() }
199 |                         }

/work/Tests/RightClickCoreTests/RCIRProductionDispatchTests.swift:198:50: warning: mutation of captured var 'replayed' in concurrently-executing code; this is an error in the Swift 6 language mode [#SendableClosureCaptures]
196 |                             defer { group.leave() }
197 |                             do { try invocation.invoke(); lock.lock(); permitted += 1; lock.unlock() }
198 |                             catch { lock.lock(); replayed += 1; lock.unlock() }
    |                                                  `- warning: mutation of captured var 'replayed' in concurrently-executing code; this is an error in the Swift 6 language mode [#SendableClosureCaptures]
199 |                         }
200 |                     }

[#SendableClosureCaptures]: <https://docs.swift.org/compiler/documentation/diagnostics/sendable-closure-captures>
[228/249] Compiling RightClickCoreTests RCIRDeferredProductionTests.swift
/work/Tests/RightClickCoreTests/RCIRProductionDispatchTests.swift:197:72: warning: mutation of captured var 'permitted' in concurrently-executing code; this is an error in the Swift 6 language mode [#SendableClosureCaptures]
195 |                         DispatchQueue.global().async {
196 |                             defer { group.leave() }
197 |                             do { try invocation.invoke(); lock.lock(); permitted += 1; lock.unlock() }
    |                                                                        `- warning: mutation of captured var 'permitted' in concurrently-executing code; this is an error in the Swift 6 language mode [#SendableClosureCaptures]
198 |                             catch { lock.lock(); replayed += 1; lock.unlock() }
199 |                         }

/work/Tests/RightClickCoreTests/RCIRProductionDispatchTests.swift:198:50: warning: mutation of captured var 'replayed' in concurrently-executing code; this is an error in the Swift 6 language mode [#SendableClosureCaptures]
196 |                             defer { group.leave() }
197 |                             do { try invocation.invoke(); lock.lock(); permitted += 1; lock.unlock() }
198 |                             catch { lock.lock(); replayed += 1; lock.unlock() }
    |                                                  `- warning: mutation of captured var 'replayed' in concurrently-executing code; this is an error in the Swift 6 language mode [#SendableClosureCaptures]
199 |                         }
200 |                     }

[#SendableClosureCaptures]: <https://docs.swift.org/compiler/documentation/diagnostics/sendable-closure-captures>
[229/249] Compiling RightClickCoreTests RCIRHTTPJSONObservationTests.swift
/work/Tests/RightClickCoreTests/RCIRProductionDispatchTests.swift:197:72: warning: mutation of captured var 'permitted' in concurrently-executing code; this is an error in the Swift 6 language mode [#SendableClosureCaptures]
195 |                         DispatchQueue.global().async {
196 |                             defer { group.leave() }
197 |                             do { try invocation.invoke(); lock.lock(); permitted += 1; lock.unlock() }
    |                                                                        `- warning: mutation of captured var 'permitted' in concurrently-executing code; this is an error in the Swift 6 language mode [#SendableClosureCaptures]
198 |                             catch { lock.lock(); replayed += 1; lock.unlock() }
199 |                         }

/work/Tests/RightClickCoreTests/RCIRProductionDispatchTests.swift:198:50: warning: mutation of captured var 'replayed' in concurrently-executing code; this is an error in the Swift 6 language mode [#SendableClosureCaptures]
196 |                             defer { group.leave() }
197 |                             do { try invocation.invoke(); lock.lock(); permitted += 1; lock.unlock() }
198 |                             catch { lock.lock(); replayed += 1; lock.unlock() }
    |                                                  `- warning: mutation of captured var 'replayed' in concurrently-executing code; this is an error in the Swift 6 language mode [#SendableClosureCaptures]
199 |                         }
200 |                     }

[#SendableClosureCaptures]: <https://docs.swift.org/compiler/documentation/diagnostics/sendable-closure-captures>
[230/249] Compiling RightClickCoreTests RCIRIntegrationTests.swift
/work/Tests/RightClickCoreTests/RCIRProductionDispatchTests.swift:197:72: warning: mutation of captured var 'permitted' in concurrently-executing code; this is an error in the Swift 6 language mode [#SendableClosureCaptures]
195 |                         DispatchQueue.global().async {
196 |                             defer { group.leave() }
197 |                             do { try invocation.invoke(); lock.lock(); permitted += 1; lock.unlock() }
    |                                                                        `- warning: mutation of captured var 'permitted' in concurrently-executing code; this is an error in the Swift 6 language mode [#SendableClosureCaptures]
198 |                             catch { lock.lock(); replayed += 1; lock.unlock() }
199 |                         }

/work/Tests/RightClickCoreTests/RCIRProductionDispatchTests.swift:198:50: warning: mutation of captured var 'replayed' in concurrently-executing code; this is an error in the Swift 6 language mode [#SendableClosureCaptures]
196 |                             defer { group.leave() }
197 |                             do { try invocation.invoke(); lock.lock(); permitted += 1; lock.unlock() }
198 |                             catch { lock.lock(); replayed += 1; lock.unlock() }
    |                                                  `- warning: mutation of captured var 'replayed' in concurrently-executing code; this is an error in the Swift 6 language mode [#SendableClosureCaptures]
199 |                         }
200 |                     }

[#SendableClosureCaptures]: <https://docs.swift.org/compiler/documentation/diagnostics/sendable-closure-captures>
[231/249] Compiling RightClickCoreTests RCIRInvocationBindingTests.swift
/work/Tests/RightClickCoreTests/RCIRProductionDispatchTests.swift:197:72: warning: mutation of captured var 'permitted' in concurrently-executing code; this is an error in the Swift 6 language mode [#SendableClosureCaptures]
195 |                         DispatchQueue.global().async {
196 |                             defer { group.leave() }
197 |                             do { try invocation.invoke(); lock.lock(); permitted += 1; lock.unlock() }
    |                                                                        `- warning: mutation of captured var 'permitted' in concurrently-executing code; this is an error in the Swift 6 language mode [#SendableClosureCaptures]
198 |                             catch { lock.lock(); replayed += 1; lock.unlock() }
199 |                         }

/work/Tests/RightClickCoreTests/RCIRProductionDispatchTests.swift:198:50: warning: mutation of captured var 'replayed' in concurrently-executing code; this is an error in the Swift 6 language mode [#SendableClosureCaptures]
196 |                             defer { group.leave() }
197 |                             do { try invocation.invoke(); lock.lock(); permitted += 1; lock.unlock() }
198 |                             catch { lock.lock(); replayed += 1; lock.unlock() }
    |                                                  `- warning: mutation of captured var 'replayed' in concurrently-executing code; this is an error in the Swift 6 language mode [#SendableClosureCaptures]
199 |                         }
200 |                     }

[#SendableClosureCaptures]: <https://docs.swift.org/compiler/documentation/diagnostics/sendable-closure-captures>
[232/249] Compiling RightClickCoreTests RCIRInvocationIsolationTests.swift
/work/Tests/RightClickCoreTests/RCIRProductionDispatchTests.swift:197:72: warning: mutation of captured var 'permitted' in concurrently-executing code; this is an error in the Swift 6 language mode [#SendableClosureCaptures]
195 |                         DispatchQueue.global().async {
196 |                             defer { group.leave() }
197 |                             do { try invocation.invoke(); lock.lock(); permitted += 1; lock.unlock() }
    |                                                                        `- warning: mutation of captured var 'permitted' in concurrently-executing code; this is an error in the Swift 6 language mode [#SendableClosureCaptures]
198 |                             catch { lock.lock(); replayed += 1; lock.unlock() }
199 |                         }

/work/Tests/RightClickCoreTests/RCIRProductionDispatchTests.swift:198:50: warning: mutation of captured var 'replayed' in concurrently-executing code; this is an error in the Swift 6 language mode [#SendableClosureCaptures]
196 |                             defer { group.leave() }
197 |                             do { try invocation.invoke(); lock.lock(); permitted += 1; lock.unlock() }
198 |                             catch { lock.lock(); replayed += 1; lock.unlock() }
    |                                                  `- warning: mutation of captured var 'replayed' in concurrently-executing code; this is an error in the Swift 6 language mode [#SendableClosureCaptures]
199 |                         }
200 |                     }

[#SendableClosureCaptures]: <https://docs.swift.org/compiler/documentation/diagnostics/sendable-closure-captures>
[233/249] Compiling RightClickCoreTests RCIRNoOutputTests.swift
/work/Tests/RightClickCoreTests/RCIRProductionDispatchTests.swift:197:72: warning: mutation of captured var 'permitted' in concurrently-executing code; this is an error in the Swift 6 language mode [#SendableClosureCaptures]
195 |                         DispatchQueue.global().async {
196 |                             defer { group.leave() }
197 |                             do { try invocation.invoke(); lock.lock(); permitted += 1; lock.unlock() }
    |                                                                        `- warning: mutation of captured var 'permitted' in concurrently-executing code; this is an error in the Swift 6 language mode [#SendableClosureCaptures]
198 |                             catch { lock.lock(); replayed += 1; lock.unlock() }
199 |                         }

/work/Tests/RightClickCoreTests/RCIRProductionDispatchTests.swift:198:50: warning: mutation of captured var 'replayed' in concurrently-executing code; this is an error in the Swift 6 language mode [#SendableClosureCaptures]
196 |                             defer { group.leave() }
197 |                             do { try invocation.invoke(); lock.lock(); permitted += 1; lock.unlock() }
198 |                             catch { lock.lock(); replayed += 1; lock.unlock() }
    |                                                  `- warning: mutation of captured var 'replayed' in concurrently-executing code; this is an error in the Swift 6 language mode [#SendableClosureCaptures]
199 |                         }
200 |                     }

[#SendableClosureCaptures]: <https://docs.swift.org/compiler/documentation/diagnostics/sendable-closure-captures>
[234/249] Compiling RightClickCoreTests RCIRProductionDispatchTests.swift
/work/Tests/RightClickCoreTests/RCIRProductionDispatchTests.swift:197:72: warning: mutation of captured var 'permitted' in concurrently-executing code; this is an error in the Swift 6 language mode [#SendableClosureCaptures]
195 |                         DispatchQueue.global().async {
196 |                             defer { group.leave() }
197 |                             do { try invocation.invoke(); lock.lock(); permitted += 1; lock.unlock() }
    |                                                                        `- warning: mutation of captured var 'permitted' in concurrently-executing code; this is an error in the Swift 6 language mode [#SendableClosureCaptures]
198 |                             catch { lock.lock(); replayed += 1; lock.unlock() }
199 |                         }

/work/Tests/RightClickCoreTests/RCIRProductionDispatchTests.swift:198:50: warning: mutation of captured var 'replayed' in concurrently-executing code; this is an error in the Swift 6 language mode [#SendableClosureCaptures]
196 |                             defer { group.leave() }
197 |                             do { try invocation.invoke(); lock.lock(); permitted += 1; lock.unlock() }
198 |                             catch { lock.lock(); replayed += 1; lock.unlock() }
    |                                                  `- warning: mutation of captured var 'replayed' in concurrently-executing code; this is an error in the Swift 6 language mode [#SendableClosureCaptures]
199 |                         }
200 |                     }

[#SendableClosureCaptures]: <https://docs.swift.org/compiler/documentation/diagnostics/sendable-closure-captures>
[235/249] Compiling RightClickCoreTests RCIRStructuredObservationTests.swift
/work/Tests/RightClickCoreTests/RCIRProductionDispatchTests.swift:197:72: warning: mutation of captured var 'permitted' in concurrently-executing code; this is an error in the Swift 6 language mode [#SendableClosureCaptures]
195 |                         DispatchQueue.global().async {
196 |                             defer { group.leave() }
197 |                             do { try invocation.invoke(); lock.lock(); permitted += 1; lock.unlock() }
    |                                                                        `- warning: mutation of captured var 'permitted' in concurrently-executing code; this is an error in the Swift 6 language mode [#SendableClosureCaptures]
198 |                             catch { lock.lock(); replayed += 1; lock.unlock() }
199 |                         }

/work/Tests/RightClickCoreTests/RCIRProductionDispatchTests.swift:198:50: warning: mutation of captured var 'replayed' in concurrently-executing code; this is an error in the Swift 6 language mode [#SendableClosureCaptures]
196 |                             defer { group.leave() }
197 |                             do { try invocation.invoke(); lock.lock(); permitted += 1; lock.unlock() }
198 |                             catch { lock.lock(); replayed += 1; lock.unlock() }
    |                                                  `- warning: mutation of captured var 'replayed' in concurrently-executing code; this is an error in the Swift 6 language mode [#SendableClosureCaptures]
199 |                         }
200 |                     }

[#SendableClosureCaptures]: <https://docs.swift.org/compiler/documentation/diagnostics/sendable-closure-captures>
[236/249] Compiling RightClickCoreTests RCIRTests.swift
/work/Tests/RightClickCoreTests/RCIRProductionDispatchTests.swift:197:72: warning: mutation of captured var 'permitted' in concurrently-executing code; this is an error in the Swift 6 language mode [#SendableClosureCaptures]
195 |                         DispatchQueue.global().async {
196 |                             defer { group.leave() }
197 |                             do { try invocation.invoke(); lock.lock(); permitted += 1; lock.unlock() }
    |                                                                        `- warning: mutation of captured var 'permitted' in concurrently-executing code; this is an error in the Swift 6 language mode [#SendableClosureCaptures]
198 |                             catch { lock.lock(); replayed += 1; lock.unlock() }
199 |                         }

/work/Tests/RightClickCoreTests/RCIRProductionDispatchTests.swift:198:50: warning: mutation of captured var 'replayed' in concurrently-executing code; this is an error in the Swift 6 language mode [#SendableClosureCaptures]
196 |                             defer { group.leave() }
197 |                             do { try invocation.invoke(); lock.lock(); permitted += 1; lock.unlock() }
198 |                             catch { lock.lock(); replayed += 1; lock.unlock() }
    |                                                  `- warning: mutation of captured var 'replayed' in concurrently-executing code; this is an error in the Swift 6 language mode [#SendableClosureCaptures]
199 |                         }
200 |                     }

[#SendableClosureCaptures]: <https://docs.swift.org/compiler/documentation/diagnostics/sendable-closure-captures>
[237/249] Compiling RightClickCoreTests RCIRUnaryAdmissionTests.swift
/work/Tests/RightClickCoreTests/RCIRProductionDispatchTests.swift:197:72: warning: mutation of captured var 'permitted' in concurrently-executing code; this is an error in the Swift 6 language mode [#SendableClosureCaptures]
195 |                         DispatchQueue.global().async {
196 |                             defer { group.leave() }
197 |                             do { try invocation.invoke(); lock.lock(); permitted += 1; lock.unlock() }
    |                                                                        `- warning: mutation of captured var 'permitted' in concurrently-executing code; this is an error in the Swift 6 language mode [#SendableClosureCaptures]
198 |                             catch { lock.lock(); replayed += 1; lock.unlock() }
199 |                         }

/work/Tests/RightClickCoreTests/RCIRProductionDispatchTests.swift:198:50: warning: mutation of captured var 'replayed' in concurrently-executing code; this is an error in the Swift 6 language mode [#SendableClosureCaptures]
196 |                             defer { group.leave() }
197 |                             do { try invocation.invoke(); lock.lock(); permitted += 1; lock.unlock() }
198 |                             catch { lock.lock(); replayed += 1; lock.unlock() }
    |                                                  `- warning: mutation of captured var 'replayed' in concurrently-executing code; this is an error in the Swift 6 language mode [#SendableClosureCaptures]
199 |                         }
200 |                     }

[#SendableClosureCaptures]: <https://docs.swift.org/compiler/documentation/diagnostics/sendable-closure-captures>
[238/249] Compiling RightClickCoreTests RCIRUnitCompletionTests.swift
/work/Tests/RightClickCoreTests/RCIRProductionDispatchTests.swift:197:72: warning: mutation of captured var 'permitted' in concurrently-executing code; this is an error in the Swift 6 language mode [#SendableClosureCaptures]
195 |                         DispatchQueue.global().async {
196 |                             defer { group.leave() }
197 |                             do { try invocation.invoke(); lock.lock(); permitted += 1; lock.unlock() }
    |                                                                        `- warning: mutation of captured var 'permitted' in concurrently-executing code; this is an error in the Swift 6 language mode [#SendableClosureCaptures]
198 |                             catch { lock.lock(); replayed += 1; lock.unlock() }
199 |                         }

/work/Tests/RightClickCoreTests/RCIRProductionDispatchTests.swift:198:50: warning: mutation of captured var 'replayed' in concurrently-executing code; this is an error in the Swift 6 language mode [#SendableClosureCaptures]
196 |                             defer { group.leave() }
197 |                             do { try invocation.invoke(); lock.lock(); permitted += 1; lock.unlock() }
198 |                             catch { lock.lock(); replayed += 1; lock.unlock() }
    |                                                  `- warning: mutation of captured var 'replayed' in concurrently-executing code; this is an error in the Swift 6 language mode [#SendableClosureCaptures]
199 |                         }
200 |                     }

[#SendableClosureCaptures]: <https://docs.swift.org/compiler/documentation/diagnostics/sendable-closure-captures>
[239/249] Compiling RightClickCoreTests ServiceOutcomeTests.swift
/work/Tests/RightClickCoreTests/RCIRProductionDispatchTests.swift:197:72: warning: mutation of captured var 'permitted' in concurrently-executing code; this is an error in the Swift 6 language mode [#SendableClosureCaptures]
195 |                         DispatchQueue.global().async {
196 |                             defer { group.leave() }
197 |                             do { try invocation.invoke(); lock.lock(); permitted += 1; lock.unlock() }
    |                                                                        `- warning: mutation of captured var 'permitted' in concurrently-executing code; this is an error in the Swift 6 language mode [#SendableClosureCaptures]
198 |                             catch { lock.lock(); replayed += 1; lock.unlock() }
199 |                         }

/work/Tests/RightClickCoreTests/RCIRProductionDispatchTests.swift:198:50: warning: mutation of captured var 'replayed' in concurrently-executing code; this is an error in the Swift 6 language mode [#SendableClosureCaptures]
196 |                             defer { group.leave() }
197 |                             do { try invocation.invoke(); lock.lock(); permitted += 1; lock.unlock() }
198 |                             catch { lock.lock(); replayed += 1; lock.unlock() }
    |                                                  `- warning: mutation of captured var 'replayed' in concurrently-executing code; this is an error in the Swift 6 language mode [#SendableClosureCaptures]
199 |                         }
200 |                     }

[#SendableClosureCaptures]: <https://docs.swift.org/compiler/documentation/diagnostics/sendable-closure-captures>
[240/249] Compiling RightClickCoreTests SharingExecutionTests.swift
/work/Tests/RightClickCoreTests/RCIRProductionDispatchTests.swift:197:72: warning: mutation of captured var 'permitted' in concurrently-executing code; this is an error in the Swift 6 language mode [#SendableClosureCaptures]
195 |                         DispatchQueue.global().async {
196 |                             defer { group.leave() }
197 |                             do { try invocation.invoke(); lock.lock(); permitted += 1; lock.unlock() }
    |                                                                        `- warning: mutation of captured var 'permitted' in concurrently-executing code; this is an error in the Swift 6 language mode [#SendableClosureCaptures]
198 |                             catch { lock.lock(); replayed += 1; lock.unlock() }
199 |                         }

/work/Tests/RightClickCoreTests/RCIRProductionDispatchTests.swift:198:50: warning: mutation of captured var 'replayed' in concurrently-executing code; this is an error in the Swift 6 language mode [#SendableClosureCaptures]
196 |                             defer { group.leave() }
197 |                             do { try invocation.invoke(); lock.lock(); permitted += 1; lock.unlock() }
198 |                             catch { lock.lock(); replayed += 1; lock.unlock() }
    |                                                  `- warning: mutation of captured var 'replayed' in concurrently-executing code; this is an error in the Swift 6 language mode [#SendableClosureCaptures]
199 |                         }
200 |                     }

[#SendableClosureCaptures]: <https://docs.swift.org/compiler/documentation/diagnostics/sendable-closure-captures>
[241/249] Compiling RightClickCoreTests UniversalReflectorContractTests.swift
/work/Tests/RightClickCoreTests/RCIRProductionDispatchTests.swift:197:72: warning: mutation of captured var 'permitted' in concurrently-executing code; this is an error in the Swift 6 language mode [#SendableClosureCaptures]
195 |                         DispatchQueue.global().async {
196 |                             defer { group.leave() }
197 |                             do { try invocation.invoke(); lock.lock(); permitted += 1; lock.unlock() }
    |                                                                        `- warning: mutation of captured var 'permitted' in concurrently-executing code; this is an error in the Swift 6 language mode [#SendableClosureCaptures]
198 |                             catch { lock.lock(); replayed += 1; lock.unlock() }
199 |                         }

/work/Tests/RightClickCoreTests/RCIRProductionDispatchTests.swift:198:50: warning: mutation of captured var 'replayed' in concurrently-executing code; this is an error in the Swift 6 language mode [#SendableClosureCaptures]
196 |                             defer { group.leave() }
197 |                             do { try invocation.invoke(); lock.lock(); permitted += 1; lock.unlock() }
198 |                             catch { lock.lock(); replayed += 1; lock.unlock() }
    |                                                  `- warning: mutation of captured var 'replayed' in concurrently-executing code; this is an error in the Swift 6 language mode [#SendableClosureCaptures]
199 |                         }
200 |                     }

[#SendableClosureCaptures]: <https://docs.swift.org/compiler/documentation/diagnostics/sendable-closure-captures>
[242/249] /work/.build/linux-native/aarch64-unknown-linux-gnu/debug/rightclick-mcpPackageDiscoveredTests.derived/all-discovered-tests.swift
[243/250] Write sources
[245/254] Compiling rightclick_mcpPackageDiscoveredTests RightClickMCPTests.swift
[246/255] Compiling rightclick_mcpPackageDiscoveredTests all-discovered-tests.swift
[247/255] Emitting module rightclick_mcpPackageDiscoveredTests
[248/255] Compiling rightclick_mcpPackageDiscoveredTests RightClickARDTests.swift
[249/255] Compiling rightclick_mcpPackageDiscoveredTests RightClickCoreTests.swift
[250/253] Write Objects.LinkFileList
[251/253] Linking rightclick
[252/253] Linking rightclick-mcpPackageTests.xctest
Build complete! (19.58s)
Test Suite 'Selected tests' started at 2026-10-07 15:56:15.231
Test Suite 'CapabilityInterfaceTests' started at 2026-10-07 15:56:15.235
Test Case 'CapabilityInterfaceTests.testBoundedExecutorAbstainsForOfflineTool' started at 2026-10-07 15:56:15.235
Test Case 'CapabilityInterfaceTests.testBoundedExecutorAbstainsForOfflineTool' passed (0.001 seconds)
Test Case 'CapabilityInterfaceTests.testBoundedExecutorRejectsInvalidLimitsAndEnforcesMonotonicDeadline' started at 2026-10-07 15:56:15.236
Test Case 'CapabilityInterfaceTests.testBoundedExecutorRejectsInvalidLimitsAndEnforcesMonotonicDeadline' passed (0.179 seconds)
Test Case 'CapabilityInterfaceTests.testBoundedExecutorUsesBoundedStdinWithoutShellInterpolation' started at 2026-10-07 15:56:15.415
Test Case 'CapabilityInterfaceTests.testBoundedExecutorUsesBoundedStdinWithoutShellInterpolation' passed (0.008 seconds)
Test Case 'CapabilityInterfaceTests.testCompilerSelectedObserverReachesDefaultSharedHostAndCannotIgnoreCallerConstraint' started at 2026-10-07 15:56:15.423
Test Case 'CapabilityInterfaceTests.testCompilerSelectedObserverReachesDefaultSharedHostAndCannotIgnoreCallerConstraint' passed (0.006 seconds)
Test Case 'CapabilityInterfaceTests.testDuplicateInterfaceNamesFailClosed' started at 2026-10-07 15:56:15.429
Test Case 'CapabilityInterfaceTests.testDuplicateInterfaceNamesFailClosed' passed (0.0 seconds)
Test Case 'CapabilityInterfaceTests.testImporterPreservesTypedResultAndDoesNotCoerceLegacyStrings' started at 2026-10-07 15:56:15.429
Test Case 'CapabilityInterfaceTests.testImporterPreservesTypedResultAndDoesNotCoerceLegacyStrings' passed (0.001 seconds)
Test Case 'CapabilityInterfaceTests.testImporterRejectsUnsupportedConstraintsAndOpenObjects' started at 2026-10-07 15:56:15.430
Test Case 'CapabilityInterfaceTests.testImporterRejectsUnsupportedConstraintsAndOpenObjects' passed (0.0 seconds)
Test Case 'CapabilityInterfaceTests.testPreflightReturnCannotClaimConsumedLeaseOrSemanticSuccess' started at 2026-10-07 15:56:15.430
Test Case 'CapabilityInterfaceTests.testPreflightReturnCannotClaimConsumedLeaseOrSemanticSuccess' passed (0.001 seconds)
Test Case 'CapabilityInterfaceTests.testPrivateSnapshotDoesNotFollowSourceReplacementAndWithdrawsStaleIdentity' started at 2026-10-07 15:56:15.431
Test Case 'CapabilityInterfaceTests.testPrivateSnapshotDoesNotFollowSourceReplacementAndWithdrawsStaleIdentity' passed (0.003 seconds)
Test Case 'CapabilityInterfaceTests.testProtectedReferenceRejectsReadableAndSymlinkedCredentialFiles' started at 2026-10-07 15:56:15.434
Test Case 'CapabilityInterfaceTests.testProtectedReferenceRejectsReadableAndSymlinkedCredentialFiles' passed (0.002 seconds)
Test Case 'CapabilityInterfaceTests.testRealWASMComponentWhenProvisioned' started at 2026-10-07 15:56:15.435
/work/Tests/RightClickCoreTests/CapabilityInterfaceTests.swift:192: CapabilityInterfaceTests.testRealWASMComponentWhenProvisioned : Test skipped - Real component toolchain not provisioned; no WASM GREEN claimed by this skip.
Test Case 'CapabilityInterfaceTests.testRealWASMComponentWhenProvisioned' skipped (0.0 seconds)
Test Case 'CapabilityInterfaceTests.testSharedHostPreservesAcceptedVersusVerifiedAndExactPolicyDenial' started at 2026-10-07 15:56:15.436
Test Case 'CapabilityInterfaceTests.testSharedHostPreservesAcceptedVersusVerifiedAndExactPolicyDenial' passed (0.002 seconds)
Test Case 'CapabilityInterfaceTests.testTypedBridgeRejectsOutOfRangeIntegersAndDeepValues' started at 2026-10-07 15:56:15.438
Test Case 'CapabilityInterfaceTests.testTypedBridgeRejectsOutOfRangeIntegersAndDeepValues' passed (0.001 seconds)
Test Case 'CapabilityInterfaceTests.testWASMSourceReplacementCannotExecuteNewBytesUnderOldCapability' started at 2026-10-07 15:56:15.438
/work/Tests/RightClickCoreTests/CapabilityInterfaceTests.swift:162: CapabilityInterfaceTests.testWASMSourceReplacementCannotExecuteNewBytesUnderOldCapability : Test skipped - Real component not provisioned; no source-race GREEN claimed by this skip.
Test Case 'CapabilityInterfaceTests.testWASMSourceReplacementCannotExecuteNewBytesUnderOldCapability' skipped (0.0 seconds)
Test Suite 'CapabilityInterfaceTests' passed at 2026-10-07 15:56:15.438
	 Executed 14 tests, with 2 tests skipped and 0 failures (0 unexpected) in 0.204 (0.204) seconds
Test Suite 'CapabilityStringConstraintTests' started at 2026-10-07 15:56:15.438
Test Case 'CapabilityStringConstraintTests.testActualChallengeDeclarationAcceptsExactBoundsAndCharacterSet' started at 2026-10-07 15:56:15.438
Test Case 'CapabilityStringConstraintTests.testActualChallengeDeclarationAcceptsExactBoundsAndCharacterSet' passed (0.001 seconds)
Test Case 'CapabilityStringConstraintTests.testChangingBoundOrCharacterSetChangesContractIdentity' started at 2026-10-07 15:56:15.439
Test Case 'CapabilityStringConstraintTests.testChangingBoundOrCharacterSetChangesContractIdentity' passed (0.0 seconds)
Test Case 'CapabilityStringConstraintTests.testEquivalentCharacterClassesAndEnumOrderHaveCanonicalIdentity' started at 2026-10-07 15:56:15.440
Test Case 'CapabilityStringConstraintTests.testEquivalentCharacterClassesAndEnumOrderHaveCanonicalIdentity' passed (0.0 seconds)
Test Case 'CapabilityStringConstraintTests.testLengthUsesUnicodeScalarsRatherThanGraphemesOrBytes' started at 2026-10-07 15:56:15.440
Test Case 'CapabilityStringConstraintTests.testLengthUsesUnicodeScalarsRatherThanGraphemesOrBytes' passed (0.0 seconds)
Test Case 'CapabilityStringConstraintTests.testMalformedLengthsAndEmptyIntersectionAbstain' started at 2026-10-07 15:56:15.440
Test Case 'CapabilityStringConstraintTests.testMalformedLengthsAndEmptyIntersectionAbstain' passed (0.0 seconds)
Test Case 'CapabilityStringConstraintTests.testNestedImportKeepsRequiredClosedObjectAndStringConstraint' started at 2026-10-07 15:56:15.441
Test Case 'CapabilityStringConstraintTests.testNestedImportKeepsRequiredClosedObjectAndStringConstraint' passed (0.0 seconds)
Test Case 'CapabilityStringConstraintTests.testOpenAPIOmitsUnsupportedPatternRatherThanErasingIt' started at 2026-10-07 15:56:15.441
Test Case 'CapabilityStringConstraintTests.testOpenAPIOmitsUnsupportedPatternRatherThanErasingIt' passed (0.002 seconds)
Test Case 'CapabilityStringConstraintTests.testOpenAPIPreservesActualProviderPatternInDiscoveredContract' started at 2026-10-07 15:56:15.443
Test Case 'CapabilityStringConstraintTests.testOpenAPIPreservesActualProviderPatternInDiscoveredContract' passed (0.002 seconds)
Test Case 'CapabilityStringConstraintTests.testOpenAPIRejectsInvalidValueBeforeTransport' started at 2026-10-07 15:56:15.446
Test Case 'CapabilityStringConstraintTests.testOpenAPIRejectsInvalidValueBeforeTransport' passed (0.005 seconds)
Test Case 'CapabilityStringConstraintTests.testPatternLengthAndEnumAreIntersectedWithoutWidening' started at 2026-10-07 15:56:15.450
Test Case 'CapabilityStringConstraintTests.testPatternLengthAndEnumAreIntersectedWithoutWidening' passed (0.0 seconds)
Test Case 'CapabilityStringConstraintTests.testUnsupportedRegexGrammarAndUnboundedRepetitionAbstain' started at 2026-10-07 15:56:15.450
Test Case 'CapabilityStringConstraintTests.testUnsupportedRegexGrammarAndUnboundedRepetitionAbstain' passed (0.0 seconds)
Test Case 'CapabilityStringConstraintTests.testZeroAndExactQuantifierRemainExact' started at 2026-10-07 15:56:15.451
Test Case 'CapabilityStringConstraintTests.testZeroAndExactQuantifierRemainExact' passed (0.0 seconds)
Test Suite 'CapabilityStringConstraintTests' passed at 2026-10-07 15:56:15.451
	 Executed 12 tests, with 0 failures (0 unexpected) in 0.012 (0.012) seconds
Test Suite 'PortableRuntimeTests' started at 2026-10-07 15:56:15.451
Test Case 'PortableRuntimeTests.testFilesAndUnknownExtensionsAreConservative' started at 2026-10-07 15:56:15.451
Test Case 'PortableRuntimeTests.testFilesAndUnknownExtensionsAreConservative' passed (0.001 seconds)
Test Case 'PortableRuntimeTests.testHostStorageDoesNotAcceptRelativeEnvironmentPaths' started at 2026-10-07 15:56:15.452
Test Case 'PortableRuntimeTests.testHostStorageDoesNotAcceptRelativeEnvironmentPaths' passed (0.0 seconds)
Test Case 'PortableRuntimeTests.testNativeCatalogIsAbsentOnOtherHosts' started at 2026-10-07 15:56:15.452
Test Case 'PortableRuntimeTests.testNativeCatalogIsAbsentOnOtherHosts' passed (0.0 seconds)
Test Case 'PortableRuntimeTests.testNativeJSONBooleanIdentityCannotBecomeNumericLength' started at 2026-10-07 15:56:15.453
Test Case 'PortableRuntimeTests.testNativeJSONBooleanIdentityCannotBecomeNumericLength' passed (0.001 seconds)
Test Case 'PortableRuntimeTests.testPKCEUsesPortableCryptographicRandomness' started at 2026-10-07 15:56:15.454
Test Case 'PortableRuntimeTests.testPKCEUsesPortableCryptographicRandomness' passed (0.0 seconds)
Test Case 'PortableRuntimeTests.testStableTextAndURLClassification' started at 2026-10-07 15:56:15.454
Test Case 'PortableRuntimeTests.testStableTextAndURLClassification' passed (0.0 seconds)
Test Case 'PortableRuntimeTests.testUnavailableSecureStorageAbstains' started at 2026-10-07 15:56:15.454
Test Case 'PortableRuntimeTests.testUnavailableSecureStorageAbstains' passed (0.0 seconds)
Test Suite 'PortableRuntimeTests' passed at 2026-10-07 15:56:15.454
	 Executed 7 tests, with 0 failures (0 unexpected) in 0.003 (0.003) seconds
Test Suite 'Selected tests' passed at 2026-10-07 15:56:15.454
	 Executed 33 tests, with 2 tests skipped and 0 failures (0 unexpected) in 0.219 (0.219) seconds
◇ Test run started.
↳ Testing Library Version: 6.2.4 (5ee435b15ad40ec)
↳ Target Platform: aarch64-unknown-linux-gnu
✔ Test run with 0 tests in 0 suites passed after 0.001 seconds.
