warning: 'work': found 3 file(s) which are unhandled; explicitly declare them as resources or exclude from the target
    /work/Tests/RightClickCoreTests/Fixtures/WindowsActualAcknowledgementDeclaration.json
    /work/Tests/RightClickCoreTests/Fixtures/MOAT005G4IssuesCreateRealResponse.json
    /work/Tests/RightClickCoreTests/Fixtures/MOAT005G3IssuesCreateRequest.json
[0/1] Planning build
[1/1] Compiling plugin SwiftProtobufPlugin
[2/2] Compiling plugin GRPCSwiftPlugin
Building for debugging...
[2/42] Write swift-version-24593BA9C3E375BF.txt
[3/45] Write sources
[5/66] Emitting module SwiftProtobuf
[6/89] Compiling SwiftProtobuf Google_Protobuf_Any+Extensions.swift
[7/89] Compiling SwiftProtobuf Google_Protobuf_Any+Registry.swift
[8/89] Compiling SwiftProtobuf Google_Protobuf_Duration+Extensions.swift
[9/89] Compiling SwiftProtobuf Google_Protobuf_FieldMask+Extensions.swift
[10/89] Compiling SwiftProtobuf Google_Protobuf_ListValue+Extensions.swift
[11/89] Compiling SwiftProtobuf Google_Protobuf_NullValue+Extensions.swift
[12/89] Compiling SwiftProtobuf Google_Protobuf_Struct+Extensions.swift
[13/89] Compiling SwiftProtobuf Google_Protobuf_Timestamp+Extensions.swift
[14/89] Compiling SwiftProtobuf Google_Protobuf_Value+Extensions.swift
[15/89] Compiling SwiftProtobuf Google_Protobuf_Wrappers+Extensions.swift
[16/89] Compiling SwiftProtobuf HashVisitor.swift
[17/89] Compiling SwiftProtobuf Internal.swift
[18/89] Compiling SwiftProtobuf JSONDecoder.swift
[19/89] Compiling SwiftProtobuf JSONDecodingError.swift
[20/89] Compiling SwiftProtobuf JSONDecodingOptions.swift
[21/89] Compiling SwiftProtobuf JSONEncoder.swift
[22/89] Compiling SwiftProtobuf JSONEncodingError.swift
[23/89] Compiling SwiftProtobuf JSONEncodingOptions.swift
[24/89] Compiling SwiftProtobuf JSONEncodingVisitor.swift
[25/89] Compiling SwiftProtobuf JSONMapEncodingVisitor.swift
[26/89] Compiling SwiftProtobuf JSONScanner.swift
[27/89] Compiling SwiftProtobuf MathUtils.swift
[28/89] Compiling SwiftProtobuf Message+AnyAdditions.swift
[29/89] Compiling SwiftProtobuf Message+BinaryAdditions.swift
[30/112] Compiling SwiftProtobuf Message+BinaryAdditions_Data.swift
[31/112] Compiling SwiftProtobuf Message+FieldMask.swift
[32/112] Compiling SwiftProtobuf Message+JSONAdditions.swift
[33/112] Compiling SwiftProtobuf Message+JSONAdditions_Data.swift
[34/112] Compiling SwiftProtobuf Message+JSONArrayAdditions.swift
[35/112] Compiling SwiftProtobuf Message+JSONArrayAdditions_Data.swift
[36/112] Compiling SwiftProtobuf Message+TextFormatAdditions.swift
[37/112] Compiling SwiftProtobuf Message.swift
[38/112] Compiling SwiftProtobuf MessageExtension.swift
[39/112] Compiling SwiftProtobuf NameMap.swift
[40/112] Compiling SwiftProtobuf PathDecoder.swift
[41/112] Compiling SwiftProtobuf PathVisitor.swift
[42/112] Compiling SwiftProtobuf ProtoNameProviding.swift
[43/112] Compiling SwiftProtobuf ProtobufAPIVersionCheck.swift
[44/112] Compiling SwiftProtobuf ProtobufMap.swift
[45/112] Compiling SwiftProtobuf SelectiveVisitor.swift
[46/112] Compiling SwiftProtobuf SimpleExtensionMap.swift
[47/112] Compiling SwiftProtobuf StringUtils.swift
[48/112] Compiling SwiftProtobuf SwiftProtobufContiguousBytes.swift
[49/112] Compiling SwiftProtobuf SwiftProtobufError.swift
[50/112] Compiling SwiftProtobuf TextFormatDecoder.swift
[51/112] Compiling SwiftProtobuf TextFormatDecodingError.swift
[52/112] Compiling SwiftProtobuf TextFormatDecodingOptions.swift
[53/112] Compiling SwiftProtobuf AnyMessageStorage.swift
[54/112] Compiling SwiftProtobuf AnyUnpackError.swift
[55/112] Compiling SwiftProtobuf AsyncMessageSequence.swift
[56/112] Compiling SwiftProtobuf BinaryDecoder.swift
[57/112] Compiling SwiftProtobuf BinaryDecodingError.swift
[58/112] Compiling SwiftProtobuf BinaryDecodingOptions.swift
[59/112] Compiling SwiftProtobuf BinaryDelimited.swift
[60/112] Compiling SwiftProtobuf BinaryEncoder.swift
[61/112] Compiling SwiftProtobuf BinaryEncodingError.swift
[62/112] Compiling SwiftProtobuf BinaryEncodingOptions.swift
[63/112] Compiling SwiftProtobuf BinaryEncodingSizeVisitor.swift
[64/112] Compiling SwiftProtobuf BinaryEncodingVisitor.swift
[65/112] Compiling SwiftProtobuf BytecodeInterpreter.swift
[66/112] Compiling SwiftProtobuf BytecodeReader.swift
[67/112] Compiling SwiftProtobuf CustomJSONCodable.swift
[68/112] Compiling SwiftProtobuf Decoder.swift
[69/112] Compiling SwiftProtobuf DoubleParser.swift
[70/112] Compiling SwiftProtobuf Enum.swift
[71/112] Compiling SwiftProtobuf ExtensibleMessage.swift
[72/112] Compiling SwiftProtobuf ExtensionFieldValueSet.swift
[73/112] Compiling SwiftProtobuf ExtensionFields.swift
[74/112] Compiling SwiftProtobuf ExtensionMap.swift
[75/112] Compiling SwiftProtobuf FieldTag.swift
[76/112] Compiling SwiftProtobuf FieldTypes.swift
[77/112] Compiling SwiftProtobuf TextFormatEncoder.swift
[78/112] Compiling SwiftProtobuf TextFormatEncodingOptions.swift
[79/112] Compiling SwiftProtobuf TextFormatEncodingVisitor.swift
[80/112] Compiling SwiftProtobuf TextFormatScanner.swift
[81/112] Compiling SwiftProtobuf TimeUtils.swift
[82/112] Compiling SwiftProtobuf UnknownStorage.swift
[83/112] Compiling SwiftProtobuf UnsafeRawPointer+Shims.swift
[84/112] Compiling SwiftProtobuf Varint.swift
[85/112] Compiling SwiftProtobuf Version.swift
[86/112] Compiling SwiftProtobuf Visitor.swift
[87/112] Compiling SwiftProtobuf WireFormat.swift
[88/112] Compiling SwiftProtobuf ZigZag.swift
[89/112] Compiling SwiftProtobuf any.pb.swift
[90/112] Compiling SwiftProtobuf api.pb.swift
[91/112] Compiling SwiftProtobuf descriptor.pb.swift
[92/112] Compiling SwiftProtobuf duration.pb.swift
[93/112] Compiling SwiftProtobuf empty.pb.swift
[94/112] Compiling SwiftProtobuf field_mask.pb.swift
[95/112] Compiling SwiftProtobuf source_context.pb.swift
[96/112] Compiling SwiftProtobuf struct.pb.swift
[97/112] Compiling SwiftProtobuf timestamp.pb.swift
[98/112] Compiling SwiftProtobuf type.pb.swift
[99/112] Compiling SwiftProtobuf wrappers.pb.swift
[101/109] Compiling RightClickCoreTests NativeBoundedHTTPTests.swift
[102/109] Emitting module RightClickCoreTests
[103/110] Wrapping AST for RightClickCoreTests for debugging
[104/110] /work/.build/linux-native/aarch64-unknown-linux-gnu/debug/rightclick-mcpPackageDiscoveredTests.derived/all-discovered-tests.swift
[105/111] Write sources
[107/115] Compiling rightclick_mcpPackageDiscoveredTests RightClickMCPTests.swift
[108/116] Compiling rightclick_mcpPackageDiscoveredTests all-discovered-tests.swift
[109/116] Emitting module rightclick_mcpPackageDiscoveredTests
[110/116] Compiling rightclick_mcpPackageDiscoveredTests RightClickARDTests.swift
[111/116] Compiling rightclick_mcpPackageDiscoveredTests RightClickCoreTests.swift
[112/117] /work/.build/linux-native/aarch64-unknown-linux-gnu/debug/rightclick-mcpPackageTests.derived/runner.swift
[113/118] Write sources
[114/118] Wrapping AST for rightclick-mcpPackageDiscoveredTests for debugging
[116/120] Emitting module rightclick_mcpPackageTests
[117/120] Compiling rightclick_mcpPackageTests runner.swift
[118/120] Write Objects.LinkFileList
[119/120] Linking rightclick-mcpPackageTests.xctest
Build complete! (14.55s)
Test Suite 'Selected tests' started at 2026-10-07 15:39:27.414
Test Suite 'NativeBoundedHTTPTests' started at 2026-10-07 15:39:27.415
Test Case 'NativeBoundedHTTPTests.testDeadlineCancelsNativeExchangeWithinBound' started at 2026-10-07 15:39:27.415
Test Case 'NativeBoundedHTTPTests.testDeadlineCancelsNativeExchangeWithinBound' passed (0.092 seconds)
Test Case 'NativeBoundedHTTPTests.testDeclaredAndChunkedOversizeNeverReturnAnAdmittedPrefix' started at 2026-10-07 15:39:27.508
Test Case 'NativeBoundedHTTPTests.testDeclaredAndChunkedOversizeNeverReturnAnAdmittedPrefix' passed (0.12 seconds)
Test Case 'NativeBoundedHTTPTests.testNativeCompletionReleasesWaiterAndReturnsExactCap' started at 2026-10-07 15:39:27.629
Test Case 'NativeBoundedHTTPTests.testNativeCompletionReleasesWaiterAndReturnsExactCap' passed (0.086 seconds)
Test Case 'NativeBoundedHTTPTests.testNativeErrorAndPrematureConnectionCloseRemainFailures' started at 2026-10-07 15:39:27.715
Test Case 'NativeBoundedHTTPTests.testNativeErrorAndPrematureConnectionCloseRemainFailures' passed (0.095 seconds)
Test Case 'NativeBoundedHTTPTests.testRedirectNeverReachesNewTarget' started at 2026-10-07 15:39:27.810
Test Case 'NativeBoundedHTTPTests.testRedirectNeverReachesNewTarget' passed (0.09 seconds)
Test Suite 'NativeBoundedHTTPTests' passed at 2026-10-07 15:39:27.900
	 Executed 5 tests, with 0 failures (0 unexpected) in 0.483 (0.483) seconds
Test Suite 'Selected tests' passed at 2026-10-07 15:39:27.900
	 Executed 5 tests, with 0 failures (0 unexpected) in 0.483 (0.483) seconds
◇ Test run started.
↳ Testing Library Version: 6.2.4 (5ee435b15ad40ec)
↳ Target Platform: aarch64-unknown-linux-gnu
✔ Test run with 0 tests in 0 suites passed after 0.001 seconds.
