warning: 'work': found 2 file(s) which are unhandled; explicitly declare them as resources or exclude from the target
    /work/Tests/RightClickCoreTests/Fixtures/MOAT005G4IssuesCreateRealResponse.json
    /work/Tests/RightClickCoreTests/Fixtures/MOAT005G3IssuesCreateRequest.json
[0/1] Planning build
Building for debugging...
[0/35] Write sources
[1/35] Write swift-version-24593BA9C3E375BF.txt
[3/58] Emitting module SwiftProtobuf
[4/81] Compiling SwiftProtobuf Message+BinaryAdditions_Data.swift
[5/81] Compiling SwiftProtobuf Message+FieldMask.swift
[6/81] Compiling SwiftProtobuf Message+JSONAdditions.swift
[7/81] Compiling SwiftProtobuf Message+JSONAdditions_Data.swift
[8/81] Compiling SwiftProtobuf Message+JSONArrayAdditions.swift
[9/81] Compiling SwiftProtobuf Message+JSONArrayAdditions_Data.swift
[10/81] Compiling SwiftProtobuf Message+TextFormatAdditions.swift
[11/81] Compiling SwiftProtobuf Message.swift
[12/81] Compiling SwiftProtobuf MessageExtension.swift
[13/81] Compiling SwiftProtobuf NameMap.swift
[14/81] Compiling SwiftProtobuf PathDecoder.swift
[15/81] Compiling SwiftProtobuf PathVisitor.swift
[16/81] Compiling SwiftProtobuf ProtoNameProviding.swift
[17/81] Compiling SwiftProtobuf ProtobufAPIVersionCheck.swift
[18/81] Compiling SwiftProtobuf ProtobufMap.swift
[19/81] Compiling SwiftProtobuf SelectiveVisitor.swift
[20/81] Compiling SwiftProtobuf SimpleExtensionMap.swift
[21/81] Compiling SwiftProtobuf StringUtils.swift
[22/81] Compiling SwiftProtobuf SwiftProtobufContiguousBytes.swift
[23/81] Compiling SwiftProtobuf SwiftProtobufError.swift
[24/81] Compiling SwiftProtobuf TextFormatDecoder.swift
[25/81] Compiling SwiftProtobuf TextFormatDecodingError.swift
[26/81] Compiling SwiftProtobuf TextFormatDecodingOptions.swift
[27/104] Compiling SwiftProtobuf Google_Protobuf_Any+Extensions.swift
[28/104] Compiling SwiftProtobuf Google_Protobuf_Any+Registry.swift
[29/104] Compiling SwiftProtobuf Google_Protobuf_Duration+Extensions.swift
[30/104] Compiling SwiftProtobuf Google_Protobuf_FieldMask+Extensions.swift
[31/104] Compiling SwiftProtobuf Google_Protobuf_ListValue+Extensions.swift
[32/104] Compiling SwiftProtobuf Google_Protobuf_NullValue+Extensions.swift
[33/104] Compiling SwiftProtobuf Google_Protobuf_Struct+Extensions.swift
[34/104] Compiling SwiftProtobuf Google_Protobuf_Timestamp+Extensions.swift
[35/104] Compiling SwiftProtobuf Google_Protobuf_Value+Extensions.swift
[36/104] Compiling SwiftProtobuf Google_Protobuf_Wrappers+Extensions.swift
[37/104] Compiling SwiftProtobuf HashVisitor.swift
[38/104] Compiling SwiftProtobuf Internal.swift
[39/104] Compiling SwiftProtobuf JSONDecoder.swift
[40/104] Compiling SwiftProtobuf JSONDecodingError.swift
[41/104] Compiling SwiftProtobuf JSONDecodingOptions.swift
[42/104] Compiling SwiftProtobuf JSONEncoder.swift
[43/104] Compiling SwiftProtobuf JSONEncodingError.swift
[44/104] Compiling SwiftProtobuf JSONEncodingOptions.swift
[45/104] Compiling SwiftProtobuf JSONEncodingVisitor.swift
[46/104] Compiling SwiftProtobuf JSONMapEncodingVisitor.swift
[47/104] Compiling SwiftProtobuf JSONScanner.swift
[48/104] Compiling SwiftProtobuf MathUtils.swift
[49/104] Compiling SwiftProtobuf Message+AnyAdditions.swift
[50/104] Compiling SwiftProtobuf Message+BinaryAdditions.swift
[51/104] Compiling SwiftProtobuf AnyMessageStorage.swift
[52/104] Compiling SwiftProtobuf AnyUnpackError.swift
[53/104] Compiling SwiftProtobuf AsyncMessageSequence.swift
[54/104] Compiling SwiftProtobuf BinaryDecoder.swift
[55/104] Compiling SwiftProtobuf BinaryDecodingError.swift
[56/104] Compiling SwiftProtobuf BinaryDecodingOptions.swift
[57/104] Compiling SwiftProtobuf BinaryDelimited.swift
[58/104] Compiling SwiftProtobuf BinaryEncoder.swift
[59/104] Compiling SwiftProtobuf BinaryEncodingError.swift
[60/104] Compiling SwiftProtobuf BinaryEncodingOptions.swift
[61/104] Compiling SwiftProtobuf BinaryEncodingSizeVisitor.swift
[62/104] Compiling SwiftProtobuf BinaryEncodingVisitor.swift
[63/104] Compiling SwiftProtobuf BytecodeInterpreter.swift
[64/104] Compiling SwiftProtobuf BytecodeReader.swift
[65/104] Compiling SwiftProtobuf CustomJSONCodable.swift
[66/104] Compiling SwiftProtobuf Decoder.swift
[67/104] Compiling SwiftProtobuf DoubleParser.swift
[68/104] Compiling SwiftProtobuf Enum.swift
[69/104] Compiling SwiftProtobuf ExtensibleMessage.swift
[70/104] Compiling SwiftProtobuf ExtensionFieldValueSet.swift
[71/104] Compiling SwiftProtobuf ExtensionFields.swift
[72/104] Compiling SwiftProtobuf ExtensionMap.swift
[73/104] Compiling SwiftProtobuf FieldTag.swift
[74/104] Compiling SwiftProtobuf FieldTypes.swift
[75/104] Compiling SwiftProtobuf TextFormatEncoder.swift
[76/104] Compiling SwiftProtobuf TextFormatEncodingOptions.swift
[77/104] Compiling SwiftProtobuf TextFormatEncodingVisitor.swift
[78/104] Compiling SwiftProtobuf TextFormatScanner.swift
[79/104] Compiling SwiftProtobuf TimeUtils.swift
[80/104] Compiling SwiftProtobuf UnknownStorage.swift
[81/104] Compiling SwiftProtobuf UnsafeRawPointer+Shims.swift
[82/104] Compiling SwiftProtobuf Varint.swift
[83/104] Compiling SwiftProtobuf Version.swift
[84/104] Compiling SwiftProtobuf Visitor.swift
[85/104] Compiling SwiftProtobuf WireFormat.swift
[86/104] Compiling SwiftProtobuf ZigZag.swift
[87/104] Compiling SwiftProtobuf any.pb.swift
[88/104] Compiling SwiftProtobuf api.pb.swift
[89/104] Compiling SwiftProtobuf descriptor.pb.swift
[90/104] Compiling SwiftProtobuf duration.pb.swift
[91/104] Compiling SwiftProtobuf empty.pb.swift
[92/104] Compiling SwiftProtobuf field_mask.pb.swift
[93/104] Compiling SwiftProtobuf source_context.pb.swift
[94/104] Compiling SwiftProtobuf struct.pb.swift
[95/104] Compiling SwiftProtobuf timestamp.pb.swift
[96/104] Compiling SwiftProtobuf type.pb.swift
[97/104] Compiling SwiftProtobuf wrappers.pb.swift
[98/105] Wrapping AST for SwiftProtobuf for debugging
[100/112] Compiling GRPC GRPCAsyncBidirectionalStreamingCall.swift
[101/112] Compiling GRPC GRPCAsyncClientStreamingCall.swift
[102/112] Compiling GRPC GRPCAsyncRequestStream.swift
[103/115] Compiling GRPC GRPCAsyncServerStreamingCall.swift
[104/115] Compiling GRPC GRPCChannel+AsyncAwaitSupport.swift
[105/115] Compiling GRPC GRPCClient+AsyncAwaitSupport.swift
[106/115] Compiling GRPC GRPCAsyncResponseStream.swift
[107/115] Compiling GRPC GRPCAsyncResponseStreamWriter.swift
[108/115] Compiling GRPC GRPCAsyncServerHandler.swift
[109/115] Emitting module GRPC
[111/152] Emitting module RightClickCore
/work/Sources/RightClickCore/OriginPinnedHTTP.swift:45:19: warning: non-final class 'RedirectRejectingDelegate' cannot conform to 'Sendable'; use '@unchecked Sendable'; this is an error in the Swift 6 language mode
 43 |     }
 44 | 
 45 |     private class RedirectRejectingDelegate:
    |                   `- warning: non-final class 'RedirectRejectingDelegate' cannot conform to 'Sendable'; use '@unchecked Sendable'; this is an error in the Swift 6 language mode
 46 |         NSObject,
 47 |         URLSessionTaskDelegate

/work/Sources/RightClickCore/OriginPinnedHTTP.swift:83:21: warning: stored property 'storedData' of 'Sendable'-conforming class 'BoundedLoadDelegate' is mutable; this is an error in the Swift 6 language mode
 81 |             Int
 82 | 
 83 |         private var storedData =
    |                     `- warning: stored property 'storedData' of 'Sendable'-conforming class 'BoundedLoadDelegate' is mutable; this is an error in the Swift 6 language mode
 84 |             Data()
 85 | 
[112/169] Compiling RightClickCore OutcomeVerifier.swift
[113/169] Compiling RightClickCore ProductSurface.swift
[114/169] Compiling RightClickCore RCIR.swift
[115/169] Compiling RightClickCore RCIRDeferredExecution.swift
[116/169] Compiling RightClickCore RCIRExecutionHost.swift
[117/169] Compiling RightClickCore RCIRHTTPObservation.swift
[118/169] Compiling RightClickCore RCIRHostObservation.swift
[119/169] Compiling RightClickCore RCIRSignedReceipt.swift
[120/169] Compiling RightClickCore RCIRUnaryInvocation.swift
[121/169] Compiling RightClickCore RuntimePlatform.swift
[122/169] Compiling RightClickCore SafetyPolicy.swift
[123/169] Compiling RightClickCore ServiceCatalog.swift
[124/169] Compiling RightClickCore ServiceContext.swift
[125/169] Compiling RightClickCore ServiceOutcome.swift
[126/169] Compiling RightClickCore SharingCatalog.swift
[127/169] Compiling RightClickCore SharingExecutionModel.swift
[128/169] Compiling RightClickCore WASMCapabilityArtifactResolver.swift
[129/169] Compiling RightClickCore A2AReflector.swift
/work/Sources/RightClickCore/CapabilityEngine.swift:427:33: warning: result of call to 'run(mode:before:)' is unused [#no-usage]
 425 |                 }
 426 | 
 427 |                 RunLoop.current.run(
     |                                 `- warning: result of call to 'run(mode:before:)' is unused [#no-usage]
 428 |                     mode: .default,
 429 |                     before:
[130/169] Compiling RightClickCore ARDRegistrySource.swift
/work/Sources/RightClickCore/CapabilityEngine.swift:427:33: warning: result of call to 'run(mode:before:)' is unused [#no-usage]
 425 |                 }
 426 | 
 427 |                 RunLoop.current.run(
     |                                 `- warning: result of call to 'run(mode:before:)' is unused [#no-usage]
 428 |                     mode: .default,
 429 |                     before:
[131/169] Compiling RightClickCore ActionExtensionCatalog.swift
/work/Sources/RightClickCore/CapabilityEngine.swift:427:33: warning: result of call to 'run(mode:before:)' is unused [#no-usage]
 425 |                 }
 426 | 
 427 |                 RunLoop.current.run(
     |                                 `- warning: result of call to 'run(mode:before:)' is unused [#no-usage]
 428 |                     mode: .default,
 429 |                     before:
[132/169] Compiling RightClickCore BonjourGRPCSource.swift
/work/Sources/RightClickCore/CapabilityEngine.swift:427:33: warning: result of call to 'run(mode:before:)' is unused [#no-usage]
 425 |                 }
 426 | 
 427 |                 RunLoop.current.run(
     |                                 `- warning: result of call to 'run(mode:before:)' is unused [#no-usage]
 428 |                     mode: .default,
 429 |                     before:
[133/169] Compiling RightClickCore BonjourGraphQLSource.swift
/work/Sources/RightClickCore/CapabilityEngine.swift:427:33: warning: result of call to 'run(mode:before:)' is unused [#no-usage]
 425 |                 }
 426 | 
 427 |                 RunLoop.current.run(
     |                                 `- warning: result of call to 'run(mode:before:)' is unused [#no-usage]
 428 |                     mode: .default,
 429 |                     before:
[134/169] Compiling RightClickCore BonjourOpenAPISource.swift
/work/Sources/RightClickCore/CapabilityEngine.swift:427:33: warning: result of call to 'run(mode:before:)' is unused [#no-usage]
 425 |                 }
 426 | 
 427 |                 RunLoop.current.run(
     |                                 `- warning: result of call to 'run(mode:before:)' is unused [#no-usage]
 428 |                     mode: .default,
 429 |                     before:
[135/169] Compiling RightClickCore BoundedCapabilityProcess.swift
/work/Sources/RightClickCore/CapabilityEngine.swift:427:33: warning: result of call to 'run(mode:before:)' is unused [#no-usage]
 425 |                 }
 426 | 
 427 |                 RunLoop.current.run(
     |                                 `- warning: result of call to 'run(mode:before:)' is unused [#no-usage]
 428 |                     mode: .default,
 429 |                     before:
[136/169] Compiling RightClickCore BundleScan.swift
/work/Sources/RightClickCore/CapabilityEngine.swift:427:33: warning: result of call to 'run(mode:before:)' is unused [#no-usage]
 425 |                 }
 426 | 
 427 |                 RunLoop.current.run(
     |                                 `- warning: result of call to 'run(mode:before:)' is unused [#no-usage]
 428 |                     mode: .default,
 429 |                     before:
[137/169] Compiling RightClickCore Capability.swift
/work/Sources/RightClickCore/CapabilityEngine.swift:427:33: warning: result of call to 'run(mode:before:)' is unused [#no-usage]
 425 |                 }
 426 | 
 427 |                 RunLoop.current.run(
     |                                 `- warning: result of call to 'run(mode:before:)' is unused [#no-usage]
 428 |                     mode: .default,
 429 |                     before:
[138/169] Compiling RightClickCore CapabilityABI.swift
/work/Sources/RightClickCore/CapabilityEngine.swift:427:33: warning: result of call to 'run(mode:before:)' is unused [#no-usage]
 425 |                 }
 426 | 
 427 |                 RunLoop.current.run(
     |                                 `- warning: result of call to 'run(mode:before:)' is unused [#no-usage]
 428 |                     mode: .default,
 429 |                     before:
[139/169] Compiling RightClickCore CapabilityABIAdapter.swift
/work/Sources/RightClickCore/CapabilityEngine.swift:427:33: warning: result of call to 'run(mode:before:)' is unused [#no-usage]
 425 |                 }
 426 | 
 427 |                 RunLoop.current.run(
     |                                 `- warning: result of call to 'run(mode:before:)' is unused [#no-usage]
 428 |                     mode: .default,
 429 |                     before:
[140/169] Compiling RightClickCore CapabilityArtifactResolver.swift
/work/Sources/RightClickCore/CapabilityEngine.swift:427:33: warning: result of call to 'run(mode:before:)' is unused [#no-usage]
 425 |                 }
 426 | 
 427 |                 RunLoop.current.run(
     |                                 `- warning: result of call to 'run(mode:before:)' is unused [#no-usage]
 428 |                     mode: .default,
 429 |                     before:
[141/169] Compiling RightClickCore CapabilityArtifactSnapshot.swift
/work/Sources/RightClickCore/CapabilityEngine.swift:427:33: warning: result of call to 'run(mode:before:)' is unused [#no-usage]
 425 |                 }
 426 | 
 427 |                 RunLoop.current.run(
     |                                 `- warning: result of call to 'run(mode:before:)' is unused [#no-usage]
 428 |                     mode: .default,
 429 |                     before:
[142/169] Compiling RightClickCore CapabilityEngine.swift
/work/Sources/RightClickCore/CapabilityEngine.swift:427:33: warning: result of call to 'run(mode:before:)' is unused [#no-usage]
 425 |                 }
 426 | 
 427 |                 RunLoop.current.run(
     |                                 `- warning: result of call to 'run(mode:before:)' is unused [#no-usage]
 428 |                     mode: .default,
 429 |                     before:
[143/169] Compiling RightClickCore CapabilityExperience.swift
/work/Sources/RightClickCore/CapabilityEngine.swift:427:33: warning: result of call to 'run(mode:before:)' is unused [#no-usage]
 425 |                 }
 426 | 
 427 |                 RunLoop.current.run(
     |                                 `- warning: result of call to 'run(mode:before:)' is unused [#no-usage]
 428 |                     mode: .default,
 429 |                     before:
[144/169] Compiling RightClickCore CapabilityExperienceLedger.swift
/work/Sources/RightClickCore/CapabilityEngine.swift:427:33: warning: result of call to 'run(mode:before:)' is unused [#no-usage]
 425 |                 }
 426 | 
 427 |                 RunLoop.current.run(
     |                                 `- warning: result of call to 'run(mode:before:)' is unused [#no-usage]
 428 |                     mode: .default,
 429 |                     before:
[145/169] Compiling RightClickCore CapabilityInterface.swift
/work/Sources/RightClickCore/CapabilityEngine.swift:427:33: warning: result of call to 'run(mode:before:)' is unused [#no-usage]
 425 |                 }
 426 | 
 427 |                 RunLoop.current.run(
     |                                 `- warning: result of call to 'run(mode:before:)' is unused [#no-usage]
 428 |                     mode: .default,
 429 |                     before:
[146/169] Compiling RightClickCore CapabilityProtectedReference.swift
/work/Sources/RightClickCore/CapabilityEngine.swift:427:33: warning: result of call to 'run(mode:before:)' is unused [#no-usage]
 425 |                 }
 426 | 
 427 |                 RunLoop.current.run(
     |                                 `- warning: result of call to 'run(mode:before:)' is unused [#no-usage]
 428 |                     mode: .default,
 429 |                     before:
[147/169] Compiling RightClickCore CapabilityReflector.swift
/work/Sources/RightClickCore/OriginPinnedHTTP.swift:45:19: warning: non-final class 'RedirectRejectingDelegate' cannot conform to 'Sendable'; use '@unchecked Sendable'; this is an error in the Swift 6 language mode
 43 |     }
 44 | 
 45 |     private class RedirectRejectingDelegate:
    |                   `- warning: non-final class 'RedirectRejectingDelegate' cannot conform to 'Sendable'; use '@unchecked Sendable'; this is an error in the Swift 6 language mode
 46 |         NSObject,
 47 |         URLSessionTaskDelegate

/work/Sources/RightClickCore/OriginPinnedHTTP.swift:83:21: warning: stored property 'storedData' of 'Sendable'-conforming class 'BoundedLoadDelegate' is mutable; this is an error in the Swift 6 language mode
 81 |             Int
 82 | 
 83 |         private var storedData =
    |                     `- warning: stored property 'storedData' of 'Sendable'-conforming class 'BoundedLoadDelegate' is mutable; this is an error in the Swift 6 language mode
 84 |             Data()
 85 | 
[148/169] Compiling RightClickCore CapabilityReflectorSource.swift
/work/Sources/RightClickCore/OriginPinnedHTTP.swift:45:19: warning: non-final class 'RedirectRejectingDelegate' cannot conform to 'Sendable'; use '@unchecked Sendable'; this is an error in the Swift 6 language mode
 43 |     }
 44 | 
 45 |     private class RedirectRejectingDelegate:
    |                   `- warning: non-final class 'RedirectRejectingDelegate' cannot conform to 'Sendable'; use '@unchecked Sendable'; this is an error in the Swift 6 language mode
 46 |         NSObject,
 47 |         URLSessionTaskDelegate

/work/Sources/RightClickCore/OriginPinnedHTTP.swift:83:21: warning: stored property 'storedData' of 'Sendable'-conforming class 'BoundedLoadDelegate' is mutable; this is an error in the Swift 6 language mode
 81 |             Int
 82 | 
 83 |         private var storedData =
    |                     `- warning: stored property 'storedData' of 'Sendable'-conforming class 'BoundedLoadDelegate' is mutable; this is an error in the Swift 6 language mode
 84 |             Data()
 85 | 
[149/169] Compiling RightClickCore CapabilityRuntimeDefaults.swift
/work/Sources/RightClickCore/OriginPinnedHTTP.swift:45:19: warning: non-final class 'RedirectRejectingDelegate' cannot conform to 'Sendable'; use '@unchecked Sendable'; this is an error in the Swift 6 language mode
 43 |     }
 44 | 
 45 |     private class RedirectRejectingDelegate:
    |                   `- warning: non-final class 'RedirectRejectingDelegate' cannot conform to 'Sendable'; use '@unchecked Sendable'; this is an error in the Swift 6 language mode
 46 |         NSObject,
 47 |         URLSessionTaskDelegate

/work/Sources/RightClickCore/OriginPinnedHTTP.swift:83:21: warning: stored property 'storedData' of 'Sendable'-conforming class 'BoundedLoadDelegate' is mutable; this is an error in the Swift 6 language mode
 81 |             Int
 82 | 
 83 |         private var storedData =
    |                     `- warning: stored property 'storedData' of 'Sendable'-conforming class 'BoundedLoadDelegate' is mutable; this is an error in the Swift 6 language mode
 84 |             Data()
 85 | 
[150/169] Compiling RightClickCore CapabilitySnapshotFreshness.swift
/work/Sources/RightClickCore/OriginPinnedHTTP.swift:45:19: warning: non-final class 'RedirectRejectingDelegate' cannot conform to 'Sendable'; use '@unchecked Sendable'; this is an error in the Swift 6 language mode
 43 |     }
 44 | 
 45 |     private class RedirectRejectingDelegate:
    |                   `- warning: non-final class 'RedirectRejectingDelegate' cannot conform to 'Sendable'; use '@unchecked Sendable'; this is an error in the Swift 6 language mode
 46 |         NSObject,
 47 |         URLSessionTaskDelegate

/work/Sources/RightClickCore/OriginPinnedHTTP.swift:83:21: warning: stored property 'storedData' of 'Sendable'-conforming class 'BoundedLoadDelegate' is mutable; this is an error in the Swift 6 language mode
 81 |             Int
 82 | 
 83 |         private var storedData =
    |                     `- warning: stored property 'storedData' of 'Sendable'-conforming class 'BoundedLoadDelegate' is mutable; this is an error in the Swift 6 language mode
 84 |             Data()
 85 | 
[151/169] Compiling RightClickCore ConfiguredOpenAPISource.swift
/work/Sources/RightClickCore/OriginPinnedHTTP.swift:45:19: warning: non-final class 'RedirectRejectingDelegate' cannot conform to 'Sendable'; use '@unchecked Sendable'; this is an error in the Swift 6 language mode
 43 |     }
 44 | 
 45 |     private class RedirectRejectingDelegate:
    |                   `- warning: non-final class 'RedirectRejectingDelegate' cannot conform to 'Sendable'; use '@unchecked Sendable'; this is an error in the Swift 6 language mode
 46 |         NSObject,
 47 |         URLSessionTaskDelegate

/work/Sources/RightClickCore/OriginPinnedHTTP.swift:83:21: warning: stored property 'storedData' of 'Sendable'-conforming class 'BoundedLoadDelegate' is mutable; this is an error in the Swift 6 language mode
 81 |             Int
 82 | 
 83 |         private var storedData =
    |                     `- warning: stored property 'storedData' of 'Sendable'-conforming class 'BoundedLoadDelegate' is mutable; this is an error in the Swift 6 language mode
 84 |             Data()
 85 | 
[152/169] Compiling RightClickCore ContentItem.swift
/work/Sources/RightClickCore/OriginPinnedHTTP.swift:45:19: warning: non-final class 'RedirectRejectingDelegate' cannot conform to 'Sendable'; use '@unchecked Sendable'; this is an error in the Swift 6 language mode
 43 |     }
 44 | 
 45 |     private class RedirectRejectingDelegate:
    |                   `- warning: non-final class 'RedirectRejectingDelegate' cannot conform to 'Sendable'; use '@unchecked Sendable'; this is an error in the Swift 6 language mode
 46 |         NSObject,
 47 |         URLSessionTaskDelegate

/work/Sources/RightClickCore/OriginPinnedHTTP.swift:83:21: warning: stored property 'storedData' of 'Sendable'-conforming class 'BoundedLoadDelegate' is mutable; this is an error in the Swift 6 language mode
 81 |             Int
 82 | 
 83 |         private var storedData =
    |                     `- warning: stored property 'storedData' of 'Sendable'-conforming class 'BoundedLoadDelegate' is mutable; this is an error in the Swift 6 language mode
 84 |             Data()
 85 | 
[153/169] Compiling RightClickCore GRPCReflectionTransport.swift
/work/Sources/RightClickCore/OriginPinnedHTTP.swift:45:19: warning: non-final class 'RedirectRejectingDelegate' cannot conform to 'Sendable'; use '@unchecked Sendable'; this is an error in the Swift 6 language mode
 43 |     }
 44 | 
 45 |     private class RedirectRejectingDelegate:
    |                   `- warning: non-final class 'RedirectRejectingDelegate' cannot conform to 'Sendable'; use '@unchecked Sendable'; this is an error in the Swift 6 language mode
 46 |         NSObject,
 47 |         URLSessionTaskDelegate

/work/Sources/RightClickCore/OriginPinnedHTTP.swift:83:21: warning: stored property 'storedData' of 'Sendable'-conforming class 'BoundedLoadDelegate' is mutable; this is an error in the Swift 6 language mode
 81 |             Int
 82 | 
 83 |         private var storedData =
    |                     `- warning: stored property 'storedData' of 'Sendable'-conforming class 'BoundedLoadDelegate' is mutable; this is an error in the Swift 6 language mode
 84 |             Data()
 85 | 
[154/169] Compiling RightClickCore GRPCReflector.swift
/work/Sources/RightClickCore/OriginPinnedHTTP.swift:45:19: warning: non-final class 'RedirectRejectingDelegate' cannot conform to 'Sendable'; use '@unchecked Sendable'; this is an error in the Swift 6 language mode
 43 |     }
 44 | 
 45 |     private class RedirectRejectingDelegate:
    |                   `- warning: non-final class 'RedirectRejectingDelegate' cannot conform to 'Sendable'; use '@unchecked Sendable'; this is an error in the Swift 6 language mode
 46 |         NSObject,
 47 |         URLSessionTaskDelegate

/work/Sources/RightClickCore/OriginPinnedHTTP.swift:83:21: warning: stored property 'storedData' of 'Sendable'-conforming class 'BoundedLoadDelegate' is mutable; this is an error in the Swift 6 language mode
 81 |             Int
 82 | 
 83 |         private var storedData =
    |                     `- warning: stored property 'storedData' of 'Sendable'-conforming class 'BoundedLoadDelegate' is mutable; this is an error in the Swift 6 language mode
 84 |             Data()
 85 | 
[155/169] Compiling RightClickCore GRPCWireCodec.swift
/work/Sources/RightClickCore/OriginPinnedHTTP.swift:45:19: warning: non-final class 'RedirectRejectingDelegate' cannot conform to 'Sendable'; use '@unchecked Sendable'; this is an error in the Swift 6 language mode
 43 |     }
 44 | 
 45 |     private class RedirectRejectingDelegate:
    |                   `- warning: non-final class 'RedirectRejectingDelegate' cannot conform to 'Sendable'; use '@unchecked Sendable'; this is an error in the Swift 6 language mode
 46 |         NSObject,
 47 |         URLSessionTaskDelegate

/work/Sources/RightClickCore/OriginPinnedHTTP.swift:83:21: warning: stored property 'storedData' of 'Sendable'-conforming class 'BoundedLoadDelegate' is mutable; this is an error in the Swift 6 language mode
 81 |             Int
 82 | 
 83 |         private var storedData =
    |                     `- warning: stored property 'storedData' of 'Sendable'-conforming class 'BoundedLoadDelegate' is mutable; this is an error in the Swift 6 language mode
 84 |             Data()
 85 | 
[156/169] Compiling RightClickCore GraphQLHTTP.swift
/work/Sources/RightClickCore/OriginPinnedHTTP.swift:45:19: warning: non-final class 'RedirectRejectingDelegate' cannot conform to 'Sendable'; use '@unchecked Sendable'; this is an error in the Swift 6 language mode
 43 |     }
 44 | 
 45 |     private class RedirectRejectingDelegate:
    |                   `- warning: non-final class 'RedirectRejectingDelegate' cannot conform to 'Sendable'; use '@unchecked Sendable'; this is an error in the Swift 6 language mode
 46 |         NSObject,
 47 |         URLSessionTaskDelegate

/work/Sources/RightClickCore/OriginPinnedHTTP.swift:83:21: warning: stored property 'storedData' of 'Sendable'-conforming class 'BoundedLoadDelegate' is mutable; this is an error in the Swift 6 language mode
 81 |             Int
 82 | 
 83 |         private var storedData =
    |                     `- warning: stored property 'storedData' of 'Sendable'-conforming class 'BoundedLoadDelegate' is mutable; this is an error in the Swift 6 language mode
 84 |             Data()
 85 | 
[157/169] Compiling RightClickCore GraphQLReflector.swift
/work/Sources/RightClickCore/OriginPinnedHTTP.swift:45:19: warning: non-final class 'RedirectRejectingDelegate' cannot conform to 'Sendable'; use '@unchecked Sendable'; this is an error in the Swift 6 language mode
 43 |     }
 44 | 
 45 |     private class RedirectRejectingDelegate:
    |                   `- warning: non-final class 'RedirectRejectingDelegate' cannot conform to 'Sendable'; use '@unchecked Sendable'; this is an error in the Swift 6 language mode
 46 |         NSObject,
 47 |         URLSessionTaskDelegate

/work/Sources/RightClickCore/OriginPinnedHTTP.swift:83:21: warning: stored property 'storedData' of 'Sendable'-conforming class 'BoundedLoadDelegate' is mutable; this is an error in the Swift 6 language mode
 81 |             Int
 82 | 
 83 |         private var storedData =
    |                     `- warning: stored property 'storedData' of 'Sendable'-conforming class 'BoundedLoadDelegate' is mutable; this is an error in the Swift 6 language mode
 84 |             Data()
 85 | 
[158/169] Compiling RightClickCore KafkaCapabilityArtifactResolver.swift
/work/Sources/RightClickCore/OriginPinnedHTTP.swift:45:19: warning: non-final class 'RedirectRejectingDelegate' cannot conform to 'Sendable'; use '@unchecked Sendable'; this is an error in the Swift 6 language mode
 43 |     }
 44 | 
 45 |     private class RedirectRejectingDelegate:
    |                   `- warning: non-final class 'RedirectRejectingDelegate' cannot conform to 'Sendable'; use '@unchecked Sendable'; this is an error in the Swift 6 language mode
 46 |         NSObject,
 47 |         URLSessionTaskDelegate

/work/Sources/RightClickCore/OriginPinnedHTTP.swift:83:21: warning: stored property 'storedData' of 'Sendable'-conforming class 'BoundedLoadDelegate' is mutable; this is an error in the Swift 6 language mode
 81 |             Int
 82 | 
 83 |         private var storedData =
    |                     `- warning: stored property 'storedData' of 'Sendable'-conforming class 'BoundedLoadDelegate' is mutable; this is an error in the Swift 6 language mode
 84 |             Data()
 85 | 
[159/169] Compiling RightClickCore KubernetesCapabilityArtifactResolver.swift
/work/Sources/RightClickCore/OriginPinnedHTTP.swift:45:19: warning: non-final class 'RedirectRejectingDelegate' cannot conform to 'Sendable'; use '@unchecked Sendable'; this is an error in the Swift 6 language mode
 43 |     }
 44 | 
 45 |     private class RedirectRejectingDelegate:
    |                   `- warning: non-final class 'RedirectRejectingDelegate' cannot conform to 'Sendable'; use '@unchecked Sendable'; this is an error in the Swift 6 language mode
 46 |         NSObject,
 47 |         URLSessionTaskDelegate

/work/Sources/RightClickCore/OriginPinnedHTTP.swift:83:21: warning: stored property 'storedData' of 'Sendable'-conforming class 'BoundedLoadDelegate' is mutable; this is an error in the Swift 6 language mode
 81 |             Int
 82 | 
 83 |         private var storedData =
    |                     `- warning: stored property 'storedData' of 'Sendable'-conforming class 'BoundedLoadDelegate' is mutable; this is an error in the Swift 6 language mode
 84 |             Data()
 85 | 
[160/169] Compiling RightClickCore MCPCapabilityArtifactResolver.swift
/work/Sources/RightClickCore/OriginPinnedHTTP.swift:45:19: warning: non-final class 'RedirectRejectingDelegate' cannot conform to 'Sendable'; use '@unchecked Sendable'; this is an error in the Swift 6 language mode
 43 |     }
 44 | 
 45 |     private class RedirectRejectingDelegate:
    |                   `- warning: non-final class 'RedirectRejectingDelegate' cannot conform to 'Sendable'; use '@unchecked Sendable'; this is an error in the Swift 6 language mode
 46 |         NSObject,
 47 |         URLSessionTaskDelegate

/work/Sources/RightClickCore/OriginPinnedHTTP.swift:83:21: warning: stored property 'storedData' of 'Sendable'-conforming class 'BoundedLoadDelegate' is mutable; this is an error in the Swift 6 language mode
 81 |             Int
 82 | 
 83 |         private var storedData =
    |                     `- warning: stored property 'storedData' of 'Sendable'-conforming class 'BoundedLoadDelegate' is mutable; this is an error in the Swift 6 language mode
 84 |             Data()
 85 | 
[161/169] Compiling RightClickCore OAuthOIDCAuthority.swift
/work/Sources/RightClickCore/OriginPinnedHTTP.swift:45:19: warning: non-final class 'RedirectRejectingDelegate' cannot conform to 'Sendable'; use '@unchecked Sendable'; this is an error in the Swift 6 language mode
 43 |     }
 44 | 
 45 |     private class RedirectRejectingDelegate:
    |                   `- warning: non-final class 'RedirectRejectingDelegate' cannot conform to 'Sendable'; use '@unchecked Sendable'; this is an error in the Swift 6 language mode
 46 |         NSObject,
 47 |         URLSessionTaskDelegate

/work/Sources/RightClickCore/OriginPinnedHTTP.swift:83:21: warning: stored property 'storedData' of 'Sendable'-conforming class 'BoundedLoadDelegate' is mutable; this is an error in the Swift 6 language mode
 81 |             Int
 82 | 
 83 |         private var storedData =
    |                     `- warning: stored property 'storedData' of 'Sendable'-conforming class 'BoundedLoadDelegate' is mutable; this is an error in the Swift 6 language mode
 84 |             Data()
 85 | 
[162/169] Compiling RightClickCore OpenAPIAuthority.swift
/work/Sources/RightClickCore/OriginPinnedHTTP.swift:45:19: warning: non-final class 'RedirectRejectingDelegate' cannot conform to 'Sendable'; use '@unchecked Sendable'; this is an error in the Swift 6 language mode
 43 |     }
 44 | 
 45 |     private class RedirectRejectingDelegate:
    |                   `- warning: non-final class 'RedirectRejectingDelegate' cannot conform to 'Sendable'; use '@unchecked Sendable'; this is an error in the Swift 6 language mode
 46 |         NSObject,
 47 |         URLSessionTaskDelegate

/work/Sources/RightClickCore/OriginPinnedHTTP.swift:83:21: warning: stored property 'storedData' of 'Sendable'-conforming class 'BoundedLoadDelegate' is mutable; this is an error in the Swift 6 language mode
 81 |             Int
 82 | 
 83 |         private var storedData =
    |                     `- warning: stored property 'storedData' of 'Sendable'-conforming class 'BoundedLoadDelegate' is mutable; this is an error in the Swift 6 language mode
 84 |             Data()
 85 | 
[163/169] Compiling RightClickCore OpenAPIReflector.swift
/work/Sources/RightClickCore/OriginPinnedHTTP.swift:45:19: warning: non-final class 'RedirectRejectingDelegate' cannot conform to 'Sendable'; use '@unchecked Sendable'; this is an error in the Swift 6 language mode
 43 |     }
 44 | 
 45 |     private class RedirectRejectingDelegate:
    |                   `- warning: non-final class 'RedirectRejectingDelegate' cannot conform to 'Sendable'; use '@unchecked Sendable'; this is an error in the Swift 6 language mode
 46 |         NSObject,
 47 |         URLSessionTaskDelegate

/work/Sources/RightClickCore/OriginPinnedHTTP.swift:83:21: warning: stored property 'storedData' of 'Sendable'-conforming class 'BoundedLoadDelegate' is mutable; this is an error in the Swift 6 language mode
 81 |             Int
 82 | 
 83 |         private var storedData =
    |                     `- warning: stored property 'storedData' of 'Sendable'-conforming class 'BoundedLoadDelegate' is mutable; this is an error in the Swift 6 language mode
 84 |             Data()
 85 | 
[164/169] Compiling RightClickCore OriginPinnedHTTP.swift
/work/Sources/RightClickCore/OriginPinnedHTTP.swift:45:19: warning: non-final class 'RedirectRejectingDelegate' cannot conform to 'Sendable'; use '@unchecked Sendable'; this is an error in the Swift 6 language mode
 43 |     }
 44 | 
 45 |     private class RedirectRejectingDelegate:
    |                   `- warning: non-final class 'RedirectRejectingDelegate' cannot conform to 'Sendable'; use '@unchecked Sendable'; this is an error in the Swift 6 language mode
 46 |         NSObject,
 47 |         URLSessionTaskDelegate

/work/Sources/RightClickCore/OriginPinnedHTTP.swift:83:21: warning: stored property 'storedData' of 'Sendable'-conforming class 'BoundedLoadDelegate' is mutable; this is an error in the Swift 6 language mode
 81 |             Int
 82 | 
 83 |         private var storedData =
    |                     `- warning: stored property 'storedData' of 'Sendable'-conforming class 'BoundedLoadDelegate' is mutable; this is an error in the Swift 6 language mode
 84 |             Data()
 85 | 
[165/172] Wrapping AST for RightClickCore for debugging
[167/175] Compiling RightClickMCP ModernMCPStdioTransport.swift
[168/175] Compiling RightClickMCP PortableStdioTransport.swift
[169/176] Compiling RightClickMCP Server.swift
/work/Sources/RightClickMCP/Server.swift:316:37: warning: 'text(_:metadata:)' is deprecated: Use .text(text:annotations:_meta:) instead. [#DeprecatedDeclaration]
314 |                 transport: transport
315 |             )
316 |             return .init(content: [.text(text)], isError: false)
    |                                     `- warning: 'text(_:metadata:)' is deprecated: Use .text(text:annotations:_meta:) instead. [#DeprecatedDeclaration]
317 |         } catch {
318 |             return .init(content: [.text(String(describing: error))], isError: true)

/work/Sources/RightClickMCP/Server.swift:318:37: warning: 'text(_:metadata:)' is deprecated: Use .text(text:annotations:_meta:) instead. [#DeprecatedDeclaration]
316 |             return .init(content: [.text(text)], isError: false)
317 |         } catch {
318 |             return .init(content: [.text(String(describing: error))], isError: true)
    |                                     `- warning: 'text(_:metadata:)' is deprecated: Use .text(text:annotations:_meta:) instead. [#DeprecatedDeclaration]
319 |         }
320 |     }

[#DeprecatedDeclaration]: <https://docs.swift.org/compiler/documentation/diagnostics/deprecated-declaration>
[170/176] Compiling RightClickMCP Federation.swift
/work/Sources/RightClickMCP/Federation.swift:965:29: warning: reference to captured var 'request' in concurrently-executing code; this is an error in the Swift 6 language mode [#SendableClosureCaptures]
 963 |                     .data(
 964 |                         for:
 965 |                             request
     |                             `- warning: reference to captured var 'request' in concurrently-executing code; this is an error in the Swift 6 language mode [#SendableClosureCaptures]
 966 |                     )
 967 | 

[#SendableClosureCaptures]: <https://docs.swift.org/compiler/documentation/diagnostics/sendable-closure-captures>
[171/176] Compiling RightClickMCP HTTPListener.swift
/work/Sources/RightClickMCP/Federation.swift:965:29: warning: reference to captured var 'request' in concurrently-executing code; this is an error in the Swift 6 language mode [#SendableClosureCaptures]
 963 |                     .data(
 964 |                         for:
 965 |                             request
     |                             `- warning: reference to captured var 'request' in concurrently-executing code; this is an error in the Swift 6 language mode [#SendableClosureCaptures]
 966 |                     )
 967 | 

[#SendableClosureCaptures]: <https://docs.swift.org/compiler/documentation/diagnostics/sendable-closure-captures>
[172/176] Emitting module RightClickMCP
[173/177] Wrapping AST for RightClickMCP for debugging
[175/180] Compiling RightClickCLI ProviderConfigurationCLI.swift
[176/181] Emitting module RightClickCLI
[177/181] Compiling RightClickCLI AuthorityConfigurationCLI.swift
[178/181] Compiling RightClickCLI main.swift
[179/182] Wrapping AST for RightClickCLI for debugging
[180/182] Write Objects.LinkFileList
[181/182] Linking rightclick
Build of product 'rightclick' complete! (16.12s)
