[0/1] Planning build
Test Suite 'Selected tests' started at 2026-10-07 20:28:58.005.
Test Suite 'rightclick-mcpPackageTests.xctest' started at 2026-10-07 20:28:58.014.
Test Suite 'RCIRHTTPJSONObservationTests' started at 2026-10-07 20:28:58.015.
Test Case '-[RightClickCoreTests.RCIRHTTPJSONObservationTests testAmbientCookiesCannotEnterObservationOrPersistResponseCookie]' started.
Test Case '-[RightClickCoreTests.RCIRHTTPJSONObservationTests testAmbientCookiesCannotEnterObservationOrPersistResponseCookie]' passed (1.065 seconds).
Test Case '-[RightClickCoreTests.RCIRHTTPJSONObservationTests testAmbiguousProjectionOrMissingCallerDigestFailsBeforeMutation]' started.
Test Case '-[RightClickCoreTests.RCIRHTTPJSONObservationTests testAmbiguousProjectionOrMissingCallerDigestFailsBeforeMutation]' passed (0.612 seconds).
Test Case '-[RightClickCoreTests.RCIRHTTPJSONObservationTests testDefaultCredentialStorageCannotSupplyObserverAuthority]' started.
Test Case '-[RightClickCoreTests.RCIRHTTPJSONObservationTests testDefaultCredentialStorageCannotSupplyObserverAuthority]' passed (0.773 seconds).
Test Case '-[RightClickCoreTests.RCIRHTTPJSONObservationTests testMismatchMissingAndUndeclaredObservationFieldsNeverSucceed]' started.
Test Case '-[RightClickCoreTests.RCIRHTTPJSONObservationTests testMismatchMissingAndUndeclaredObservationFieldsNeverSucceed]' passed (0.764 seconds).
Test Case '-[RightClickCoreTests.RCIRHTTPJSONObservationTests testPinnedOriginAndRevokedReferenceAbstainWithoutObserverRead]' started.
Test Case '-[RightClickCoreTests.RCIRHTTPJSONObservationTests testPinnedOriginAndRevokedReferenceAbstainWithoutObserverRead]' passed (0.598 seconds).
Test Case '-[RightClickCoreTests.RCIRHTTPJSONObservationTests testPrintableJSONSegmentEncodesOnceWithoutTraversalOrAuthorityChange]' started.
Test Case '-[RightClickCoreTests.RCIRHTTPJSONObservationTests testPrintableJSONSegmentEncodesOnceWithoutTraversalOrAuthorityChange]' passed (0.557 seconds).
Test Case '-[RightClickCoreTests.RCIRHTTPJSONObservationTests testRealJSONObservationRetainsFullMetadataAndMatchesIndependentDigest]' started.
Test Case '-[RightClickCoreTests.RCIRHTTPJSONObservationTests testRealJSONObservationRetainsFullMetadataAndMatchesIndependentDigest]' passed (0.555 seconds).
Test Case '-[RightClickCoreTests.RCIRHTTPJSONObservationTests testRedirectNeverSendsObserverCredentialToAnotherOrigin]' started.
Test Case '-[RightClickCoreTests.RCIRHTTPJSONObservationTests testRedirectNeverSendsObserverCredentialToAnotherOrigin]' passed (0.539 seconds).
Test Case '-[RightClickCoreTests.RCIRHTTPJSONObservationTests testWriterCredentialCannotActAsReadonlyObserver]' started.
Test Case '-[RightClickCoreTests.RCIRHTTPJSONObservationTests testWriterCredentialCannotActAsReadonlyObserver]' passed (0.446 seconds).
Test Suite 'RCIRHTTPJSONObservationTests' passed at 2026-10-07 20:29:03.927.
	 Executed 9 tests, with 0 failures (0 unexpected) in 5.911 (5.913) seconds
Test Suite 'rightclick-mcpPackageTests.xctest' passed at 2026-10-07 20:29:03.927.
	 Executed 9 tests, with 0 failures (0 unexpected) in 5.911 (5.913) seconds
Test Suite 'Selected tests' passed at 2026-10-07 20:29:03.927.
	 Executed 9 tests, with 0 failures (0 unexpected) in 5.911 (5.922) seconds
◇ Test run started.
↳ Testing Library Version: 1902
↳ Target Platform: arm64e-apple-macos14.0
✔ Test run with 0 tests in 0 suites passed after 0.001 seconds.
