[1/1] Compiling plugin SwiftProtobufPlugin
[2/2] Compiling plugin GRPCSwiftPlugin
Building for debugging...
[2/14] Write sources
[4/14] Write swift-version--58304C5D6DBC2206.txt
[6/10] Compiling RightClickCore RCIRExecutionHost.swift
[7/10] Emitting module RightClickCore
[7/12] Write Objects.LinkFileList
[9/14] Emitting module RightClickCoreTests
[10/14] Compiling RightClickCoreTests CapabilityInterfaceTests.swift
[10/14] Linking rightclick
[11/14] Applying rightclick
[12/14] Write Objects.LinkFileList
[13/14] Linking rightclick-mcpPackageTests
Build complete! (4.12s)
Test Suite 'Selected tests' started at 2026-10-07 14:46:06.153.
Test Suite 'rightclick-mcpPackageTests.xctest' started at 2026-10-07 14:46:06.154.
Test Suite 'CapabilityInterfaceTests' started at 2026-10-07 14:46:06.154.
Test Case '-[RightClickCoreTests.CapabilityInterfaceTests testPreflightReturnCannotClaimConsumedLeaseOrSemanticSuccess]' started.
Test Case '-[RightClickCoreTests.CapabilityInterfaceTests testPreflightReturnCannotClaimConsumedLeaseOrSemanticSuccess]' passed (0.004 seconds).
Test Suite 'CapabilityInterfaceTests' passed at 2026-10-07 14:46:06.158.
	 Executed 1 test, with 0 failures (0 unexpected) in 0.004 (0.004) seconds
Test Suite 'rightclick-mcpPackageTests.xctest' passed at 2026-10-07 14:46:06.158.
	 Executed 1 test, with 0 failures (0 unexpected) in 0.004 (0.004) seconds
Test Suite 'Selected tests' passed at 2026-10-07 14:46:06.159.
	 Executed 1 test, with 0 failures (0 unexpected) in 0.004 (0.005) seconds
◇ Test run started.
↳ Testing Library Version: 1902
↳ Target Platform: arm64e-apple-macos14.0
✔ Test run with 0 tests in 0 suites passed after 0.001 seconds.
