{
  "signature": "VALID",
  "algorithm": "Ed25519",
  "trustedKeyMatched": true,
  "payloadBytes": 4450,
  "signedClaims": {
    "taskID": "4EB10342-42A5-4207-AA78-B274B8512934",
    "leaseID": "9A992FD7-DEE6-4713-8042-87F877A75782",
    "providerGeneration": 1,
    "phase": "completed",
    "semanticOutcome": "unverified",
    "scopeCount": 1,
    "effects": [
      "execute"
    ],
    "startedAt": 1791406212561,
    "deadline": 1791406242561,
    "finishedAt": 1791406212576,
    "lastObservationTime": 1791406212576
  },
  "semanticClaim": "SIGNED_RUNTIME_ASSERTION",
  "externalTruth": "NOT_ESTABLISHED_BY_SIGNATURE_ALONE"
}
{
  "signature": "VALID",
  "algorithm": "Ed25519",
  "trustedKeyMatched": true,
  "payloadBytes": 5557,
  "signedClaims": {
    "taskID": "8C88E458-ABB5-43C1-8CE4-DFB8767040F2",
    "leaseID": "5FAF4DC6-C004-413D-A2BE-87FE6B3BD38A",
    "providerGeneration": 2,
    "phase": "completed",
    "semanticOutcome": "unverified",
    "scopeCount": 1,
    "effects": [
      "execute"
    ],
    "startedAt": 1791406237102,
    "deadline": 1791406267102,
    "finishedAt": 1791406237116,
    "lastObservationTime": 1791406237116
  },
  "semanticClaim": "SIGNED_RUNTIME_ASSERTION",
  "externalTruth": "NOT_ESTABLISHED_BY_SIGNATURE_ALONE"
}
{
  "signature": "VALID",
  "algorithm": "Ed25519",
  "trustedKeyMatched": true,
  "payloadBytes": 5262,
  "signedClaims": {
    "taskID": "03B581F7-FC25-424A-9B4B-125F5CAD10B5",
    "leaseID": "96C880E6-6305-4BF5-8401-027D69EFDD84",
    "providerGeneration": 3,
    "phase": "completed",
    "semanticOutcome": "unverified",
    "scopeCount": 1,
    "effects": [
      "read"
    ],
    "startedAt": 1791406249942,
    "deadline": 1791406279942,
    "finishedAt": 1791406249951,
    "lastObservationTime": 1791406249951
  },
  "semanticClaim": "SIGNED_RUNTIME_ASSERTION",
  "externalTruth": "NOT_ESTABLISHED_BY_SIGNATURE_ALONE"
}
{
  "signature": "VALID",
  "algorithm": "Ed25519",
  "trustedKeyMatched": true,
  "payloadBytes": 5813,
  "signedClaims": {
    "taskID": "696BFDB2-E421-4C4D-A943-1FED4B364567",
    "leaseID": "4650208B-1521-4FD5-9137-8D3A8D96605A",
    "providerGeneration": 4,
    "phase": "completed",
    "semanticOutcome": "unverified",
    "scopeCount": 1,
    "effects": [
      "execute"
    ],
    "startedAt": 1791406265757,
    "deadline": 1791406295757,
    "finishedAt": 1791406265768,
    "lastObservationTime": 1791406265768
  },
  "semanticClaim": "SIGNED_RUNTIME_ASSERTION",
  "externalTruth": "NOT_ESTABLISHED_BY_SIGNATURE_ALONE"
}
{
  "signature": "VALID",
  "algorithm": "Ed25519",
  "trustedKeyMatched": true,
  "payloadBytes": 5570,
  "signedClaims": {
    "taskID": "E29CF791-3BAE-4972-A8F3-227436FE86C7",
    "leaseID": "B72B1E29-07BF-44F6-90D2-3481532D3724",
    "providerGeneration": 5,
    "phase": "completed",
    "semanticOutcome": "unverified",
    "scopeCount": 1,
    "effects": [
      "execute"
    ],
    "startedAt": 1791406272225,
    "deadline": 1791406302225,
    "finishedAt": 1791406272237,
    "lastObservationTime": 1791406272237
  },
  "semanticClaim": "SIGNED_RUNTIME_ASSERTION",
  "externalTruth": "NOT_ESTABLISHED_BY_SIGNATURE_ALONE"
}
{
  "signature": "VALID",
  "algorithm": "Ed25519",
  "trustedKeyMatched": true,
  "payloadBytes": 5582,
  "signedClaims": {
    "taskID": "E2A21974-4100-4243-9E22-265CE2320A30",
    "leaseID": "84912AD5-A98D-43EF-A28D-E4433E86389E",
    "providerGeneration": 6,
    "phase": "completed",
    "semanticOutcome": "unverified",
    "scopeCount": 1,
    "effects": [
      "execute"
    ],
    "startedAt": 1791406280575,
    "deadline": 1791406310575,
    "finishedAt": 1791406280588,
    "lastObservationTime": 1791406280588
  },
  "semanticClaim": "SIGNED_RUNTIME_ASSERTION",
  "externalTruth": "NOT_ESTABLISHED_BY_SIGNATURE_ALONE"
}
{
  "signature": "VALID",
  "algorithm": "Ed25519",
  "trustedKeyMatched": true,
  "payloadBytes": 5582,
  "signedClaims": {
    "taskID": "81E4CDA8-B80A-4EB3-AFAF-1F1A0447D9D7",
    "leaseID": "F2607719-A815-460A-BD20-D9ADFEDA0203",
    "providerGeneration": 7,
    "phase": "completed",
    "semanticOutcome": "unverified",
    "scopeCount": 1,
    "effects": [
      "execute"
    ],
    "startedAt": 1791406289751,
    "deadline": 1791406319751,
    "finishedAt": 1791406289761,
    "lastObservationTime": 1791406289761
  },
  "semanticClaim": "SIGNED_RUNTIME_ASSERTION",
  "externalTruth": "NOT_ESTABLISHED_BY_SIGNATURE_ALONE"
}
{
  "signature": "VALID",
  "algorithm": "Ed25519",
  "trustedKeyMatched": true,
  "payloadBytes": 4450,
  "signedClaims": {
    "taskID": "6F1CE17A-79DB-4CB5-8964-CDF3B7CE5154",
    "leaseID": "BBB448A4-B0D3-49C0-8057-FFF75CB35D76",
    "providerGeneration": 1,
    "phase": "completed",
    "semanticOutcome": "unverified",
    "scopeCount": 1,
    "effects": [
      "execute"
    ],
    "startedAt": 1791406328748,
    "deadline": 1791406358748,
    "finishedAt": 1791406328769,
    "lastObservationTime": 1791406328769
  },
  "semanticClaim": "SIGNED_RUNTIME_ASSERTION",
  "externalTruth": "NOT_ESTABLISHED_BY_SIGNATURE_ALONE"
}
{
  "signature": "VALID",
  "algorithm": "Ed25519",
  "trustedKeyMatched": true,
  "payloadBytes": 5557,
  "signedClaims": {
    "taskID": "69D79469-5F6A-434A-A388-58C2394B3330",
    "leaseID": "D8C9710B-F201-4D1C-BA42-6057A3A5F5AE",
    "providerGeneration": 2,
    "phase": "completed",
    "semanticOutcome": "unverified",
    "scopeCount": 1,
    "effects": [
      "execute"
    ],
    "startedAt": 1791406359970,
    "deadline": 1791406389970,
    "finishedAt": 1791406359980,
    "lastObservationTime": 1791406359980
  },
  "semanticClaim": "SIGNED_RUNTIME_ASSERTION",
  "externalTruth": "NOT_ESTABLISHED_BY_SIGNATURE_ALONE"
}
{
  "signature": "VALID",
  "algorithm": "Ed25519",
  "trustedKeyMatched": true,
  "payloadBytes": 5262,
  "signedClaims": {
    "taskID": "5742D0EC-EFFF-481B-B639-3F7FDF6C194F",
    "leaseID": "9A8CA143-2863-4832-82DC-C592110F51F4",
    "providerGeneration": 3,
    "phase": "completed",
    "semanticOutcome": "unverified",
    "scopeCount": 1,
    "effects": [
      "read"
    ],
    "startedAt": 1791406375558,
    "deadline": 1791406405558,
    "finishedAt": 1791406375565,
    "lastObservationTime": 1791406375565
  },
  "semanticClaim": "SIGNED_RUNTIME_ASSERTION",
  "externalTruth": "NOT_ESTABLISHED_BY_SIGNATURE_ALONE"
}
{
  "signature": "VALID",
  "algorithm": "Ed25519",
  "trustedKeyMatched": true,
  "payloadBytes": 5813,
  "signedClaims": {
    "taskID": "30A15D09-1D51-4139-A318-BAF694E36222",
    "leaseID": "752C9B7E-1BA4-4C7A-BACD-49B62888796C",
    "providerGeneration": 4,
    "phase": "completed",
    "semanticOutcome": "unverified",
    "scopeCount": 1,
    "effects": [
      "execute"
    ],
    "startedAt": 1791406389447,
    "deadline": 1791406419447,
    "finishedAt": 1791406389454,
    "lastObservationTime": 1791406389454
  },
  "semanticClaim": "SIGNED_RUNTIME_ASSERTION",
  "externalTruth": "NOT_ESTABLISHED_BY_SIGNATURE_ALONE"
}
{
  "signature": "VALID",
  "algorithm": "Ed25519",
  "trustedKeyMatched": true,
  "payloadBytes": 5570,
  "signedClaims": {
    "taskID": "60287C60-8E7D-4574-B0AF-CEBAF2417984",
    "leaseID": "182075A0-18D5-4F78-8578-6134682DB45B",
    "providerGeneration": 5,
    "phase": "completed",
    "semanticOutcome": "unverified",
    "scopeCount": 1,
    "effects": [
      "execute"
    ],
    "startedAt": 1791406396503,
    "deadline": 1791406426503,
    "finishedAt": 1791406396513,
    "lastObservationTime": 1791406396513
  },
  "semanticClaim": "SIGNED_RUNTIME_ASSERTION",
  "externalTruth": "NOT_ESTABLISHED_BY_SIGNATURE_ALONE"
}
{
  "signature": "VALID",
  "algorithm": "Ed25519",
  "trustedKeyMatched": true,
  "payloadBytes": 5582,
  "signedClaims": {
    "taskID": "B601FB00-CAAE-4BD5-9871-F6EB181E3CE3",
    "leaseID": "CBE566E9-C03F-4F9B-8129-5746CCFA3F52",
    "providerGeneration": 6,
    "phase": "completed",
    "semanticOutcome": "unverified",
    "scopeCount": 1,
    "effects": [
      "execute"
    ],
    "startedAt": 1791406404872,
    "deadline": 1791406434872,
    "finishedAt": 1791406404879,
    "lastObservationTime": 1791406404879
  },
  "semanticClaim": "SIGNED_RUNTIME_ASSERTION",
  "externalTruth": "NOT_ESTABLISHED_BY_SIGNATURE_ALONE"
}
{
  "signature": "VALID",
  "algorithm": "Ed25519",
  "trustedKeyMatched": true,
  "payloadBytes": 5582,
  "signedClaims": {
    "taskID": "C7FBF962-8C15-4453-A8FE-634C455C3C6A",
    "leaseID": "6B3CE63F-AF85-4999-A288-BE97B9AC2F17",
    "providerGeneration": 7,
    "phase": "completed",
    "semanticOutcome": "unverified",
    "scopeCount": 1,
    "effects": [
      "execute"
    ],
    "startedAt": 1791406414942,
    "deadline": 1791406444942,
    "finishedAt": 1791406414953,
    "lastObservationTime": 1791406414953
  },
  "semanticClaim": "SIGNED_RUNTIME_ASSERTION",
  "externalTruth": "NOT_ESTABLISHED_BY_SIGNATURE_ALONE"
}
