{
  "result": "FAIL",
  "controls": {
    "unsupported_scalar_abstains": {
      "result": "PASS"
    },
    "recursive_input_abstains": {
      "result": "PASS"
    },
    "confirmation_zero_effect": {
      "result": "PASS"
    },
    "real_typed_effect": {
      "result": "PASS"
    },
    "independent_file_effect": {
      "result": "PASS"
    },
    "accepted_unverified": {
      "result": "PASS"
    },
    "signed_input_object_types": {
      "result": "PASS"
    },
    "signed_input_schema_closed": {
      "result": "PASS"
    },
    "signed_result_object_types": {
      "result": "PASS"
    },
    "signed_result_schema_closed": {
      "result": "PASS"
    },
    "status_same_signed_task": {
      "result": "PASS"
    },
    "numeric_boolean_pretransport": {
      "result": "PASS"
    },
    "int_overflow_pretransport": {
      "result": "PASS"
    },
    "enum_unknown_pretransport": {
      "result": "PASS"
    },
    "nested_extra_pretransport": {
      "result": "PASS"
    },
    "non_null_null_pretransport": {
      "result": "PASS"
    },
    "independent_http_readback": {
      "result": "PASS"
    },
    "malformed_result_unknown": {
      "result": "PASS"
    },
    "whole_float_keeps_number_type": {
      "result": "PASS"
    },
    "nullable_null": {
      "result": "PASS"
    },
    "nullable_plain_string": {
      "result": "PASS"
    },
    "required_literal_null": {
      "result": "PASS"
    },
    "nullable_literal_null_escape": {
      "result": "PASS"
    },
    "nullable_leading_backslash_escape": {
      "result": "PASS"
    },
    "nullable_backslash_null_escape": {
      "result": "PASS"
    },
    "nullable_string_list_guidance": {
      "result": "FAIL",
      "error": "GraphQL type [String]. Supply this argument as a JSON-encoded string. null supplies a null value; prefix a backslash to force literal text (including literal null or a leading backslash)."
    },
    "nullable_string_list_values": {
      "result": "PASS"
    },
    "nullable_id_list_guidance": {
      "result": "FAIL",
      "error": "GraphQL type [ID]. Supply this argument as a JSON-encoded string. null supplies a null value; prefix a backslash to force literal text (including literal null or a leading backslash)."
    },
    "nullable_id_list_values": {
      "result": "PASS"
    },
    "schema_drift_stale_zero_effect": {
      "result": "PASS"
    },
    "withdrawal_removes_capability": {
      "result": "PASS"
    }
  },
  "unexpected": null
}
