[0/1] Planning build
Test Suite 'Selected tests' started at 2026-10-07 20:37:25.699.
Test Suite 'rightclick-mcpPackageTests.xctest' started at 2026-10-07 20:37:25.707.
Test Suite 'OpenAPIAcknowledgementTests' started at 2026-10-07 20:37:25.707.
Test Case '-[RightClickCoreTests.OpenAPIAcknowledgementTests testAcknowledgementCannotSatisfyCallerReturnedValuePostcondition]' started.
Test Case '-[RightClickCoreTests.OpenAPIAcknowledgementTests testAcknowledgementCannotSatisfyCallerReturnedValuePostcondition]' passed (0.622 seconds).
Test Case '-[RightClickCoreTests.OpenAPIAcknowledgementTests testAcknowledgementHasNoTypedOutputAndRemainsUnverified]' started.
Test Case '-[RightClickCoreTests.OpenAPIAcknowledgementTests testAcknowledgementHasNoTypedOutputAndRemainsUnverified]' passed (1.345 seconds).
Test Case '-[RightClickCoreTests.OpenAPIAcknowledgementTests testConfirmationAndCurrentHostPolicyStopAcknowledgementMutation]' started.
Test Case '-[RightClickCoreTests.OpenAPIAcknowledgementTests testConfirmationAndCurrentHostPolicyStopAcknowledgementMutation]' passed (0.654 seconds).
Test Case '-[RightClickCoreTests.OpenAPIAcknowledgementTests testIndependentStructuredObservationVerifiesActualEffectAndSignsReceipt]' started.
Test Case '-[RightClickCoreTests.OpenAPIAcknowledgementTests testIndependentStructuredObservationVerifiesActualEffectAndSignsReceipt]' passed (0.498 seconds).
Test Case '-[RightClickCoreTests.OpenAPIAcknowledgementTests testUndeclared2xxStatusRemainsUnknownDespiteActualEffect]' started.
Test Case '-[RightClickCoreTests.OpenAPIAcknowledgementTests testUndeclared2xxStatusRemainsUnknownDespiteActualEffect]' passed (0.377 seconds).
Test Case '-[RightClickCoreTests.OpenAPIAcknowledgementTests testWrongOrMissingExternalEffectNeverBecomesSuccess]' started.
Test Case '-[RightClickCoreTests.OpenAPIAcknowledgementTests testWrongOrMissingExternalEffectNeverBecomesSuccess]' passed (0.413 seconds).
Test Suite 'OpenAPIAcknowledgementTests' passed at 2026-10-07 20:37:29.618.
	 Executed 6 tests, with 0 failures (0 unexpected) in 3.909 (3.910) seconds
Test Suite 'rightclick-mcpPackageTests.xctest' passed at 2026-10-07 20:37:29.618.
	 Executed 6 tests, with 0 failures (0 unexpected) in 3.909 (3.911) seconds
Test Suite 'Selected tests' passed at 2026-10-07 20:37:29.618.
	 Executed 6 tests, with 0 failures (0 unexpected) in 3.909 (3.919) seconds
◇ Test run started.
↳ Testing Library Version: 1902
↳ Target Platform: arm64e-apple-macos14.0
✔ Test run with 0 tests in 0 suites passed after 0.001 seconds.
