[1/1] Compiling plugin SwiftProtobufPlugin
[2/2] Compiling plugin GRPCSwiftPlugin
Building for debugging...
[2/14] Write sources
[4/14] Write swift-version--58304C5D6DBC2206.txt
[6/10] Compiling RightClickCore RCIRExecutionHost.swift
[7/10] Emitting module RightClickCore
[7/11] Write Objects.LinkFileList
[9/13] Emitting module RightClickCoreTests
[10/13] Compiling RightClickCoreTests RCIRProductionDispatchTests.swift
[10/13] Linking rightclick
[11/13] Applying rightclick
[12/14] Write Objects.LinkFileList
[13/14] Linking rightclick-mcpPackageTests
Build complete! (3.69s)
Test Suite 'Selected tests' started at 2026-10-07 11:57:55.388.
Test Suite 'rightclick-mcpPackageTests.xctest' started at 2026-10-07 11:57:55.388.
Test Suite 'RCIRProductionDispatchTests' started at 2026-10-07 11:57:55.388.
Test Case '-[RightClickCoreTests.RCIRProductionDispatchTests testChangedArgumentsCannotUseOriginalLease]' started.
Test Case '-[RightClickCoreTests.RCIRProductionDispatchTests testChangedArgumentsCannotUseOriginalLease]' passed (0.155 seconds).
Test Case '-[RightClickCoreTests.RCIRProductionDispatchTests testChangedEndpointBeforeDispatchProducesZeroProviderEffects]' started.
Test Case '-[RightClickCoreTests.RCIRProductionDispatchTests testChangedEndpointBeforeDispatchProducesZeroProviderEffects]' passed (0.110 seconds).
Test Case '-[RightClickCoreTests.RCIRProductionDispatchTests testCompetingConsumersStartAtMostOneRealRequest]' started.
Test Case '-[RightClickCoreTests.RCIRProductionDispatchTests testCompetingConsumersStartAtMostOneRealRequest]' passed (0.122 seconds).
Test Case '-[RightClickCoreTests.RCIRProductionDispatchTests testConfirmationDenialProducesZeroProviderEffects]' started.
Test Case '-[RightClickCoreTests.RCIRProductionDispatchTests testConfirmationDenialProducesZeroProviderEffects]' passed (0.109 seconds).
Test Case '-[RightClickCoreTests.RCIRProductionDispatchTests testCrossOriginObserverBlocksBeforeAnyEffect]' started.
Test Case '-[RightClickCoreTests.RCIRProductionDispatchTests testCrossOriginObserverBlocksBeforeAnyEffect]' passed (0.123 seconds).
Test Case '-[RightClickCoreTests.RCIRProductionDispatchTests testCurrentPolicyRevocationProducesZeroProviderEffects]' started.
Test Case '-[RightClickCoreTests.RCIRProductionDispatchTests testCurrentPolicyRevocationProducesZeroProviderEffects]' passed (0.121 seconds).
Test Case '-[RightClickCoreTests.RCIRProductionDispatchTests testExpiredLeaseProducesZeroProviderEffects]' started.
Test Case '-[RightClickCoreTests.RCIRProductionDispatchTests testExpiredLeaseProducesZeroProviderEffects]' passed (0.122 seconds).
Test Case '-[RightClickCoreTests.RCIRProductionDispatchTests testInvalidSignerBlocksBeforeAnyEffect]' started.
Test Case '-[RightClickCoreTests.RCIRProductionDispatchTests testInvalidSignerBlocksBeforeAnyEffect]' passed (0.121 seconds).
Test Case '-[RightClickCoreTests.RCIRProductionDispatchTests testMissingExactOriginAuthorityProducesZeroProviderEffects]' started.
Test Case '-[RightClickCoreTests.RCIRProductionDispatchTests testMissingExactOriginAuthorityProducesZeroProviderEffects]' passed (0.126 seconds).
Test Case '-[RightClickCoreTests.RCIRProductionDispatchTests testNotYetValidLeaseProducesZeroProviderEffects]' started.
Test Case '-[RightClickCoreTests.RCIRProductionDispatchTests testNotYetValidLeaseProducesZeroProviderEffects]' passed (0.120 seconds).
Test Case '-[RightClickCoreTests.RCIRProductionDispatchTests testPublicBeginConsumesOneLeaseAndRetainsTaskEvidence]' started.
Test Case '-[RightClickCoreTests.RCIRProductionDispatchTests testPublicBeginConsumesOneLeaseAndRetainsTaskEvidence]' passed (0.124 seconds).
Test Case '-[RightClickCoreTests.RCIRProductionDispatchTests testRemovalAfterDispatchPreservesUnknownWithoutRetry]' started.
Test Case '-[RightClickCoreTests.RCIRProductionDispatchTests testRemovalAfterDispatchPreservesUnknownWithoutRetry]' passed (0.112 seconds).
Test Case '-[RightClickCoreTests.RCIRProductionDispatchTests testRemovalBeforeDispatchProducesZeroProviderEffects]' started.
Test Case '-[RightClickCoreTests.RCIRProductionDispatchTests testRemovalBeforeDispatchProducesZeroProviderEffects]' passed (0.110 seconds).
Test Case '-[RightClickCoreTests.RCIRProductionDispatchTests testSameProviderReappearingCannotReviveOldGeneration]' started.
Test Case '-[RightClickCoreTests.RCIRProductionDispatchTests testSameProviderReappearingCannotReviveOldGeneration]' passed (0.112 seconds).
Test Case '-[RightClickCoreTests.RCIRProductionDispatchTests testSchemaDriftBeforeDispatchProducesZeroProviderEffects]' started.
Test Case '-[RightClickCoreTests.RCIRProductionDispatchTests testSchemaDriftBeforeDispatchProducesZeroProviderEffects]' passed (0.110 seconds).
Test Case '-[RightClickCoreTests.RCIRProductionDispatchTests testSeparateRepeatIssuesNewLeaseThroughBothEntryPoints]' started.
Test Case '-[RightClickCoreTests.RCIRProductionDispatchTests testSeparateRepeatIssuesNewLeaseThroughBothEntryPoints]' passed (0.114 seconds).
Test Case '-[RightClickCoreTests.RCIRProductionDispatchTests testSpentLeaseCannotDispatchAgain]' started.
Test Case '-[RightClickCoreTests.RCIRProductionDispatchTests testSpentLeaseCannotDispatchAgain]' passed (0.112 seconds).
Test Suite 'RCIRProductionDispatchTests' passed at 2026-10-07 11:57:57.412.
	 Executed 17 tests, with 0 failures (0 unexpected) in 2.023 (2.024) seconds
Test Suite 'rightclick-mcpPackageTests.xctest' passed at 2026-10-07 11:57:57.412.
	 Executed 17 tests, with 0 failures (0 unexpected) in 2.023 (2.024) seconds
Test Suite 'Selected tests' passed at 2026-10-07 11:57:57.412.
	 Executed 17 tests, with 0 failures (0 unexpected) in 2.023 (2.025) seconds
◇ Test run started.
↳ Testing Library Version: 1902
↳ Target Platform: arm64e-apple-macos14.0
✔ Test run with 0 tests in 0 suites passed after 0.001 seconds.
