run_id=37842121165
ref=refs/heads/experiment/self-assembling-k8s-wasm-a2a
sha=29226270f873283a89fb0e16e703a725ef693397
NAME                      STATUS   ROLES           AGE   VERSION   INTERNAL-IP   EXTERNAL-IP   OS-IMAGE                         KERNEL-VERSION      CONTAINER-RUNTIME
rc-fabric-control-plane   Ready    control-plane   29s   v1.32.2   172.18.0.2    <none>        Debian GNU/Linux 12 (bookworm)   6.17.0-1022-azure   containerd://2.0.2
NAME                      READY   UP-TO-DATE   AVAILABLE   AGE   CONTAINERS   IMAGES             SELECTOR
deployment.apps/agent-a   1/1     1            1           3s    agent        python:3.12-slim   app=agent-a
deployment.apps/agent-b   1/1     1            1           3s    agent        python:3.12-slim   app=agent-b
deployment.apps/agent-c   1/1     1            1           3s    agent        python:3.12-slim   app=agent-c

NAME              TYPE        CLUSTER-IP     EXTERNAL-IP   PORT(S)    AGE   SELECTOR
service/agent-a   ClusterIP   10.96.81.22    <none>        8080/TCP   3s    app=agent-a
service/agent-b   ClusterIP   10.96.106.12   <none>        8080/TCP   3s    app=agent-b
service/agent-c   ClusterIP   10.96.173.76   <none>        8080/TCP   3s    app=agent-c

NAME                           READY   STATUS    RESTARTS   AGE   IP           NODE                      NOMINATED NODE   READINESS GATES
pod/agent-a-59dbbc8dcf-ml2mh   1/1     Running   0          3s    10.244.0.5   rc-fabric-control-plane   <none>           <none>
pod/agent-b-7545cf4674-vjmzk   1/1     Running   0          3s    10.244.0.6   rc-fabric-control-plane   <none>           <none>
pod/agent-c-595d987569-64w95   1/1     Running   0          3s    10.244.0.7   rc-fabric-control-plane   <none>           <none>
timeout waiting for shard-1
Name:             coordinator
Namespace:        rc-fabric
Selector:         batch.kubernetes.io/controller-uid=8684c67c-b082-4590-9d85-06c763bd6c14
Labels:           experiment=self-assembling
Annotations:      <none>
Parallelism:      1
Completions:      1
Completion Mode:  NonIndexed
Suspend:          false
Backoff Limit:    0
Start Time:       Thu, 08 Oct 2026 20:49:15 +0000
Pods Statuses:    0 Active (0 Ready) / 0 Succeeded / 1 Failed
Pod Template:
  Labels:           app=coordinator
                    batch.kubernetes.io/controller-uid=8684c67c-b082-4590-9d85-06c763bd6c14
                    batch.kubernetes.io/job-name=coordinator
                    controller-uid=8684c67c-b082-4590-9d85-06c763bd6c14
                    experiment=self-assembling
                    job-name=coordinator
  Service Account:  fabric-agent
  Containers:
   coordinator:
    Image:      python:3.12-slim
    Port:       <none>
    Host Port:  <none>
    Command:
      python
      /app/coordinator.py
    Environment:
      MODULE_SHA:  17b6267ce013cbe43926421f1cd1fa43cfda0a42a6a5867d6cfc7b43868886b2
      NAMESPACE:   rc-fabric
    Mounts:
      /app from code (rw)
  Volumes:
   code:
    Type:          ConfigMap (a volume populated by a ConfigMap)
    Name:          fabric-code
    Optional:      false
  Node-Selectors:  <none>
  Tolerations:     <none>
Events:
  Type     Reason                Age   From            Message
  ----     ------                ----  ----            -------
  Normal   SuccessfulCreate      4m1s  job-controller  Created pod: coordinator-6t5wd
  Warning  BackoffLimitExceeded  55s   job-controller  Job has reached the specified backoff limit
