{
  "signature": "VALID",
  "algorithm": "Ed25519",
  "trustedKeyMatched": true,
  "payloadBytes": 5578,
  "signedClaims": {
    "taskID": "053C42A9-D5C6-4084-8406-5EA231046E01",
    "leaseID": "A74A53E5-7258-4138-9F30-1A1B1D7C9780",
    "providerGeneration": 1,
    "phase": "completed",
    "semanticOutcome": "unverified",
    "scopeCount": 1,
    "effects": [
      "execute"
    ],
    "startedAt": 1791406853674,
    "deadline": 1791406883674,
    "finishedAt": 1791406853688,
    "lastObservationTime": 1791406853688
  },
  "semanticClaim": "SIGNED_RUNTIME_ASSERTION",
  "externalTruth": "NOT_ESTABLISHED_BY_SIGNATURE_ALONE"
}
{
  "signature": "VALID",
  "algorithm": "Ed25519",
  "trustedKeyMatched": true,
  "payloadBytes": 5697,
  "signedClaims": {
    "taskID": "A5122666-0F24-4E3B-9161-B60100E38CE3",
    "leaseID": "BF93DAF1-5943-42B4-BDD9-449518905909",
    "providerGeneration": 2,
    "phase": "completed",
    "semanticOutcome": "unverified",
    "scopeCount": 1,
    "effects": [
      "execute"
    ],
    "startedAt": 1791406857247,
    "deadline": 1791406887247,
    "finishedAt": 1791406857253,
    "lastObservationTime": 1791406857253
  },
  "semanticClaim": "SIGNED_RUNTIME_ASSERTION",
  "externalTruth": "NOT_ESTABLISHED_BY_SIGNATURE_ALONE"
}
{
  "signature": "VALID",
  "algorithm": "Ed25519",
  "trustedKeyMatched": true,
  "payloadBytes": 5619,
  "signedClaims": {
    "taskID": "F7A97902-967B-4E43-98DF-D8FFD03A669C",
    "leaseID": "D533114A-EBFF-452E-8516-49868266D722",
    "providerGeneration": 3,
    "phase": "failed",
    "semanticOutcome": "unverified",
    "scopeCount": 1,
    "effects": [
      "execute"
    ],
    "startedAt": 1791406875796,
    "deadline": 1791406905796,
    "finishedAt": 1791406875802,
    "lastObservationTime": 1791406875802
  },
  "semanticClaim": "SIGNED_RUNTIME_ASSERTION",
  "externalTruth": "NOT_ESTABLISHED_BY_SIGNATURE_ALONE"
}
{
  "signature": "VALID",
  "algorithm": "Ed25519",
  "trustedKeyMatched": true,
  "payloadBytes": 5621,
  "signedClaims": {
    "taskID": "38D7DB20-30BE-4501-8847-F4D78B8D6192",
    "leaseID": "D810A9C5-C680-4D83-A293-4114CF4FFF57",
    "providerGeneration": 4,
    "phase": "failed",
    "semanticOutcome": "unverified",
    "scopeCount": 1,
    "effects": [
      "execute"
    ],
    "startedAt": 1791406881047,
    "deadline": 1791406911047,
    "finishedAt": 1791406881054,
    "lastObservationTime": 1791406881054
  },
  "semanticClaim": "SIGNED_RUNTIME_ASSERTION",
  "externalTruth": "NOT_ESTABLISHED_BY_SIGNATURE_ALONE"
}
{
  "signature": "VALID",
  "algorithm": "Ed25519",
  "trustedKeyMatched": true,
  "payloadBytes": 5619,
  "signedClaims": {
    "taskID": "D4B55D8C-9CCF-445E-8501-512594A28B8A",
    "leaseID": "B275BEE3-B44F-4125-8A09-0401E18C6D80",
    "providerGeneration": 5,
    "phase": "failed",
    "semanticOutcome": "unverified",
    "scopeCount": 1,
    "effects": [
      "execute"
    ],
    "startedAt": 1791406884483,
    "deadline": 1791406914483,
    "finishedAt": 1791406884489,
    "lastObservationTime": 1791406884489
  },
  "semanticClaim": "SIGNED_RUNTIME_ASSERTION",
  "externalTruth": "NOT_ESTABLISHED_BY_SIGNATURE_ALONE"
}
