Independent final synthetic structural review; never programme acceptance.
Exact reviewed source snapshot: evidence/universal-programme-20261007/scorecard-independent-reviewed-validator.py
Validator SHA256 before ce2e60aaf74ec71b4ba44571224f01bb052c83a26a96e0c23f00b0d87d0a7d1e
Validator SHA256 after ce2e60aaf74ec71b4ba44571224f01bb052c83a26a96e0c23f00b0d87d0a7d1e
Validator unchanged during this control run: True
Original 19 controls SHA256 284aae27f0aed4d9e97367a6a87273184e780ca3b222f12079980244b6433f4b
Frozen six controls SHA256 b94edaca56d65f47ed800a825d015ba9e2d0b1b41fbaf0a42a8921e62b42ca2d
Case-alias control SHA256 d6c5e465cdd195a0243a7c135e1c8b7c8c26136f064292816977e32e6fe1b557
Two protected-read tests added after their product fixes; no historical RED claimed for them.
test_duplicate_world_cannot_hide_a_missing_world (Tests.test_universal_scorecard.UniversalScorecardTests.test_duplicate_world_cannot_hide_a_missing_world) ... ok
test_evidence_bytes_are_pinned (Tests.test_universal_scorecard.UniversalScorecardTests.test_evidence_bytes_are_pinned) ... ok
test_evidence_path_cannot_escape_even_through_symlink (Tests.test_universal_scorecard.UniversalScorecardTests.test_evidence_path_cannot_escape_even_through_symlink) ... ok
test_green_from_source_or_unit_tests_is_rejected (Tests.test_universal_scorecard.UniversalScorecardTests.test_green_from_source_or_unit_tests_is_rejected) ... ok
test_green_requires_independent_observations_and_receipts (Tests.test_universal_scorecard.UniversalScorecardTests.test_green_requires_independent_observations_and_receipts) ... ok
test_malformed_tool_counter_cannot_claim_zero (Tests.test_universal_scorecard.UniversalScorecardTests.test_malformed_tool_counter_cannot_claim_zero) ... ok
test_only_async_stream_can_be_inapplicable (Tests.test_universal_scorecard.UniversalScorecardTests.test_only_async_stream_can_be_inapplicable) ... ok
test_provider_specific_operation_is_rejected (Tests.test_universal_scorecard.UniversalScorecardTests.test_provider_specific_operation_is_rejected) ... ok
test_red_inventory_validates_but_cannot_pass_release (Tests.test_universal_scorecard.UniversalScorecardTests.test_red_inventory_validates_but_cannot_pass_release) ... ok
test_complete_synthetic_structure_is_not_real_acceptance (Tests.test_universal_scorecard_adversarial.UniversalScorecardAdversarialTests.test_complete_synthetic_structure_is_not_real_acceptance) ... ok
test_duplicate_manifest_keys_are_rejected (Tests.test_universal_scorecard_adversarial.UniversalScorecardAdversarialTests.test_duplicate_manifest_keys_are_rejected) ... ok
test_duplicate_report_keys_are_rejected (Tests.test_universal_scorecard_adversarial.UniversalScorecardAdversarialTests.test_duplicate_report_keys_are_rejected) ... ok
test_green_stage_must_use_its_world_and_matching_proof_role (Tests.test_universal_scorecard_adversarial.UniversalScorecardAdversarialTests.test_green_stage_must_use_its_world_and_matching_proof_role) ... ok
test_manifest_is_parsed_from_exact_checked_bytes_after_path_replacement (Tests.test_universal_scorecard_adversarial.UniversalScorecardAdversarialTests.test_manifest_is_parsed_from_exact_checked_bytes_after_path_replacement) ... ok
test_manifest_tool_counter_requires_exact_integer_zero (Tests.test_universal_scorecard_adversarial.UniversalScorecardAdversarialTests.test_manifest_tool_counter_requires_exact_integer_zero) ... ok
test_missing_and_added_tools_are_rejected (Tests.test_universal_scorecard_adversarial.UniversalScorecardAdversarialTests.test_missing_and_added_tools_are_rejected) ... ok
test_missing_required_proof_kind_is_rejected (Tests.test_universal_scorecard_adversarial.UniversalScorecardAdversarialTests.test_missing_required_proof_kind_is_rejected) ... ok
test_missing_runtime_attestation_or_provenance_is_rejected (Tests.test_universal_scorecard_adversarial.UniversalScorecardAdversarialTests.test_missing_runtime_attestation_or_provenance_is_rejected) ... ok
test_proof_roles_cannot_reuse_the_same_supporting_artifact (Tests.test_universal_scorecard_adversarial.UniversalScorecardAdversarialTests.test_proof_roles_cannot_reuse_the_same_supporting_artifact) ... ok
test_reference_source_binary_and_session_mismatch_is_rejected (Tests.test_universal_scorecard_adversarial.UniversalScorecardAdversarialTests.test_reference_source_binary_and_session_mismatch_is_rejected) ... ok
test_report_requires_pass_outcome_and_supporting_artifact (Tests.test_universal_scorecard_adversarial.UniversalScorecardAdversarialTests.test_report_requires_pass_outcome_and_supporting_artifact) ... ok
test_report_source_binary_session_kind_and_world_mismatch_is_rejected (Tests.test_universal_scorecard_adversarial.UniversalScorecardAdversarialTests.test_report_source_binary_session_kind_and_world_mismatch_is_rejected) ... ok
test_required_async_world_cannot_be_declared_inapplicable (Tests.test_universal_scorecard_adversarial.UniversalScorecardAdversarialTests.test_required_async_world_cannot_be_declared_inapplicable) ... ok
test_required_async_world_needs_stream_lifecycle_proof (Tests.test_universal_scorecard_adversarial.UniversalScorecardAdversarialTests.test_required_async_world_needs_stream_lifecycle_proof) ... ok
test_runtime_attestation_and_binary_provenance_must_match_manifest (Tests.test_universal_scorecard_adversarial.UniversalScorecardAdversarialTests.test_runtime_attestation_and_binary_provenance_must_match_manifest) ... ok
test_source_file_cannot_masquerade_as_acceptance_report (Tests.test_universal_scorecard_adversarial.UniversalScorecardAdversarialTests.test_source_file_cannot_masquerade_as_acceptance_report) ... ok
test_supporting_artifact_drift_is_rejected (Tests.test_universal_scorecard_adversarial.UniversalScorecardAdversarialTests.test_supporting_artifact_drift_is_rejected) ... ok
test_unrelated_source_file_cannot_establish_green_stage (Tests.test_universal_scorecard_adversarial.UniversalScorecardAdversarialTests.test_unrelated_source_file_cannot_establish_green_stage) ... ok
test_evidence_cannot_escape_after_resolve_before_read (Tests.test_universal_scorecard_path_numeric.UniversalScorecardPathNumericTests.test_evidence_cannot_escape_after_resolve_before_read) ... ok
test_manifest_with_overflowing_extra_measurement_is_rejected (Tests.test_universal_scorecard_path_numeric.UniversalScorecardPathNumericTests.test_manifest_with_overflowing_extra_measurement_is_rejected) ... ok
test_one_role_cannot_duplicate_support_with_normalized_alias (Tests.test_universal_scorecard_path_numeric.UniversalScorecardPathNumericTests.test_one_role_cannot_duplicate_support_with_normalized_alias) ... ok
test_overflowing_json_exponents_are_rejected (Tests.test_universal_scorecard_path_numeric.UniversalScorecardPathNumericTests.test_overflowing_json_exponents_are_rejected) ... ok
test_supporting_artifact_cannot_reuse_in_repository_symlink_alias (Tests.test_universal_scorecard_path_numeric.UniversalScorecardPathNumericTests.test_supporting_artifact_cannot_reuse_in_repository_symlink_alias) ... ok
test_supporting_artifact_cannot_reuse_normalized_path_alias (Tests.test_universal_scorecard_path_numeric.UniversalScorecardPathNumericTests.test_supporting_artifact_cannot_reuse_normalized_path_alias) ... ok
test_hard_link_alias_is_rejected_for_both_paths (Tests.test_universal_scorecard_protected_reads.UniversalScorecardProtectedReadTests.test_hard_link_alias_is_rejected_for_both_paths) ... ok
test_replacement_during_actual_open_is_rejected (Tests.test_universal_scorecard_protected_reads.UniversalScorecardProtectedReadTests.test_replacement_during_actual_open_is_rejected) ... ok
test_case_alias_cannot_reuse_another_roles_supporting_artifact (Tests.test_universal_scorecard_case_alias.UniversalScorecardCaseAliasTests.test_case_alias_cannot_reuse_another_roles_supporting_artifact) ... ok

----------------------------------------------------------------------
Ran 37 tests in 1.515s

OK
