{
  "result": "PASS",
  "controls": {
    "unsupported_scalar_abstains": {
      "result": "PASS"
    },
    "recursive_input_abstains": {
      "result": "PASS"
    },
    "confirmation_zero_effect": {
      "result": "PASS"
    },
    "real_typed_effect": {
      "result": "PASS"
    },
    "independent_file_effect": {
      "result": "PASS"
    },
    "accepted_unverified": {
      "result": "PASS"
    },
    "signed_input_object_types": {
      "result": "PASS"
    },
    "signed_input_schema_closed": {
      "result": "PASS"
    },
    "signed_result_object_types": {
      "result": "PASS"
    },
    "signed_result_schema_closed": {
      "result": "PASS"
    },
    "status_same_signed_task": {
      "result": "PASS"
    },
    "numeric_boolean_pretransport": {
      "result": "PASS"
    },
    "int_overflow_pretransport": {
      "result": "PASS"
    },
    "enum_unknown_pretransport": {
      "result": "PASS"
    },
    "nested_extra_pretransport": {
      "result": "PASS"
    },
    "non_null_null_pretransport": {
      "result": "PASS"
    },
    "independent_http_readback": {
      "result": "PASS"
    },
    "malformed_result_unknown": {
      "result": "PASS"
    },
    "whole_float_keeps_number_type": {
      "result": "PASS"
    },
    "schema_drift_stale_zero_effect": {
      "result": "PASS"
    },
    "withdrawal_removes_capability": {
      "result": "PASS"
    }
  },
  "unexpected": null
}
