2026-10-04T21:03:56Z discovered services: AirDrop, Mail, Messages, Notes, Add to Photos, Freeform, Simulator, Journal, Reminders
2026-10-04T21:03:56Z service resolved title=Add to Photos id=sharing:com.apple.share.System.add-to-iphoto publicName=com.apple.share.System.add-to-iphoto
2026-10-04T21:03:56Z canPerform(withItems:)=true
2026-10-04T21:03:56Z thread isMainThread=true pthread_main_np=1
2026-10-04T21:03:56Z delegate attached class=ShareSession retainedCount=1
2026-10-04T21:03:56Z NSApp policy=1 windowsBefore=0
2026-10-04T21:03:56Z perform(withItems:) called
2026-10-04T21:03:56Z willShareItems count=1 main=true
2026-10-04T21:03:56Z perform(withItems:) returned; waiting for delegate
2026-10-04T21:03:56Z didShareItems count=1 main=true
2026-10-04T21:03:56Z run loop still alive=false windows=1
2026-10-04T21:05:38Z NSPerformService name=Set Desktop Picture provider=com.apple.services.setDesktopPicture sendFileTypes=["public.image"] pasteboardTypes=public.file-url,CorePasteboardFlavorType 0x6675726C,dyn.ah62d4rv4gu8y6y4grf0gn5xbrzw1gydcr7u1e3cytf2gn,NSFilenamesPboardType,dyn.ah62d4rv4gu8yc6durvwwaznwmuuha2pxsvw0e55bsmwca7d3sbwu,Apple URL pasteboard type main=true
2026-10-04T21:05:38Z NSPerformService name=Set Desktop Picture provider=com.apple.services.setDesktopPicture sendFileTypes=["public.image"] pasteboardTypes=public.file-url,CorePasteboardFlavorType 0x6675726C,dyn.ah62d4rv4gu8y6y4grf0gn5xbrzw1gydcr7u1e3cytf2gn,NSFilenamesPboardType,dyn.ah62d4rv4gu8yc6durvwwaznwmuuha2pxsvw0e55bsmwca7d3sbwu,Apple URL pasteboard type main=true
2026-10-04T21:05:38Z NSPerformService returned true changeCount 1->1
2026-10-04T21:05:38Z NSPerformService returned true changeCount 1->1
2026-10-04T21:12:00Z discovered services: AirDrop, Mail, Messages, Notes, Add to Photos, Freeform, Simulator, Journal, Reminders
2026-10-04T21:12:00Z service resolved title=Add to Photos id=sharing:com.apple.share.System.add-to-iphoto publicName=com.apple.share.System.add-to-iphoto
2026-10-04T21:12:00Z canPerform(withItems:)=true
2026-10-04T21:12:00Z thread isMainThread=true pthread_main_np=1
2026-10-04T21:12:00Z delegate attached class=ShareSession retainedCount=1
2026-10-04T21:12:00Z NSApp policy=1 windowsBefore=0
2026-10-04T21:12:00Z perform(withItems:) called
2026-10-04T21:12:00Z willShareItems count=1 main=true
2026-10-04T21:12:00Z perform(withItems:) returned; waiting for delegate
2026-10-04T21:12:25Z timeout after 25s events=["willShareItems count=1 main=true"]
2026-10-04T21:12:25Z run loop still alive=true windows=1
2026-10-04T21:12:25Z didShareItems count=1 main=true
2026-10-04T21:16:25Z NSPerformService name=Convert Text to Full Width provider=com.apple.ChineseTextConverterService sendFileTypes=[] pasteboardTypes=public.utf8-plain-text,NSStringPboardType main=true
2026-10-04T21:16:25Z NSPerformService returned true changeCount 1->2
2026-10-04T21:18:38Z 2EC2D815-3243-4825-B1D7-4D57BBF800E7 discovered services: AirDrop, Mail, Messages, Notes, Add to Photos, Freeform, Simulator, Journal, Reminders
2026-10-04T21:18:39Z 2EC2D815-3243-4825-B1D7-4D57BBF800E7 service resolved title=Add to Photos canPerform=true main=true
2026-10-04T21:18:39Z 2EC2D815-3243-4825-B1D7-4D57BBF800E7 perform entered retained=true
2026-10-04T21:18:39Z 2EC2D815-3243-4825-B1D7-4D57BBF800E7 willShareItems count=1 main=true
2026-10-04T21:18:39Z 2EC2D815-3243-4825-B1D7-4D57BBF800E7 perform returned; execution still pending state=awaiting_user
2026-10-04T21:18:39Z 2EC2D815-3243-4825-B1D7-4D57BBF800E7 session released
2026-10-04T21:18:39Z 2EC2D815-3243-4825-B1D7-4D57BBF800E7 didShareItems count=1 main=true
2026-10-04T21:22:33Z NSPerformService name=RIGHTCLICK Test — Create Sidecar provider=dev.rightclick.test-provider sendFileTypes=["public.image"] pasteboardTypes=public.file-url,CorePasteboardFlavorType 0x6675726C,dyn.ah62d4rv4gu8y6y4grf0gn5xbrzw1gydcr7u1e3cytf2gn,NSFilenamesPboardType,dyn.ah62d4rv4gu8yc6durvwwaznwmuuha2pxsvw0e55bsmwca7d3sbwu,Apple URL pasteboard type main=true
2026-10-04T21:22:33Z NSPerformService returned true changeCount 1->1
2026-10-04T21:29:00Z NSPerformService name=RIGHTCLICK Test — Create Sidecar provider=dev.rightclick.test-provider sendFileTypes=["public.image"] pasteboardTypes=public.file-url,CorePasteboardFlavorType 0x6675726C,dyn.ah62d4rv4gu8y6y4grf0gn5xbrzw1gydcr7u1e3cytf2gn,NSFilenamesPboardType,dyn.ah62d4rv4gu8yc6durvwwaznwmuuha2pxsvw0e55bsmwca7d3sbwu,Apple URL pasteboard type main=true
2026-10-04T21:29:00Z NSPerformService returned true changeCount 1->1
2026-10-04T21:38:52Z NSPerformService name=Convert Text to Full Width provider=com.apple.ChineseTextConverterService sendFileTypes=[] pasteboardTypes=public.utf8-plain-text,NSStringPboardType main=true
2026-10-04T21:38:52Z NSPerformService returned true changeCount 1->2
2026-10-04T21:43:52Z NSPerformService name=Convert Text to Full Width provider=com.apple.ChineseTextConverterService sendFileTypes=[] pasteboardTypes=public.utf8-plain-text,NSStringPboardType main=true
2026-10-04T21:43:52Z NSPerformService returned true changeCount 1->2
2026-10-04T21:43:58Z NSPerformService name=RIGHTCLICK Test — Create Sidecar provider=dev.rightclick.test-provider sendFileTypes=["public.image"] pasteboardTypes=public.file-url,CorePasteboardFlavorType 0x6675726C,dyn.ah62d4rv4gu8y6y4grf0gn5xbrzw1gydcr7u1e3cytf2gn,NSFilenamesPboardType,dyn.ah62d4rv4gu8yc6durvwwaznwmuuha2pxsvw0e55bsmwca7d3sbwu,Apple URL pasteboard type main=true
2026-10-04T21:43:58Z NSPerformService returned true changeCount 1->1
2026-10-04T22:24:07Z NSPerformService name=Convert Text to Full Width provider=com.apple.ChineseTextConverterService sendFileTypes=[] pasteboardTypes=public.utf8-plain-text,NSStringPboardType main=true
2026-10-04T22:24:07Z NSPerformService returned true changeCount 1->2
2026-10-04T22:55:29Z NSPerformService name=Open in ZCode provider=dev.zcode.app.finder-open-workflow sendFileTypes=["public.folder", "public.directory"] pasteboardTypes=public.file-url,CorePasteboardFlavorType 0x6675726C,dyn.ah62d4rv4gu8y6y4grf0gn5xbrzw1gydcr7u1e3cytf2gn,NSFilenamesPboardType,dyn.ah62d4rv4gu8yc6durvwwaznwmuuha2pxsvw0e55bsmwca7d3sbwu,Apple URL pasteboard type main=true
2026-10-04T22:55:29Z NSPerformService returned true changeCount 1->1
2026-10-04T23:05:04Z NSPerformService name=BBEdit/New BBEdit Document with Selection provider=com.barebones.bbedit sendFileTypes=[] pasteboardTypes=public.utf8-plain-text,NSStringPboardType main=true
2026-10-04T23:05:04Z NSPerformService returned true changeCount 1->1
2026-10-04T23:06:42Z NSPerformService name=BBEdit/New BBEdit Document with Selection provider=com.barebones.bbedit sendFileTypes=[] pasteboardTypes=public.utf8-plain-text,NSStringPboardType main=true
2026-10-04T23:06:46Z NSPerformService returned true changeCount 1->1
2026-10-04T23:12:01Z service payload declared=public.rtf|public.utf8-plain-text written=public.rtf|NeXT Rich Text Format v1.0 pasteboard type|public.utf8-plain-text|NSStringPboardType|public.utf16-external-plain-text|CorePasteboardFlavorType 0x75743136 stringBytes=22 utf8Bytes=10 readback=RightClick
2026-10-04T23:12:01Z NSPerformService name=Convert Text to Full Width provider=com.apple.ChineseTextConverterService sendFileTypes=[] pasteboardTypes=public.rtf,NeXT Rich Text Format v1.0 pasteboard type,public.utf8-plain-text,NSStringPboardType,public.utf16-external-plain-text,CorePasteboardFlavorType 0x75743136 main=true
2026-10-04T23:12:01Z NSPerformService returned true changeCount 1->2
2026-10-04T23:13:49Z service payload declared=public.rtf|public.utf8-plain-text written=public.rtf|NeXT Rich Text Format v1.0 pasteboard type|public.utf8-plain-text|NSStringPboardType|public.utf16-external-plain-text|CorePasteboardFlavorType 0x75743136 stringBytes=22 utf8Bytes=10 readback=RightClick
2026-10-04T23:13:50Z NSPerformService name=Convert Text to Full Width provider=com.apple.ChineseTextConverterService sendFileTypes=[] pasteboardTypes=public.rtf,NeXT Rich Text Format v1.0 pasteboard type,public.utf8-plain-text,NSStringPboardType,public.utf16-external-plain-text,CorePasteboardFlavorType 0x75743136 main=true
2026-10-04T23:13:50Z NSPerformService returned true changeCount 1->2
2026-10-04T23:14:56Z service payload declared=public.rtf|public.utf8-plain-text written=public.rtf|NeXT Rich Text Format v1.0 pasteboard type|public.utf8-plain-text|NSStringPboardType|public.utf16-external-plain-text|CorePasteboardFlavorType 0x75743136 stringBytes=22 utf8Bytes=10 readback=RightClick
2026-10-04T23:14:56Z NSPerformService name=Convert Text to Full Width provider=com.apple.ChineseTextConverterService sendFileTypes=[] pasteboardTypes=public.rtf,NeXT Rich Text Format v1.0 pasteboard type,public.utf8-plain-text,NSStringPboardType,public.utf16-external-plain-text,CorePasteboardFlavorType 0x75743136 main=true
2026-10-04T23:14:57Z NSPerformService returned true changeCount 1->2
2026-10-04T23:15:57Z service payload declared=public.rtf|public.utf8-plain-text written=public.rtf|NeXT Rich Text Format v1.0 pasteboard type|public.utf8-plain-text|NSStringPboardType|public.utf16-external-plain-text|CorePasteboardFlavorType 0x75743136 stringBytes=22 utf8Bytes=10 readback=RightClick
2026-10-04T23:15:57Z NSPerformService name=Convert Text to Full Width provider=com.apple.ChineseTextConverterService sendFileTypes=[] pasteboardTypes=public.rtf,NeXT Rich Text Format v1.0 pasteboard type,public.utf8-plain-text,NSStringPboardType,public.utf16-external-plain-text,CorePasteboardFlavorType 0x75743136 main=true
2026-10-04T23:15:58Z NSPerformService returned true changeCount 1->2
2026-10-04T23:17:53Z service payload declared=NSStringPboardType|public.plain-text written=public.utf8-plain-text|NSStringPboardType|public.plain-text stringBytes=76 utf8Bytes=37 readback=RIGHTCLICK BBEdit payload proof 84721
2026-10-04T23:17:53Z NSPerformService name=BBEdit/New BBEdit Document with Selection provider=com.barebones.bbedit sendFileTypes=[] pasteboardTypes=public.utf8-plain-text,NSStringPboardType,public.plain-text main=true
2026-10-04T23:17:56Z NSPerformService returned true changeCount 1->1
2026-10-04T23:19:06Z service payload declared=public.rtf|public.utf8-plain-text written=public.rtf|NeXT Rich Text Format v1.0 pasteboard type|public.utf8-plain-text|NSStringPboardType|public.utf16-external-plain-text|CorePasteboardFlavorType 0x75743136 stringBytes=22 utf8Bytes=10 readback=RightClick
2026-10-04T23:19:06Z NSPerformService name=Convert Text to Full Width provider=com.apple.ChineseTextConverterService sendFileTypes=[] pasteboardTypes=public.rtf,NeXT Rich Text Format v1.0 pasteboard type,public.utf8-plain-text,NSStringPboardType,public.utf16-external-plain-text,CorePasteboardFlavorType 0x75743136 main=true
2026-10-04T23:19:06Z NSPerformService returned true changeCount 1->2
2026-10-04T23:29:55Z service payload declared=public.rtf|public.utf8-plain-text written=public.rtf|NeXT Rich Text Format v1.0 pasteboard type|public.utf8-plain-text|NSStringPboardType|public.utf16-external-plain-text|CorePasteboardFlavorType 0x75743136 stringBytes=22 utf8Bytes=10 readback=RightClick
2026-10-04T23:29:55Z NSPerformService name=Convert Text to Full Width provider=com.apple.ChineseTextConverterService sendFileTypes=[] pasteboardTypes=public.rtf,NeXT Rich Text Format v1.0 pasteboard type,public.utf8-plain-text,NSStringPboardType,public.utf16-external-plain-text,CorePasteboardFlavorType 0x75743136 main=true
2026-10-04T23:29:56Z NSPerformService returned true changeCount 1->2
2026-10-04T23:36:29Z service payload declared=NSStringPboardType|public.plain-text written=public.utf8-plain-text|NSStringPboardType|public.plain-text stringBytes=90 utf8Bytes=44 readback=RIGHTCLICK generic service final proof 73194
2026-10-04T23:36:29Z NSPerformService name=BBEdit/New BBEdit Document with Selection provider=com.barebones.bbedit sendFileTypes=[] pasteboardTypes=public.utf8-plain-text,NSStringPboardType,public.plain-text main=true
2026-10-04T23:36:29Z service pasteboard retained after NSPerformService returned without a pasteboard result
2026-10-04T23:36:39Z NSPerformService returned true changeCount 1->1
2026-10-04T23:48:26Z service payload declared=public.rtf|public.utf8-plain-text written=public.rtf|NeXT Rich Text Format v1.0 pasteboard type|public.utf8-plain-text|NSStringPboardType|public.utf16-external-plain-text|CorePasteboardFlavorType 0x75743136 stringBytes=22 utf8Bytes=10 readback=RightClick
2026-10-04T23:48:26Z NSPerformService name=Convert Text to Full Width provider=com.apple.ChineseTextConverterService sendFileTypes=[] pasteboardTypes=public.rtf,NeXT Rich Text Format v1.0 pasteboard type,public.utf8-plain-text,NSStringPboardType,public.utf16-external-plain-text,CorePasteboardFlavorType 0x75743136 main=true
2026-10-04T23:48:27Z NSPerformService returned true changeCount 1->2
2026-10-04T23:49:44Z service payload declared=NSStringPboardType|public.plain-text written=public.utf8-plain-text|NSStringPboardType|public.plain-text stringBytes=82 utf8Bytes=40 readback=RIGHTCLICK public regression check 90421
2026-10-04T23:49:44Z NSPerformService name=BBEdit/New BBEdit Document with Selection provider=com.barebones.bbedit sendFileTypes=[] pasteboardTypes=public.utf8-plain-text,NSStringPboardType,public.plain-text main=true
2026-10-04T23:49:46Z service pasteboard retained after NSPerformService returned without a pasteboard result
2026-10-04T23:49:56Z NSPerformService returned true changeCount 1->1
2026-10-05T00:01:45Z service payload declared=public.rtf|public.utf8-plain-text written=public.rtf|NeXT Rich Text Format v1.0 pasteboard type|public.utf8-plain-text|NSStringPboardType|public.utf16-external-plain-text|CorePasteboardFlavorType 0x75743136 stringBytes=22 utf8Bytes=10 readback=RightClick
2026-10-05T00:01:45Z NSPerformService name=Convert Text to Full Width provider=com.apple.ChineseTextConverterService sendFileTypes=[] pasteboardTypes=public.rtf,NeXT Rich Text Format v1.0 pasteboard type,public.utf8-plain-text,NSStringPboardType,public.utf16-external-plain-text,CorePasteboardFlavorType 0x75743136 main=true
2026-10-05T00:01:45Z NSPerformService returned true changeCount 1->2
2026-10-05T00:06:54Z service payload declared=public.url|public.rtf|public.utf8-plain-text|NSStringPboardType|public.plain-text written=public.url|CorePasteboardFlavorType 0x75726C20|dyn.ah62d4rv4gu8yc6durvwwaznwmuuha2pxsvw0e55bsmwca7d3sbwu|Apple URL pasteboard type|public.rtf|NeXT Rich Text Format v1.0 pasteboard type|public.utf8-plain-text|NSStringPboardType|public.plain-text|public.utf16-external-plain-text|CorePasteboardFlavorType 0x75743136 stringBytes=86 utf8Bytes=42 readback=https://example.com/rightclick-yojam-proof
2026-10-05T00:06:54Z NSPerformService name=Open in Yojam provider=com.yojam.app sendFileTypes=[] pasteboardTypes=public.url,CorePasteboardFlavorType 0x75726C20,dyn.ah62d4rv4gu8yc6durvwwaznwmuuha2pxsvw0e55bsmwca7d3sbwu,Apple URL pasteboard type,public.rtf,NeXT Rich Text Format v1.0 pasteboard type,public.utf8-plain-text,NSStringPboardType,public.plain-text,public.utf16-external-plain-text,CorePasteboardFlavorType 0x75743136 main=true
2026-10-05T00:10:30Z service payload declared=public.rtf|public.utf8-plain-text written=public.rtf|NeXT Rich Text Format v1.0 pasteboard type|public.utf8-plain-text|NSStringPboardType|public.utf16-external-plain-text|CorePasteboardFlavorType 0x75743136 stringBytes=22 utf8Bytes=10 readback=RightClick
2026-10-05T00:10:30Z NSPerformService name=Convert Text to Full Width provider=com.apple.ChineseTextConverterService sendFileTypes=[] pasteboardTypes=public.rtf,NeXT Rich Text Format v1.0 pasteboard type,public.utf8-plain-text,NSStringPboardType,public.utf16-external-plain-text,CorePasteboardFlavorType 0x75743136 main=true
2026-10-05T00:10:30Z NSPerformService returned true changeCount 1->2
2026-10-05T00:15:16Z service payload declared=public.url|public.rtf|public.utf8-plain-text|NSStringPboardType|public.plain-text written=public.url|CorePasteboardFlavorType 0x75726C20|dyn.ah62d4rv4gu8yc6durvwwaznwmuuha2pxsvw0e55bsmwca7d3sbwu|Apple URL pasteboard type|public.rtf|NeXT Rich Text Format v1.0 pasteboard type|public.utf8-plain-text|NSStringPboardType|public.plain-text|public.utf16-external-plain-text|CorePasteboardFlavorType 0x75743136 stringBytes=86 utf8Bytes=42 readback=https://example.com/rightclick-yojam-proof
2026-10-05T00:15:16Z NSPerformService name=Open in Yojam provider=com.yojam.app sendFileTypes=[] pasteboardTypes=public.url,CorePasteboardFlavorType 0x75726C20,dyn.ah62d4rv4gu8yc6durvwwaznwmuuha2pxsvw0e55bsmwca7d3sbwu,Apple URL pasteboard type,public.rtf,NeXT Rich Text Format v1.0 pasteboard type,public.utf8-plain-text,NSStringPboardType,public.plain-text,public.utf16-external-plain-text,CorePasteboardFlavorType 0x75743136 main=true
2026-10-05T00:15:17Z service pasteboard retained after NSPerformService returned without a pasteboard result
2026-10-05T00:15:27Z NSPerformService returned true changeCount 1->1
2026-10-05T00:23:22Z service payload declared=public.rtf|public.utf8-plain-text written=public.rtf|NeXT Rich Text Format v1.0 pasteboard type|public.utf8-plain-text|NSStringPboardType|public.utf16-external-plain-text|CorePasteboardFlavorType 0x75743136 stringBytes=22 utf8Bytes=10 readback=RightClick
2026-10-05T00:23:22Z NSPerformService name=Convert Text to Full Width provider=com.apple.ChineseTextConverterService sendFileTypes=[] pasteboardTypes=public.rtf,NeXT Rich Text Format v1.0 pasteboard type,public.utf8-plain-text,NSStringPboardType,public.utf16-external-plain-text,CorePasteboardFlavorType 0x75743136 main=true
2026-10-05T00:25:49Z service payload declared=public.rtf|public.utf8-plain-text written=public.rtf|NeXT Rich Text Format v1.0 pasteboard type|public.utf8-plain-text|NSStringPboardType|public.utf16-external-plain-text|CorePasteboardFlavorType 0x75743136 stringBytes=22 utf8Bytes=10 readback=RightClick
2026-10-05T00:25:49Z NSPerformService name=Convert Text to Full Width provider=com.apple.ChineseTextConverterService sendFileTypes=[] pasteboardTypes=public.rtf,NeXT Rich Text Format v1.0 pasteboard type,public.utf8-plain-text,NSStringPboardType,public.utf16-external-plain-text,CorePasteboardFlavorType 0x75743136 main=true
2026-10-05T00:25:49Z NSPerformService returned true changeCount 1->2
2026-10-05T00:26:07Z service payload declared=public.rtf|public.utf8-plain-text written=public.rtf|NeXT Rich Text Format v1.0 pasteboard type|public.utf8-plain-text|NSStringPboardType|public.utf16-external-plain-text|CorePasteboardFlavorType 0x75743136 stringBytes=22 utf8Bytes=10 readback=RightClick
2026-10-05T00:26:07Z NSPerformService name=Convert Text to Full Width provider=com.apple.ChineseTextConverterService sendFileTypes=[] pasteboardTypes=public.rtf,NeXT Rich Text Format v1.0 pasteboard type,public.utf8-plain-text,NSStringPboardType,public.utf16-external-plain-text,CorePasteboardFlavorType 0x75743136 main=true
2026-10-05T00:26:07Z NSPerformService returned true changeCount 1->2
2026-10-05T06:12:24Z service payload declared=public.rtf|public.utf8-plain-text written=public.rtf|NeXT Rich Text Format v1.0 pasteboard type|public.utf8-plain-text|NSStringPboardType|public.utf16-external-plain-text|CorePasteboardFlavorType 0x75743136 stringBytes=22 utf8Bytes=10 readback=RightClick
2026-10-05T06:12:24Z NSPerformService name=Convert Text to Full Width provider=com.apple.ChineseTextConverterService sendFileTypes=[] pasteboardTypes=public.rtf,NeXT Rich Text Format v1.0 pasteboard type,public.utf8-plain-text,NSStringPboardType,public.utf16-external-plain-text,CorePasteboardFlavorType 0x75743136 main=true
2026-10-05T06:12:24Z NSPerformService returned true changeCount 1->2
2026-10-05T06:27:07Z service payload declared=public.rtf|public.utf8-plain-text written=public.rtf|NeXT Rich Text Format v1.0 pasteboard type|public.utf8-plain-text|NSStringPboardType|public.utf16-external-plain-text|CorePasteboardFlavorType 0x75743136 stringBytes=22 utf8Bytes=10 readback=RightClick
2026-10-05T06:27:07Z NSPerformService name=Convert Text to Full Width provider=com.apple.ChineseTextConverterService sendFileTypes=[] pasteboardTypes=public.rtf,NeXT Rich Text Format v1.0 pasteboard type,public.utf8-plain-text,NSStringPboardType,public.utf16-external-plain-text,CorePasteboardFlavorType 0x75743136 main=true
2026-10-05T06:27:07Z NSPerformService returned true changeCount 1->2
2026-10-05T06:27:51Z service payload declared=public.rtf|public.utf8-plain-text written=public.rtf|NeXT Rich Text Format v1.0 pasteboard type|public.utf8-plain-text|NSStringPboardType|public.utf16-external-plain-text|CorePasteboardFlavorType 0x75743136 stringBytes=22 utf8Bytes=10 readback=RightClick
2026-10-05T06:27:51Z NSPerformService name=Convert Text to Full Width provider=com.apple.ChineseTextConverterService sendFileTypes=[] pasteboardTypes=public.rtf,NeXT Rich Text Format v1.0 pasteboard type,public.utf8-plain-text,NSStringPboardType,public.utf16-external-plain-text,CorePasteboardFlavorType 0x75743136 main=true
2026-10-05T06:27:51Z NSPerformService returned true changeCount 1->2
2026-10-05T06:32:40Z service payload declared=NSStringPboardType|public.plain-text written=public.utf8-plain-text|NSStringPboardType|public.plain-text stringBytes=86 utf8Bytes=42 readback=RIGHTCLICK v0.1 BBEdit regression 20261005
2026-10-05T06:32:40Z NSPerformService name=BBEdit/New BBEdit Document with Selection provider=com.barebones.bbedit sendFileTypes=[] pasteboardTypes=public.utf8-plain-text,NSStringPboardType,public.plain-text main=true
2026-10-05T06:32:41Z service pasteboard retained after NSPerformService returned without a pasteboard result
2026-10-05T06:32:51Z NSPerformService returned true changeCount 1->1
2026-10-05T06:38:52Z service payload declared=public.rtf|public.utf8-plain-text written=public.rtf|NeXT Rich Text Format v1.0 pasteboard type|public.utf8-plain-text|NSStringPboardType|public.utf16-external-plain-text|CorePasteboardFlavorType 0x75743136 stringBytes=22 utf8Bytes=10 readback=RightClick
2026-10-05T06:38:52Z NSPerformService name=Convert Text to Full Width provider=com.apple.ChineseTextConverterService sendFileTypes=[] pasteboardTypes=public.rtf,NeXT Rich Text Format v1.0 pasteboard type,public.utf8-plain-text,NSStringPboardType,public.utf16-external-plain-text,CorePasteboardFlavorType 0x75743136 main=true
2026-10-05T06:38:52Z NSPerformService returned true changeCount 1->2
2026-10-05T06:41:45Z service payload declared=public.rtf|public.utf8-plain-text written=public.rtf|NeXT Rich Text Format v1.0 pasteboard type|public.utf8-plain-text|NSStringPboardType|public.utf16-external-plain-text|CorePasteboardFlavorType 0x75743136 stringBytes=22 utf8Bytes=10 readback=RightClick
2026-10-05T06:41:45Z NSPerformService name=Convert Text to Full Width provider=com.apple.ChineseTextConverterService sendFileTypes=[] pasteboardTypes=public.rtf,NeXT Rich Text Format v1.0 pasteboard type,public.utf8-plain-text,NSStringPboardType,public.utf16-external-plain-text,CorePasteboardFlavorType 0x75743136 main=true
2026-10-05T06:41:45Z NSPerformService returned true changeCount 1->2
2026-10-05T06:42:04Z service payload declared=public.rtf|public.utf8-plain-text written=public.rtf|NeXT Rich Text Format v1.0 pasteboard type|public.utf8-plain-text|NSStringPboardType|public.utf16-external-plain-text|CorePasteboardFlavorType 0x75743136 stringBytes=22 utf8Bytes=10 readback=RightClick
2026-10-05T06:42:04Z NSPerformService name=Convert Text to Full Width provider=com.apple.ChineseTextConverterService sendFileTypes=[] pasteboardTypes=public.rtf,NeXT Rich Text Format v1.0 pasteboard type,public.utf8-plain-text,NSStringPboardType,public.utf16-external-plain-text,CorePasteboardFlavorType 0x75743136 main=true
2026-10-05T06:42:04Z NSPerformService returned true changeCount 1->2
2026-10-05T06:42:15Z service payload declared=public.rtf|public.utf8-plain-text written=public.rtf|NeXT Rich Text Format v1.0 pasteboard type|public.utf8-plain-text|NSStringPboardType|public.utf16-external-plain-text|CorePasteboardFlavorType 0x75743136 stringBytes=22 utf8Bytes=10 readback=RightClick
2026-10-05T06:42:15Z NSPerformService name=Convert Text to Full Width provider=com.apple.ChineseTextConverterService sendFileTypes=[] pasteboardTypes=public.rtf,NeXT Rich Text Format v1.0 pasteboard type,public.utf8-plain-text,NSStringPboardType,public.utf16-external-plain-text,CorePasteboardFlavorType 0x75743136 main=true
2026-10-05T06:42:15Z NSPerformService returned true changeCount 1->2
2026-10-05T06:49:56Z service payload declared=public.rtf|public.utf8-plain-text written=public.rtf|NeXT Rich Text Format v1.0 pasteboard type|public.utf8-plain-text|NSStringPboardType|public.utf16-external-plain-text|CorePasteboardFlavorType 0x75743136 stringBytes=22 utf8Bytes=10 readback=RightClick
2026-10-05T06:49:56Z NSPerformService name=Convert Text to Full Width provider=com.apple.ChineseTextConverterService sendFileTypes=[] pasteboardTypes=public.rtf,NeXT Rich Text Format v1.0 pasteboard type,public.utf8-plain-text,NSStringPboardType,public.utf16-external-plain-text,CorePasteboardFlavorType 0x75743136 main=true
2026-10-05T06:49:56Z NSPerformService returned true changeCount 1->2
2026-10-05T06:50:01Z service payload declared=public.rtf|public.utf8-plain-text written=public.rtf|NeXT Rich Text Format v1.0 pasteboard type|public.utf8-plain-text|NSStringPboardType|public.utf16-external-plain-text|CorePasteboardFlavorType 0x75743136 stringBytes=22 utf8Bytes=10 readback=RightClick
2026-10-05T06:50:01Z NSPerformService name=Convert Text to Full Width provider=com.apple.ChineseTextConverterService sendFileTypes=[] pasteboardTypes=public.rtf,NeXT Rich Text Format v1.0 pasteboard type,public.utf8-plain-text,NSStringPboardType,public.utf16-external-plain-text,CorePasteboardFlavorType 0x75743136 main=true
2026-10-05T06:50:01Z NSPerformService returned true changeCount 1->2
2026-10-05T07:06:39Z service payload declared=public.rtf|public.utf8-plain-text written=public.rtf|NeXT Rich Text Format v1.0 pasteboard type|public.utf8-plain-text|NSStringPboardType|public.utf16-external-plain-text|CorePasteboardFlavorType 0x75743136 stringBytes=22 utf8Bytes=10 readback=RightClick
2026-10-05T07:06:39Z NSPerformService name=Convert Text to Full Width provider=com.apple.ChineseTextConverterService sendFileTypes=[] pasteboardTypes=public.rtf,NeXT Rich Text Format v1.0 pasteboard type,public.utf8-plain-text,NSStringPboardType,public.utf16-external-plain-text,CorePasteboardFlavorType 0x75743136 main=true
2026-10-05T07:06:39Z NSPerformService returned true changeCount 1->2
2026-10-05T07:07:30Z service payload declared=public.rtf|public.utf8-plain-text written=public.rtf|NeXT Rich Text Format v1.0 pasteboard type|public.utf8-plain-text|NSStringPboardType|public.utf16-external-plain-text|CorePasteboardFlavorType 0x75743136 stringBytes=22 utf8Bytes=10 readback=RightClick
2026-10-05T07:07:30Z NSPerformService name=Convert Text to Full Width provider=com.apple.ChineseTextConverterService sendFileTypes=[] pasteboardTypes=public.rtf,NeXT Rich Text Format v1.0 pasteboard type,public.utf8-plain-text,NSStringPboardType,public.utf16-external-plain-text,CorePasteboardFlavorType 0x75743136 main=true
2026-10-05T07:07:30Z NSPerformService returned true changeCount 1->2
2026-10-05T07:07:35Z service payload declared=public.rtf|public.utf8-plain-text written=public.rtf|NeXT Rich Text Format v1.0 pasteboard type|public.utf8-plain-text|NSStringPboardType|public.utf16-external-plain-text|CorePasteboardFlavorType 0x75743136 stringBytes=22 utf8Bytes=10 readback=RightClick
2026-10-05T07:07:35Z NSPerformService name=Convert Text to Full Width provider=com.apple.ChineseTextConverterService sendFileTypes=[] pasteboardTypes=public.rtf,NeXT Rich Text Format v1.0 pasteboard type,public.utf8-plain-text,NSStringPboardType,public.utf16-external-plain-text,CorePasteboardFlavorType 0x75743136 main=true
2026-10-05T07:07:35Z NSPerformService returned true changeCount 1->2
2026-10-05T07:13:52Z service payload declared=NSStringPboardType|public.plain-text written=public.utf8-plain-text|NSStringPboardType|public.plain-text stringBytes=96 utf8Bytes=47 readback=RIGHTCLICK v0.1 installed BBEdit proof 20261005
2026-10-05T07:13:52Z NSPerformService name=BBEdit/New BBEdit Document with Selection provider=com.barebones.bbedit sendFileTypes=[] pasteboardTypes=public.utf8-plain-text,NSStringPboardType,public.plain-text main=true
2026-10-05T07:13:52Z service pasteboard retained after NSPerformService returned without a pasteboard result
2026-10-05T07:14:02Z NSPerformService returned true changeCount 1->1
2026-10-05T08:37:28Z service payload declared=public.rtf|public.utf8-plain-text written=public.rtf|NeXT Rich Text Format v1.0 pasteboard type|public.utf8-plain-text|NSStringPboardType|public.utf16-external-plain-text|CorePasteboardFlavorType 0x75743136 stringBytes=22 utf8Bytes=10 readback=RightClick
2026-10-05T08:37:28Z NSPerformService name=Convert Text to Full Width provider=com.apple.ChineseTextConverterService sendFileTypes=[] pasteboardTypes=public.rtf,NeXT Rich Text Format v1.0 pasteboard type,public.utf8-plain-text,NSStringPboardType,public.utf16-external-plain-text,CorePasteboardFlavorType 0x75743136 main=true
2026-10-05T08:37:28Z NSPerformService returned true changeCount 1->2
2026-10-05T08:51:31Z service payload declared=public.rtf|public.utf8-plain-text written=public.rtf|NeXT Rich Text Format v1.0 pasteboard type|public.utf8-plain-text|NSStringPboardType|public.utf16-external-plain-text|CorePasteboardFlavorType 0x75743136 stringBytes=22 utf8Bytes=10 readback=RightClick
2026-10-05T08:51:31Z NSPerformService name=Convert Text to Full Width provider=com.apple.ChineseTextConverterService sendFileTypes=[] pasteboardTypes=public.rtf,NeXT Rich Text Format v1.0 pasteboard type,public.utf8-plain-text,NSStringPboardType,public.utf16-external-plain-text,CorePasteboardFlavorType 0x75743136 main=true
2026-10-05T08:51:31Z NSPerformService returned true changeCount 1->2
