warning: '--skip-update' option is deprecated and will be removed in a future release
[1/1] Compiling plugin SwiftProtobufPlugin
[2/2] Compiling plugin GRPCSwiftPlugin
Building for debugging...
[2/13] Write sources
[3/13] Write swift-version--58304C5D6DBC2206.txt
[5/7] Emitting module RightClickCoreTests
[6/7] Compiling RightClickCoreTests RCIRProductionDispatchTests.swift
[6/8] Write Objects.LinkFileList
[7/8] Linking rightclick-mcpPackageTests
Build complete! (7.20s)
Test Suite 'Selected tests' started at 2026-10-07 15:20:11.735.
Test Suite 'rightclick-mcpPackageTests.xctest' started at 2026-10-07 15:20:11.737.
Test Suite 'RCIRProductionDispatchTests' started at 2026-10-07 15:20:11.737.
Test Case '-[RightClickCoreTests.RCIRProductionDispatchTests testCompetingConsumersStartAtMostOneRealRequest]' started.
Test Case '-[RightClickCoreTests.RCIRProductionDispatchTests testCompetingConsumersStartAtMostOneRealRequest]' passed (0.443 seconds).
Test Suite 'RCIRProductionDispatchTests' passed at 2026-10-07 15:20:12.181.
	 Executed 1 test, with 0 failures (0 unexpected) in 0.443 (0.444) seconds
Test Suite 'rightclick-mcpPackageTests.xctest' passed at 2026-10-07 15:20:12.181.
	 Executed 1 test, with 0 failures (0 unexpected) in 0.443 (0.444) seconds
Test Suite 'Selected tests' passed at 2026-10-07 15:20:12.181.
	 Executed 1 test, with 0 failures (0 unexpected) in 0.443 (0.446) seconds
◇ Test run started.
↳ Testing Library Version: 1902
↳ Target Platform: arm64e-apple-macos14.0
✔ Test run with 0 tests in 0 suites passed after 0.002 seconds.
