Building for debugging...
[0/7] /private/var/folders/tz/y04t4d0900xdbmz96jp608180000gn/T/rightclick-interfaces.jhIr33m1/.build/arm64-apple-macosx/debug/RightClickInterfaceValidationPackageTests.derived/runner.swift
[1/7] Write sources
[4/7] Write swift-version--58304C5D6DBC2206.txt
error: emit-module command failed with exit code 1 (use -v to see invocation)
[6/27] Emitting module RightClickCore
/private/var/folders/tz/y04t4d0900xdbmz96jp608180000gn/T/rightclick-interfaces.jhIr33m1/Sources/RightClickCore/CapabilityArtifactSnapshot.swift:7:8: error: no such module 'RightClickHostFiles'
  5 | #endif
  6 | import Foundation
  7 | import RightClickHostFiles
    |        `- error: no such module 'RightClickHostFiles'
  8 | 
  9 | /// Captures authorized local bytes once and holds a private, read-only launch
[7/27] Compiling RightClickCore A2AReflector.swift
/private/var/folders/tz/y04t4d0900xdbmz96jp608180000gn/T/rightclick-interfaces.jhIr33m1/Sources/RightClickCore/CapabilityArtifactSnapshot.swift:7:8: error: no such module 'RightClickHostFiles'
  5 | #endif
  6 | import Foundation
  7 | import RightClickHostFiles
    |        `- error: no such module 'RightClickHostFiles'
  8 | 
  9 | /// Captures authorized local bytes once and holds a private, read-only launch
[8/27] Compiling RightClickCore ARDRegistrySource.swift
/private/var/folders/tz/y04t4d0900xdbmz96jp608180000gn/T/rightclick-interfaces.jhIr33m1/Sources/RightClickCore/CapabilityArtifactSnapshot.swift:7:8: error: no such module 'RightClickHostFiles'
  5 | #endif
  6 | import Foundation
  7 | import RightClickHostFiles
    |        `- error: no such module 'RightClickHostFiles'
  8 | 
  9 | /// Captures authorized local bytes once and holds a private, read-only launch
[9/27] Compiling RightClickCore ActionExtensionCatalog.swift
/private/var/folders/tz/y04t4d0900xdbmz96jp608180000gn/T/rightclick-interfaces.jhIr33m1/Sources/RightClickCore/CapabilityArtifactSnapshot.swift:7:8: error: no such module 'RightClickHostFiles'
  5 | #endif
  6 | import Foundation
  7 | import RightClickHostFiles
    |        `- error: no such module 'RightClickHostFiles'
  8 | 
  9 | /// Captures authorized local bytes once and holds a private, read-only launch
[10/27] Compiling RightClickCore BonjourGRPCSource.swift
/private/var/folders/tz/y04t4d0900xdbmz96jp608180000gn/T/rightclick-interfaces.jhIr33m1/Sources/RightClickCore/CapabilityArtifactSnapshot.swift:7:8: error: no such module 'RightClickHostFiles'
  5 | #endif
  6 | import Foundation
  7 | import RightClickHostFiles
    |        `- error: no such module 'RightClickHostFiles'
  8 | 
  9 | /// Captures authorized local bytes once and holds a private, read-only launch
[11/27] Compiling RightClickCore BonjourGraphQLSource.swift
/private/var/folders/tz/y04t4d0900xdbmz96jp608180000gn/T/rightclick-interfaces.jhIr33m1/Sources/RightClickCore/CapabilityArtifactSnapshot.swift:7:8: error: no such module 'RightClickHostFiles'
  5 | #endif
  6 | import Foundation
  7 | import RightClickHostFiles
    |        `- error: no such module 'RightClickHostFiles'
  8 | 
  9 | /// Captures authorized local bytes once and holds a private, read-only launch
[12/27] Compiling RightClickCore BonjourOpenAPISource.swift
/private/var/folders/tz/y04t4d0900xdbmz96jp608180000gn/T/rightclick-interfaces.jhIr33m1/Sources/RightClickCore/CapabilityArtifactSnapshot.swift:7:8: error: no such module 'RightClickHostFiles'
  5 | #endif
  6 | import Foundation
  7 | import RightClickHostFiles
    |        `- error: no such module 'RightClickHostFiles'
  8 | 
  9 | /// Captures authorized local bytes once and holds a private, read-only launch
[13/27] Compiling RightClickCore BoundedCapabilityProcess.swift
/private/var/folders/tz/y04t4d0900xdbmz96jp608180000gn/T/rightclick-interfaces.jhIr33m1/Sources/RightClickCore/CapabilityArtifactSnapshot.swift:7:8: error: no such module 'RightClickHostFiles'
  5 | #endif
  6 | import Foundation
  7 | import RightClickHostFiles
    |        `- error: no such module 'RightClickHostFiles'
  8 | 
  9 | /// Captures authorized local bytes once and holds a private, read-only launch
[14/27] Compiling RightClickCore BundleScan.swift
/private/var/folders/tz/y04t4d0900xdbmz96jp608180000gn/T/rightclick-interfaces.jhIr33m1/Sources/RightClickCore/CapabilityArtifactSnapshot.swift:7:8: error: no such module 'RightClickHostFiles'
  5 | #endif
  6 | import Foundation
  7 | import RightClickHostFiles
    |        `- error: no such module 'RightClickHostFiles'
  8 | 
  9 | /// Captures authorized local bytes once and holds a private, read-only launch
[15/27] Compiling RightClickCore Capability.swift
/private/var/folders/tz/y04t4d0900xdbmz96jp608180000gn/T/rightclick-interfaces.jhIr33m1/Sources/RightClickCore/CapabilityArtifactSnapshot.swift:7:8: error: no such module 'RightClickHostFiles'
  5 | #endif
  6 | import Foundation
  7 | import RightClickHostFiles
    |        `- error: no such module 'RightClickHostFiles'
  8 | 
  9 | /// Captures authorized local bytes once and holds a private, read-only launch
[16/27] Compiling RightClickCore CapabilityABI.swift
/private/var/folders/tz/y04t4d0900xdbmz96jp608180000gn/T/rightclick-interfaces.jhIr33m1/Sources/RightClickCore/CapabilityArtifactSnapshot.swift:7:8: error: no such module 'RightClickHostFiles'
  5 | #endif
  6 | import Foundation
  7 | import RightClickHostFiles
    |        `- error: no such module 'RightClickHostFiles'
  8 | 
  9 | /// Captures authorized local bytes once and holds a private, read-only launch
[17/27] Compiling RightClickCore CapabilityABIAdapter.swift
/private/var/folders/tz/y04t4d0900xdbmz96jp608180000gn/T/rightclick-interfaces.jhIr33m1/Sources/RightClickCore/CapabilityArtifactSnapshot.swift:7:8: error: no such module 'RightClickHostFiles'
  5 | #endif
  6 | import Foundation
  7 | import RightClickHostFiles
    |        `- error: no such module 'RightClickHostFiles'
  8 | 
  9 | /// Captures authorized local bytes once and holds a private, read-only launch
[18/27] Compiling RightClickCore CapabilityArtifactResolver.swift
/private/var/folders/tz/y04t4d0900xdbmz96jp608180000gn/T/rightclick-interfaces.jhIr33m1/Sources/RightClickCore/CapabilityArtifactSnapshot.swift:7:8: error: no such module 'RightClickHostFiles'
  5 | #endif
  6 | import Foundation
  7 | import RightClickHostFiles
    |        `- error: no such module 'RightClickHostFiles'
  8 | 
  9 | /// Captures authorized local bytes once and holds a private, read-only launch
[19/27] Compiling RightClickCore CapabilityArtifactSnapshot.swift
/private/var/folders/tz/y04t4d0900xdbmz96jp608180000gn/T/rightclick-interfaces.jhIr33m1/Sources/RightClickCore/CapabilityArtifactSnapshot.swift:7:8: error: no such module 'RightClickHostFiles'
  5 | #endif
  6 | import Foundation
  7 | import RightClickHostFiles
    |        `- error: no such module 'RightClickHostFiles'
  8 | 
  9 | /// Captures authorized local bytes once and holds a private, read-only launch
[20/27] Compiling RightClickCore CapabilityEngine.swift
/private/var/folders/tz/y04t4d0900xdbmz96jp608180000gn/T/rightclick-interfaces.jhIr33m1/Sources/RightClickCore/CapabilityArtifactSnapshot.swift:7:8: error: no such module 'RightClickHostFiles'
  5 | #endif
  6 | import Foundation
  7 | import RightClickHostFiles
    |        `- error: no such module 'RightClickHostFiles'
  8 | 
  9 | /// Captures authorized local bytes once and holds a private, read-only launch
[21/27] Compiling RightClickCore CapabilityExperience.swift
/private/var/folders/tz/y04t4d0900xdbmz96jp608180000gn/T/rightclick-interfaces.jhIr33m1/Sources/RightClickCore/CapabilityArtifactSnapshot.swift:7:8: error: no such module 'RightClickHostFiles'
  5 | #endif
  6 | import Foundation
  7 | import RightClickHostFiles
    |        `- error: no such module 'RightClickHostFiles'
  8 | 
  9 | /// Captures authorized local bytes once and holds a private, read-only launch
[22/27] Compiling RightClickCore CapabilityExperienceLedger.swift
/private/var/folders/tz/y04t4d0900xdbmz96jp608180000gn/T/rightclick-interfaces.jhIr33m1/Sources/RightClickCore/CapabilityArtifactSnapshot.swift:7:8: error: no such module 'RightClickHostFiles'
  5 | #endif
  6 | import Foundation
  7 | import RightClickHostFiles
    |        `- error: no such module 'RightClickHostFiles'
  8 | 
  9 | /// Captures authorized local bytes once and holds a private, read-only launch
[23/27] Compiling RightClickCore CapabilityInterface.swift
/private/var/folders/tz/y04t4d0900xdbmz96jp608180000gn/T/rightclick-interfaces.jhIr33m1/Sources/RightClickCore/CapabilityArtifactSnapshot.swift:7:8: error: no such module 'RightClickHostFiles'
  5 | #endif
  6 | import Foundation
  7 | import RightClickHostFiles
    |        `- error: no such module 'RightClickHostFiles'
  8 | 
  9 | /// Captures authorized local bytes once and holds a private, read-only launch
[24/27] Compiling RightClickCore CapabilityProtectedReference.swift
/private/var/folders/tz/y04t4d0900xdbmz96jp608180000gn/T/rightclick-interfaces.jhIr33m1/Sources/RightClickCore/CapabilityArtifactSnapshot.swift:7:8: error: no such module 'RightClickHostFiles'
  5 | #endif
  6 | import Foundation
  7 | import RightClickHostFiles
    |        `- error: no such module 'RightClickHostFiles'
  8 | 
  9 | /// Captures authorized local bytes once and holds a private, read-only launch
[25/27] Compiling RightClickCore CapabilityReflector.swift
/private/var/folders/tz/y04t4d0900xdbmz96jp608180000gn/T/rightclick-interfaces.jhIr33m1/Sources/RightClickCore/CapabilityArtifactSnapshot.swift:7:8: error: no such module 'RightClickHostFiles'
  5 | #endif
  6 | import Foundation
  7 | import RightClickHostFiles
    |        `- error: no such module 'RightClickHostFiles'
  8 | 
  9 | /// Captures authorized local bytes once and holds a private, read-only launch
[26/63] Compiling RightClickCore OutcomeVerifier.swift
/private/var/folders/tz/y04t4d0900xdbmz96jp608180000gn/T/rightclick-interfaces.jhIr33m1/Sources/RightClickCore/CapabilityArtifactSnapshot.swift:7:8: error: no such module 'RightClickHostFiles'
  5 | #endif
  6 | import Foundation
  7 | import RightClickHostFiles
    |        `- error: no such module 'RightClickHostFiles'
  8 | 
  9 | /// Captures authorized local bytes once and holds a private, read-only launch
[27/63] Compiling RightClickCore ProductSurface.swift
/private/var/folders/tz/y04t4d0900xdbmz96jp608180000gn/T/rightclick-interfaces.jhIr33m1/Sources/RightClickCore/CapabilityArtifactSnapshot.swift:7:8: error: no such module 'RightClickHostFiles'
  5 | #endif
  6 | import Foundation
  7 | import RightClickHostFiles
    |        `- error: no such module 'RightClickHostFiles'
  8 | 
  9 | /// Captures authorized local bytes once and holds a private, read-only launch
[28/63] Compiling RightClickCore RCIR.swift
/private/var/folders/tz/y04t4d0900xdbmz96jp608180000gn/T/rightclick-interfaces.jhIr33m1/Sources/RightClickCore/CapabilityArtifactSnapshot.swift:7:8: error: no such module 'RightClickHostFiles'
  5 | #endif
  6 | import Foundation
  7 | import RightClickHostFiles
    |        `- error: no such module 'RightClickHostFiles'
  8 | 
  9 | /// Captures authorized local bytes once and holds a private, read-only launch
[29/63] Compiling RightClickCore RCIRAuthority.swift
/private/var/folders/tz/y04t4d0900xdbmz96jp608180000gn/T/rightclick-interfaces.jhIr33m1/Sources/RightClickCore/CapabilityArtifactSnapshot.swift:7:8: error: no such module 'RightClickHostFiles'
  5 | #endif
  6 | import Foundation
  7 | import RightClickHostFiles
    |        `- error: no such module 'RightClickHostFiles'
  8 | 
  9 | /// Captures authorized local bytes once and holds a private, read-only launch
[30/63] Compiling RightClickCore RCIRDeferredExecution.swift
/private/var/folders/tz/y04t4d0900xdbmz96jp608180000gn/T/rightclick-interfaces.jhIr33m1/Sources/RightClickCore/CapabilityArtifactSnapshot.swift:7:8: error: no such module 'RightClickHostFiles'
  5 | #endif
  6 | import Foundation
  7 | import RightClickHostFiles
    |        `- error: no such module 'RightClickHostFiles'
  8 | 
  9 | /// Captures authorized local bytes once and holds a private, read-only launch
[31/63] Compiling RightClickCore RCIRExecutionHost.swift
/private/var/folders/tz/y04t4d0900xdbmz96jp608180000gn/T/rightclick-interfaces.jhIr33m1/Sources/RightClickCore/CapabilityArtifactSnapshot.swift:7:8: error: no such module 'RightClickHostFiles'
  5 | #endif
  6 | import Foundation
  7 | import RightClickHostFiles
    |        `- error: no such module 'RightClickHostFiles'
  8 | 
  9 | /// Captures authorized local bytes once and holds a private, read-only launch
[32/63] Compiling RightClickCore RCIRHTTPObservation.swift
/private/var/folders/tz/y04t4d0900xdbmz96jp608180000gn/T/rightclick-interfaces.jhIr33m1/Sources/RightClickCore/CapabilityArtifactSnapshot.swift:7:8: error: no such module 'RightClickHostFiles'
  5 | #endif
  6 | import Foundation
  7 | import RightClickHostFiles
    |        `- error: no such module 'RightClickHostFiles'
  8 | 
  9 | /// Captures authorized local bytes once and holds a private, read-only launch
[33/63] Compiling RightClickCore RCIRHostObservation.swift
/private/var/folders/tz/y04t4d0900xdbmz96jp608180000gn/T/rightclick-interfaces.jhIr33m1/Sources/RightClickCore/CapabilityArtifactSnapshot.swift:7:8: error: no such module 'RightClickHostFiles'
  5 | #endif
  6 | import Foundation
  7 | import RightClickHostFiles
    |        `- error: no such module 'RightClickHostFiles'
  8 | 
  9 | /// Captures authorized local bytes once and holds a private, read-only launch
[34/63] Compiling RightClickCore RCIRSignedReceipt.swift
/private/var/folders/tz/y04t4d0900xdbmz96jp608180000gn/T/rightclick-interfaces.jhIr33m1/Sources/RightClickCore/CapabilityArtifactSnapshot.swift:7:8: error: no such module 'RightClickHostFiles'
  5 | #endif
  6 | import Foundation
  7 | import RightClickHostFiles
    |        `- error: no such module 'RightClickHostFiles'
  8 | 
  9 | /// Captures authorized local bytes once and holds a private, read-only launch
[35/63] Compiling RightClickCore RCIRUnaryInvocation.swift
/private/var/folders/tz/y04t4d0900xdbmz96jp608180000gn/T/rightclick-interfaces.jhIr33m1/Sources/RightClickCore/CapabilityArtifactSnapshot.swift:7:8: error: no such module 'RightClickHostFiles'
  5 | #endif
  6 | import Foundation
  7 | import RightClickHostFiles
    |        `- error: no such module 'RightClickHostFiles'
  8 | 
  9 | /// Captures authorized local bytes once and holds a private, read-only launch
[36/63] Compiling RightClickCore RuntimePlatform.swift
/private/var/folders/tz/y04t4d0900xdbmz96jp608180000gn/T/rightclick-interfaces.jhIr33m1/Sources/RightClickCore/CapabilityArtifactSnapshot.swift:7:8: error: no such module 'RightClickHostFiles'
  5 | #endif
  6 | import Foundation
  7 | import RightClickHostFiles
    |        `- error: no such module 'RightClickHostFiles'
  8 | 
  9 | /// Captures authorized local bytes once and holds a private, read-only launch
[37/63] Compiling RightClickCore SafetyPolicy.swift
/private/var/folders/tz/y04t4d0900xdbmz96jp608180000gn/T/rightclick-interfaces.jhIr33m1/Sources/RightClickCore/CapabilityArtifactSnapshot.swift:7:8: error: no such module 'RightClickHostFiles'
  5 | #endif
  6 | import Foundation
  7 | import RightClickHostFiles
    |        `- error: no such module 'RightClickHostFiles'
  8 | 
  9 | /// Captures authorized local bytes once and holds a private, read-only launch
[38/63] Compiling RightClickCore ServiceCatalog.swift
/private/var/folders/tz/y04t4d0900xdbmz96jp608180000gn/T/rightclick-interfaces.jhIr33m1/Sources/RightClickCore/CapabilityArtifactSnapshot.swift:7:8: error: no such module 'RightClickHostFiles'
  5 | #endif
  6 | import Foundation
  7 | import RightClickHostFiles
    |        `- error: no such module 'RightClickHostFiles'
  8 | 
  9 | /// Captures authorized local bytes once and holds a private, read-only launch
[39/63] Compiling RightClickCore ServiceContext.swift
/private/var/folders/tz/y04t4d0900xdbmz96jp608180000gn/T/rightclick-interfaces.jhIr33m1/Sources/RightClickCore/CapabilityArtifactSnapshot.swift:7:8: error: no such module 'RightClickHostFiles'
  5 | #endif
  6 | import Foundation
  7 | import RightClickHostFiles
    |        `- error: no such module 'RightClickHostFiles'
  8 | 
  9 | /// Captures authorized local bytes once and holds a private, read-only launch
[40/63] Compiling RightClickCore ServiceOutcome.swift
/private/var/folders/tz/y04t4d0900xdbmz96jp608180000gn/T/rightclick-interfaces.jhIr33m1/Sources/RightClickCore/CapabilityArtifactSnapshot.swift:7:8: error: no such module 'RightClickHostFiles'
  5 | #endif
  6 | import Foundation
  7 | import RightClickHostFiles
    |        `- error: no such module 'RightClickHostFiles'
  8 | 
  9 | /// Captures authorized local bytes once and holds a private, read-only launch
[41/63] Compiling RightClickCore SharingCatalog.swift
/private/var/folders/tz/y04t4d0900xdbmz96jp608180000gn/T/rightclick-interfaces.jhIr33m1/Sources/RightClickCore/CapabilityArtifactSnapshot.swift:7:8: error: no such module 'RightClickHostFiles'
  5 | #endif
  6 | import Foundation
  7 | import RightClickHostFiles
    |        `- error: no such module 'RightClickHostFiles'
  8 | 
  9 | /// Captures authorized local bytes once and holds a private, read-only launch
[42/63] Compiling RightClickCore SharingExecutionModel.swift
/private/var/folders/tz/y04t4d0900xdbmz96jp608180000gn/T/rightclick-interfaces.jhIr33m1/Sources/RightClickCore/CapabilityArtifactSnapshot.swift:7:8: error: no such module 'RightClickHostFiles'
  5 | #endif
  6 | import Foundation
  7 | import RightClickHostFiles
    |        `- error: no such module 'RightClickHostFiles'
  8 | 
  9 | /// Captures authorized local bytes once and holds a private, read-only launch
[43/63] Compiling RightClickCore WASMCapabilityArtifactResolver.swift
/private/var/folders/tz/y04t4d0900xdbmz96jp608180000gn/T/rightclick-interfaces.jhIr33m1/Sources/RightClickCore/CapabilityArtifactSnapshot.swift:7:8: error: no such module 'RightClickHostFiles'
  5 | #endif
  6 | import Foundation
  7 | import RightClickHostFiles
    |        `- error: no such module 'RightClickHostFiles'
  8 | 
  9 | /// Captures authorized local bytes once and holds a private, read-only launch
[44/63] Compiling RightClickCore CapabilityReflectorSource.swift
/private/var/folders/tz/y04t4d0900xdbmz96jp608180000gn/T/rightclick-interfaces.jhIr33m1/Sources/RightClickCore/CapabilityArtifactSnapshot.swift:7:8: error: no such module 'RightClickHostFiles'
  5 | #endif
  6 | import Foundation
  7 | import RightClickHostFiles
    |        `- error: no such module 'RightClickHostFiles'
  8 | 
  9 | /// Captures authorized local bytes once and holds a private, read-only launch
[45/63] Compiling RightClickCore CapabilityRuntimeDefaults.swift
/private/var/folders/tz/y04t4d0900xdbmz96jp608180000gn/T/rightclick-interfaces.jhIr33m1/Sources/RightClickCore/CapabilityArtifactSnapshot.swift:7:8: error: no such module 'RightClickHostFiles'
  5 | #endif
  6 | import Foundation
  7 | import RightClickHostFiles
    |        `- error: no such module 'RightClickHostFiles'
  8 | 
  9 | /// Captures authorized local bytes once and holds a private, read-only launch
[46/63] Compiling RightClickCore CapabilitySensitiveMaterial.swift
/private/var/folders/tz/y04t4d0900xdbmz96jp608180000gn/T/rightclick-interfaces.jhIr33m1/Sources/RightClickCore/CapabilityArtifactSnapshot.swift:7:8: error: no such module 'RightClickHostFiles'
  5 | #endif
  6 | import Foundation
  7 | import RightClickHostFiles
    |        `- error: no such module 'RightClickHostFiles'
  8 | 
  9 | /// Captures authorized local bytes once and holds a private, read-only launch
[47/63] Compiling RightClickCore CapabilitySnapshotFreshness.swift
/private/var/folders/tz/y04t4d0900xdbmz96jp608180000gn/T/rightclick-interfaces.jhIr33m1/Sources/RightClickCore/CapabilityArtifactSnapshot.swift:7:8: error: no such module 'RightClickHostFiles'
  5 | #endif
  6 | import Foundation
  7 | import RightClickHostFiles
    |        `- error: no such module 'RightClickHostFiles'
  8 | 
  9 | /// Captures authorized local bytes once and holds a private, read-only launch
[48/63] Compiling RightClickCore ConfiguredOpenAPISource.swift
/private/var/folders/tz/y04t4d0900xdbmz96jp608180000gn/T/rightclick-interfaces.jhIr33m1/Sources/RightClickCore/CapabilityArtifactSnapshot.swift:7:8: error: no such module 'RightClickHostFiles'
  5 | #endif
  6 | import Foundation
  7 | import RightClickHostFiles
    |        `- error: no such module 'RightClickHostFiles'
  8 | 
  9 | /// Captures authorized local bytes once and holds a private, read-only launch
[49/63] Compiling RightClickCore ContentItem.swift
/private/var/folders/tz/y04t4d0900xdbmz96jp608180000gn/T/rightclick-interfaces.jhIr33m1/Sources/RightClickCore/CapabilityArtifactSnapshot.swift:7:8: error: no such module 'RightClickHostFiles'
  5 | #endif
  6 | import Foundation
  7 | import RightClickHostFiles
    |        `- error: no such module 'RightClickHostFiles'
  8 | 
  9 | /// Captures authorized local bytes once and holds a private, read-only launch
[50/63] Compiling RightClickCore GRPCReflectionTransport.swift
/private/var/folders/tz/y04t4d0900xdbmz96jp608180000gn/T/rightclick-interfaces.jhIr33m1/Sources/RightClickCore/CapabilityArtifactSnapshot.swift:7:8: error: no such module 'RightClickHostFiles'
  5 | #endif
  6 | import Foundation
  7 | import RightClickHostFiles
    |        `- error: no such module 'RightClickHostFiles'
  8 | 
  9 | /// Captures authorized local bytes once and holds a private, read-only launch
[51/63] Compiling RightClickCore GRPCReflector.swift
/private/var/folders/tz/y04t4d0900xdbmz96jp608180000gn/T/rightclick-interfaces.jhIr33m1/Sources/RightClickCore/CapabilityArtifactSnapshot.swift:7:8: error: no such module 'RightClickHostFiles'
  5 | #endif
  6 | import Foundation
  7 | import RightClickHostFiles
    |        `- error: no such module 'RightClickHostFiles'
  8 | 
  9 | /// Captures authorized local bytes once and holds a private, read-only launch
[52/63] Compiling RightClickCore GRPCWireCodec.swift
/private/var/folders/tz/y04t4d0900xdbmz96jp608180000gn/T/rightclick-interfaces.jhIr33m1/Sources/RightClickCore/CapabilityArtifactSnapshot.swift:7:8: error: no such module 'RightClickHostFiles'
  5 | #endif
  6 | import Foundation
  7 | import RightClickHostFiles
    |        `- error: no such module 'RightClickHostFiles'
  8 | 
  9 | /// Captures authorized local bytes once and holds a private, read-only launch
[53/63] Compiling RightClickCore GraphQLHTTP.swift
/private/var/folders/tz/y04t4d0900xdbmz96jp608180000gn/T/rightclick-interfaces.jhIr33m1/Sources/RightClickCore/CapabilityArtifactSnapshot.swift:7:8: error: no such module 'RightClickHostFiles'
  5 | #endif
  6 | import Foundation
  7 | import RightClickHostFiles
    |        `- error: no such module 'RightClickHostFiles'
  8 | 
  9 | /// Captures authorized local bytes once and holds a private, read-only launch
[54/63] Compiling RightClickCore GraphQLReflector.swift
/private/var/folders/tz/y04t4d0900xdbmz96jp608180000gn/T/rightclick-interfaces.jhIr33m1/Sources/RightClickCore/CapabilityArtifactSnapshot.swift:7:8: error: no such module 'RightClickHostFiles'
  5 | #endif
  6 | import Foundation
  7 | import RightClickHostFiles
    |        `- error: no such module 'RightClickHostFiles'
  8 | 
  9 | /// Captures authorized local bytes once and holds a private, read-only launch
[55/63] Compiling RightClickCore KafkaCapabilityArtifactResolver.swift
/private/var/folders/tz/y04t4d0900xdbmz96jp608180000gn/T/rightclick-interfaces.jhIr33m1/Sources/RightClickCore/CapabilityArtifactSnapshot.swift:7:8: error: no such module 'RightClickHostFiles'
  5 | #endif
  6 | import Foundation
  7 | import RightClickHostFiles
    |        `- error: no such module 'RightClickHostFiles'
  8 | 
  9 | /// Captures authorized local bytes once and holds a private, read-only launch
[56/63] Compiling RightClickCore KubernetesCapabilityArtifactResolver.swift
/private/var/folders/tz/y04t4d0900xdbmz96jp608180000gn/T/rightclick-interfaces.jhIr33m1/Sources/RightClickCore/CapabilityArtifactSnapshot.swift:7:8: error: no such module 'RightClickHostFiles'
  5 | #endif
  6 | import Foundation
  7 | import RightClickHostFiles
    |        `- error: no such module 'RightClickHostFiles'
  8 | 
  9 | /// Captures authorized local bytes once and holds a private, read-only launch
[57/63] Compiling RightClickCore MCPCapabilityArtifactResolver.swift
/private/var/folders/tz/y04t4d0900xdbmz96jp608180000gn/T/rightclick-interfaces.jhIr33m1/Sources/RightClickCore/CapabilityArtifactSnapshot.swift:7:8: error: no such module 'RightClickHostFiles'
  5 | #endif
  6 | import Foundation
  7 | import RightClickHostFiles
    |        `- error: no such module 'RightClickHostFiles'
  8 | 
  9 | /// Captures authorized local bytes once and holds a private, read-only launch
[58/63] Compiling RightClickCore OAuthOIDCAuthority.swift
/private/var/folders/tz/y04t4d0900xdbmz96jp608180000gn/T/rightclick-interfaces.jhIr33m1/Sources/RightClickCore/CapabilityArtifactSnapshot.swift:7:8: error: no such module 'RightClickHostFiles'
  5 | #endif
  6 | import Foundation
  7 | import RightClickHostFiles
    |        `- error: no such module 'RightClickHostFiles'
  8 | 
  9 | /// Captures authorized local bytes once and holds a private, read-only launch
[59/63] Compiling RightClickCore OpenAPIAuthority.swift
/private/var/folders/tz/y04t4d0900xdbmz96jp608180000gn/T/rightclick-interfaces.jhIr33m1/Sources/RightClickCore/CapabilityArtifactSnapshot.swift:7:8: error: no such module 'RightClickHostFiles'
  5 | #endif
  6 | import Foundation
  7 | import RightClickHostFiles
    |        `- error: no such module 'RightClickHostFiles'
  8 | 
  9 | /// Captures authorized local bytes once and holds a private, read-only launch
[60/63] Compiling RightClickCore OpenAPIReflector.swift
/private/var/folders/tz/y04t4d0900xdbmz96jp608180000gn/T/rightclick-interfaces.jhIr33m1/Sources/RightClickCore/CapabilityArtifactSnapshot.swift:7:8: error: no such module 'RightClickHostFiles'
  5 | #endif
  6 | import Foundation
  7 | import RightClickHostFiles
    |        `- error: no such module 'RightClickHostFiles'
  8 | 
  9 | /// Captures authorized local bytes once and holds a private, read-only launch
[61/63] Compiling RightClickCore OriginPinnedHTTP.swift
/private/var/folders/tz/y04t4d0900xdbmz96jp608180000gn/T/rightclick-interfaces.jhIr33m1/Sources/RightClickCore/CapabilityArtifactSnapshot.swift:7:8: error: no such module 'RightClickHostFiles'
  5 | #endif
  6 | import Foundation
  7 | import RightClickHostFiles
    |        `- error: no such module 'RightClickHostFiles'
  8 | 
  9 | /// Captures authorized local bytes once and holds a private, read-only launch
error: fatalError
