warning: /Users/ross/Library/org.swift.swiftpm/configuration is not accessible or not writable, disabling user-level cache features.
warning: /Users/ross/Library/org.swift.swiftpm/security is not accessible or not writable, disabling user-level cache features.
warning: /Users/ross/Library/Caches/org.swift.swiftpm is not accessible or not writable, disabling user-level cache features.
warning: 'rightclick-wit-typed-20261007': failed storing manifest for 'rightclick-wit-typed-20261007' in cache: attempt to write a readonly database
[1/1] Compiling plugin SwiftProtobufPlugin
[2/2] Compiling plugin GRPCSwiftPlugin
Building for debugging...
[2/13] Write sources
[3/13] Write swift-version--58304C5D6DBC2206.txt
[5/7] Compiling RightClickCoreTests WITComponentContractTests.swift
[6/7] Emitting module RightClickCoreTests
[6/8] Write Objects.LinkFileList
[7/8] Linking rightclick-mcpPackageTests
Build complete! (7.61s)
Test Suite 'Selected tests' started at 2026-10-07 20:08:53.134.
Test Suite 'rightclick-mcpPackageTests.xctest' started at 2026-10-07 20:08:53.136.
Test Suite 'CapabilityIntegerRangeTests' started at 2026-10-07 20:08:53.136.
Test Case '-[RightClickCoreTests.CapabilityIntegerRangeTests testInclusiveNarrowRangeRejectsOverflowAndOtherValueKinds]' started.
Test Case '-[RightClickCoreTests.CapabilityIntegerRangeTests testInclusiveNarrowRangeRejectsOverflowAndOtherValueKinds]' passed (0.002 seconds).
Test Case '-[RightClickCoreTests.CapabilityIntegerRangeTests testRangeIsPartOfCanonicalContractAndExistingIntegerBytesRemainStable]' started.
Test Case '-[RightClickCoreTests.CapabilityIntegerRangeTests testRangeIsPartOfCanonicalContractAndExistingIntegerBytesRemainStable]' passed (0.001 seconds).
Test Suite 'CapabilityIntegerRangeTests' passed at 2026-10-07 20:08:53.139.
	 Executed 2 tests, with 0 failures (0 unexpected) in 0.003 (0.003) seconds
Test Suite 'CapabilityInterfaceTests' started at 2026-10-07 20:08:53.139.
Test Case '-[RightClickCoreTests.CapabilityInterfaceTests testBoundedExecutorAbstainsForOfflineTool]' started.
Test Case '-[RightClickCoreTests.CapabilityInterfaceTests testBoundedExecutorAbstainsForOfflineTool]' passed (0.001 seconds).
Test Case '-[RightClickCoreTests.CapabilityInterfaceTests testBoundedExecutorRejectsInvalidLimitsAndEnforcesMonotonicDeadline]' started.
Test Case '-[RightClickCoreTests.CapabilityInterfaceTests testBoundedExecutorRejectsInvalidLimitsAndEnforcesMonotonicDeadline]' passed (0.076 seconds).
Test Case '-[RightClickCoreTests.CapabilityInterfaceTests testBoundedExecutorUsesBoundedStdinWithoutShellInterpolation]' started.
Test Case '-[RightClickCoreTests.CapabilityInterfaceTests testBoundedExecutorUsesBoundedStdinWithoutShellInterpolation]' passed (0.145 seconds).
Test Case '-[RightClickCoreTests.CapabilityInterfaceTests testCompilerSelectedObserverReachesDefaultSharedHostAndCannotIgnoreCallerConstraint]' started.
Test Case '-[RightClickCoreTests.CapabilityInterfaceTests testCompilerSelectedObserverReachesDefaultSharedHostAndCannotIgnoreCallerConstraint]' passed (0.006 seconds).
Test Case '-[RightClickCoreTests.CapabilityInterfaceTests testDuplicateInterfaceNamesFailClosed]' started.
Test Case '-[RightClickCoreTests.CapabilityInterfaceTests testDuplicateInterfaceNamesFailClosed]' passed (0.000 seconds).
Test Case '-[RightClickCoreTests.CapabilityInterfaceTests testImporterPreservesTypedResultAndDoesNotCoerceLegacyStrings]' started.
Test Case '-[RightClickCoreTests.CapabilityInterfaceTests testImporterPreservesTypedResultAndDoesNotCoerceLegacyStrings]' passed (0.001 seconds).
Test Case '-[RightClickCoreTests.CapabilityInterfaceTests testImporterRejectsUnsupportedConstraintsAndOpenObjects]' started.
Test Case '-[RightClickCoreTests.CapabilityInterfaceTests testImporterRejectsUnsupportedConstraintsAndOpenObjects]' passed (0.000 seconds).
Test Case '-[RightClickCoreTests.CapabilityInterfaceTests testPreflightReturnCannotClaimConsumedLeaseOrSemanticSuccess]' started.
Test Case '-[RightClickCoreTests.CapabilityInterfaceTests testPreflightReturnCannotClaimConsumedLeaseOrSemanticSuccess]' passed (0.003 seconds).
Test Case '-[RightClickCoreTests.CapabilityInterfaceTests testPrivateSnapshotDoesNotFollowSourceReplacementAndWithdrawsStaleIdentity]' started.
Test Case '-[RightClickCoreTests.CapabilityInterfaceTests testPrivateSnapshotDoesNotFollowSourceReplacementAndWithdrawsStaleIdentity]' passed (0.020 seconds).
Test Case '-[RightClickCoreTests.CapabilityInterfaceTests testProtectedReferenceRejectsReadableAndSymlinkedCredentialFiles]' started.
Test Case '-[RightClickCoreTests.CapabilityInterfaceTests testProtectedReferenceRejectsReadableAndSymlinkedCredentialFiles]' passed (0.003 seconds).
Test Case '-[RightClickCoreTests.CapabilityInterfaceTests testRealWASMComponentWhenProvisioned]' started.
Test Case '-[RightClickCoreTests.CapabilityInterfaceTests testRealWASMComponentWhenProvisioned]' passed (3.907 seconds).
Test Case '-[RightClickCoreTests.CapabilityInterfaceTests testSharedHostPreservesAcceptedVersusVerifiedAndExactPolicyDenial]' started.
Test Case '-[RightClickCoreTests.CapabilityInterfaceTests testSharedHostPreservesAcceptedVersusVerifiedAndExactPolicyDenial]' passed (0.006 seconds).
Test Case '-[RightClickCoreTests.CapabilityInterfaceTests testTypedBridgeRejectsOutOfRangeIntegersAndDeepValues]' started.
Test Case '-[RightClickCoreTests.CapabilityInterfaceTests testTypedBridgeRejectsOutOfRangeIntegersAndDeepValues]' passed (0.001 seconds).
Test Case '-[RightClickCoreTests.CapabilityInterfaceTests testWASMSourceReplacementCannotExecuteNewBytesUnderOldCapability]' started.
Test Case '-[RightClickCoreTests.CapabilityInterfaceTests testWASMSourceReplacementCannotExecuteNewBytesUnderOldCapability]' passed (0.974 seconds).
Test Suite 'CapabilityInterfaceTests' passed at 2026-10-07 20:08:58.288.
	 Executed 14 tests, with 0 failures (0 unexpected) in 5.145 (5.149) seconds
Test Suite 'WITComponentContractTests' started at 2026-10-07 20:08:58.288.
Test Case '-[RightClickCoreTests.WITComponentContractTests testActualTypedComponentWhenProvisioned]' started.
Test Case '-[RightClickCoreTests.WITComponentContractTests testActualTypedComponentWhenProvisioned]' passed (8.931 seconds).
Test Case '-[RightClickCoreTests.WITComponentContractTests testCyclesUnknownKindsOutOfRangeReferencesAndAmbiguousFieldsFailClosed]' started.
Test Case '-[RightClickCoreTests.WITComponentContractTests testCyclesUnknownKindsOutOfRangeReferencesAndAmbiguousFieldsFailClosed]' passed (0.002 seconds).
Test Case '-[RightClickCoreTests.WITComponentContractTests testDeclaredUnitRequiresExactUnitWriterFormAndCannotBecomeNullResult]' started.
Test Case '-[RightClickCoreTests.WITComponentContractTests testDeclaredUnitRequiresExactUnitWriterFormAndCannotBecomeNullResult]' passed (0.001 seconds).
Test Case '-[RightClickCoreTests.WITComponentContractTests testDepthAndExpandedDAGRemainBoundedBeforeBuildingSchemas]' started.
Test Case '-[RightClickCoreTests.WITComponentContractTests testDepthAndExpandedDAGRemainBoundedBeforeBuildingSchemas]' passed (0.133 seconds).
Test Case '-[RightClickCoreTests.WITComponentContractTests testExactWITIntegerWidthsRejectUnrepresentableDeclarationsAndWrongValues]' started.
Test Case '-[RightClickCoreTests.WITComponentContractTests testExactWITIntegerWidthsRejectUnrepresentableDeclarationsAndWrongValues]' passed (0.009 seconds).
Test Case '-[RightClickCoreTests.WITComponentContractTests testImportsAsyncAndMalformedComponentShapeAbstain]' started.
Test Case '-[RightClickCoreTests.WITComponentContractTests testImportsAsyncAndMalformedComponentShapeAbstain]' passed (0.001 seconds).
Test Case '-[RightClickCoreTests.WITComponentContractTests testTypedRecordsListsAndBooleanDoNotCoerceOrDiscardFields]' started.
Test Case '-[RightClickCoreTests.WITComponentContractTests testTypedRecordsListsAndBooleanDoNotCoerceOrDiscardFields]' passed (0.004 seconds).
Test Case '-[RightClickCoreTests.WITComponentContractTests testWAVEStringEscapesPreserveExactUTF8IncludingNulAndUnicode]' started.
Test Case '-[RightClickCoreTests.WITComponentContractTests testWAVEStringEscapesPreserveExactUTF8IncludingNulAndUnicode]' passed (0.003 seconds).
Test Suite 'WITComponentContractTests' passed at 2026-10-07 20:09:07.373.
	 Executed 8 tests, with 0 failures (0 unexpected) in 9.084 (9.085) seconds
Test Suite 'rightclick-mcpPackageTests.xctest' passed at 2026-10-07 20:09:07.373.
	 Executed 24 tests, with 0 failures (0 unexpected) in 14.231 (14.237) seconds
Test Suite 'Selected tests' passed at 2026-10-07 20:09:07.373.
	 Executed 24 tests, with 0 failures (0 unexpected) in 14.231 (14.239) seconds
◇ Test run started.
↳ Testing Library Version: 1902
↳ Target Platform: arm64e-apple-macos14.0
✔ Test run with 0 tests in 0 suites passed after 0.001 seconds.
